../src/spi_17xx_40xx.c:57:13:writeData	8	static
../src/spi_17xx_40xx.c:49:13:executeCallback.constprop	0	static
../src/spi_17xx_40xx.c:136:6:Chip_SPI_Int_FlushData	8	static
../src/spi_17xx_40xx.c:89:10:Chip_SPI_RWFrames_Blocking	16	static
../src/spi_17xx_40xx.c:145:8:Chip_SPI_Int_RWFrames	16	static
../src/spi_17xx_40xx.c:180:8:Chip_SPI_Int_RWFrames8Bits	0	static
../src/spi_17xx_40xx.c:186:8:Chip_SPI_Int_RWFrames16Bits	0	static
../src/spi_17xx_40xx.c:192:6:Chip_SPI_SetBitRate	16	static
../src/spi_17xx_40xx.c:212:6:Chip_SPI_Init	8	static
../src/spi_17xx_40xx.c:222:6:Chip_SPI_DeInit	0	static
