Archive member included to satisfy reference by file (symbol)

/home/dlugano/UTN/TC2/TC2_2023_Lugano/TPLABs/TP2/workspace/lpc_board_nxp_lpcxpresso_1769/Debug/liblpc_board_nxp_lpcxpresso_1769.a(board.o)
                              ./src/ADCMSIS.o (Board_LED_Set)
/home/dlugano/UTN/TC2/TC2_2023_Lugano/TPLABs/TP2/workspace/lpc_board_nxp_lpcxpresso_1769/Debug/liblpc_board_nxp_lpcxpresso_1769.a(board_sysinit.o)
                              ./src/sysinit.o (Board_SystemInit)
/home/dlugano/UTN/TC2/TC2_2023_Lugano/TPLABs/TP2/workspace/lpc_chip_175x_6x/Debug/liblpc_chip_175x_6x.a(adc_17xx_40xx.o)
                              ./src/adc.o (Chip_ADC_Init)
/home/dlugano/UTN/TC2/TC2_2023_Lugano/TPLABs/TP2/workspace/lpc_chip_175x_6x/Debug/liblpc_chip_175x_6x.a(chip_17xx_40xx.o)
                              ./src/ADCMSIS.o (SystemCoreClockUpdate)
/home/dlugano/UTN/TC2/TC2_2023_Lugano/TPLABs/TP2/workspace/lpc_chip_175x_6x/Debug/liblpc_chip_175x_6x.a(clock_17xx_40xx.o)
                              /home/dlugano/UTN/TC2/TC2_2023_Lugano/TPLABs/TP2/workspace/lpc_chip_175x_6x/Debug/liblpc_chip_175x_6x.a(chip_17xx_40xx.o) (Chip_Clock_EnablePLL)
/home/dlugano/UTN/TC2/TC2_2023_Lugano/TPLABs/TP2/workspace/lpc_chip_175x_6x/Debug/liblpc_chip_175x_6x.a(dac_17xx_40xx.o)
                              ./src/dac.o (Chip_DAC_Init)
/home/dlugano/UTN/TC2/TC2_2023_Lugano/TPLABs/TP2/workspace/lpc_chip_175x_6x/Debug/liblpc_chip_175x_6x.a(i2s_17xx_40xx.o)
                              /home/dlugano/UTN/TC2/TC2_2023_Lugano/TPLABs/TP2/workspace/lpc_board_nxp_lpcxpresso_1769/Debug/liblpc_board_nxp_lpcxpresso_1769.a(board.o) (Chip_I2S_Init)
/home/dlugano/UTN/TC2/TC2_2023_Lugano/TPLABs/TP2/workspace/lpc_chip_175x_6x/Debug/liblpc_chip_175x_6x.a(iocon_17xx_40xx.o)
                              /home/dlugano/UTN/TC2/TC2_2023_Lugano/TPLABs/TP2/workspace/lpc_board_nxp_lpcxpresso_1769/Debug/liblpc_board_nxp_lpcxpresso_1769.a(board.o) (Chip_IOCON_PinMux)
/home/dlugano/UTN/TC2/TC2_2023_Lugano/TPLABs/TP2/workspace/lpc_chip_175x_6x/Debug/liblpc_chip_175x_6x.a(sysinit_17xx_40xx.o)
                              /home/dlugano/UTN/TC2/TC2_2023_Lugano/TPLABs/TP2/workspace/lpc_board_nxp_lpcxpresso_1769/Debug/liblpc_board_nxp_lpcxpresso_1769.a(board_sysinit.o) (Chip_SetupXtalClocking)
/home/dlugano/UTN/TC2/TC2_2023_Lugano/TPLABs/TP2/workspace/lpc_chip_175x_6x/Debug/liblpc_chip_175x_6x.a(uart_17xx_40xx.o)
                              /home/dlugano/UTN/TC2/TC2_2023_Lugano/TPLABs/TP2/workspace/lpc_board_nxp_lpcxpresso_1769/Debug/liblpc_board_nxp_lpcxpresso_1769.a(board.o) (Chip_UART_Init)
/home/dlugano/UTN/TC2/TC2_2023_Lugano/TPLABs/TP2/workspace/lpc_chip_175x_6x/Debug/liblpc_chip_175x_6x.a(ring_buffer.o)
                              /home/dlugano/UTN/TC2/TC2_2023_Lugano/TPLABs/TP2/workspace/lpc_chip_175x_6x/Debug/liblpc_chip_175x_6x.a(uart_17xx_40xx.o) (RingBuffer_Insert)
/home/dlugano/UTN/TC2/TC2_2023_Lugano/TPLABs/TP2/workspace/CMSIS_DSPLIB_CM3/lib/libCMSIS_DSPLIB_CM3.a(arm_float_to_q31.o)
                              ./src/ADCMSIS.o (arm_float_to_q31)
/home/dlugano/UTN/TC2/TC2_2023_Lugano/TPLABs/TP2/workspace/CMSIS_DSPLIB_CM3/lib/libCMSIS_DSPLIB_CM3.a(arm_max_f32.o)
                              ./src/ADCMSIS.o (arm_max_f32)
/home/dlugano/UTN/TC2/TC2_2023_Lugano/TPLABs/TP2/workspace/CMSIS_DSPLIB_CM3/lib/libCMSIS_DSPLIB_CM3.a(arm_biquad_cascade_df1_init_q31.o)
                              ./src/ADCMSIS.o (arm_biquad_cascade_df1_init_q31)
/home/dlugano/UTN/TC2/TC2_2023_Lugano/TPLABs/TP2/workspace/CMSIS_DSPLIB_CM3/lib/libCMSIS_DSPLIB_CM3.a(arm_biquad_cascade_df1_q31.o)
                              ./src/ADCMSIS.o (arm_biquad_cascade_df1_q31)
/home/dlugano/UTN/TC2/TC2_2023_Lugano/TPLABs/TP2/workspace/CMSIS_DSPLIB_CM3/lib/libCMSIS_DSPLIB_CM3.a(arm_fir_init_q31.o)
                              ./src/ADCMSIS.o (arm_fir_init_q31)
/home/dlugano/UTN/TC2/TC2_2023_Lugano/TPLABs/TP2/workspace/CMSIS_DSPLIB_CM3/lib/libCMSIS_DSPLIB_CM3.a(arm_fir_q31.o)
                              ./src/ADCMSIS.o (arm_fir_q31)
/home/dlugano/UTN/TC2/TC2_2023_Lugano/TPLABs/TP2/workspace/CMSIS_DSPLIB_CM3/lib/libCMSIS_DSPLIB_CM3.a(arm_scale_f32.o)
                              ./src/ADCMSIS.o (arm_scale_f32)
/usr/local/mcuxpressoide-11.7.1_9221/ide/plugins/com.nxp.mcuxpresso.tools.linux_11.7.1.202301190959/tools/bin/../lib/gcc/arm-none-eabi/10.3.1/../../../../arm-none-eabi/lib/thumb/v7-m/nofp/libcr_c.a(memcpy.o)
                              /home/dlugano/UTN/TC2/TC2_2023_Lugano/TPLABs/TP2/workspace/lpc_board_nxp_lpcxpresso_1769/Debug/liblpc_board_nxp_lpcxpresso_1769.a(board.o) (memcpy)
/usr/local/mcuxpressoide-11.7.1_9221/ide/plugins/com.nxp.mcuxpresso.tools.linux_11.7.1.202301190959/tools/bin/../lib/gcc/arm-none-eabi/10.3.1/../../../../arm-none-eabi/lib/thumb/v7-m/nofp/libcr_c.a(memset.o)
                              /home/dlugano/UTN/TC2/TC2_2023_Lugano/TPLABs/TP2/workspace/CMSIS_DSPLIB_CM3/lib/libCMSIS_DSPLIB_CM3.a(arm_biquad_cascade_df1_init_q31.o) (memset)
[...]
Memory Configuration

Name             Origin             Length             Attributes
MFlash512        0x0000000000000000 0x0000000000080000 xr
RamLoc32         0x0000000010000000 0x0000000000008000 xrw
RamAHB32         0x000000002007c000 0x0000000000008000 xrw
*default*        0x0000000000000000 0xffffffffffffffff

Linker script and memory map

LOAD ./src/ADCMSIS.o
LOAD ./src/adc.o
LOAD ./src/cr_startup_lpc175x_6x.o
LOAD ./src/crp.o
LOAD ./src/dac.o
LOAD ./src/filter.o
LOAD ./src/sysinit.o
LOAD /home/dlugano/UTN/TC2/TC2_2023_Lugano/TPLABs/TP2/workspace/lpc_board_nxp_lpcxpresso_1769/Debug/liblpc_board_nxp_lpcxpresso_1769.a
LOAD /home/dlugano/UTN/TC2/TC2_2023_Lugano/TPLABs/TP2/workspace/lpc_chip_175x_6x/Debug/liblpc_chip_175x_6x.a
LOAD /home/dlugano/UTN/TC2/TC2_2023_Lugano/TPLABs/TP2/workspace/CMSIS_DSPLIB_CM3/lib/libCMSIS_DSPLIB_CM3.a
START GROUP
LOAD /usr/local/mcuxpressoide-11.7.1_9221/ide/plugins/com.nxp.mcuxpresso.tools.linux_11.7.1.202301190959/tools/bin/../lib/gcc/arm-none-eabi/10.3.1/../../../../arm-none-eabi/lib/thumb/v7-m/nofp/libcr_c.a
LOAD /usr/local/mcuxpressoide-11.7.1_9221/ide/plugins/com.nxp.mcuxpresso.tools.linux_11.7.1.202301190959/tools/bin/../lib/gcc/arm-none-eabi/10.3.1/thumb/v7-m/nofp/libcr_eabihelpers.a
LOAD /usr/local/mcuxpressoide-11.7.1_9221/ide/plugins/com.nxp.mcuxpresso.tools.linux_11.7.1.202301190959/tools/bin/../lib/gcc/arm-none-eabi/10.3.1/thumb/v7-m/nofp/libgcc.a
END GROUP
                0x0000000000000000                __base_MFlash512 = 0x0
                0x0000000000000000                __base_Flash = 0x0
                0x0000000000080000                __top_MFlash512 = 0x80000
                0x0000000000080000                __top_Flash = 0x80000
                0x0000000010000000                __base_RamLoc32 = 0x10000000
                0x0000000010000000                __base_RAM = 0x10000000
                0x0000000010008000                __top_RamLoc32 = 0x10008000
                0x0000000010008000                __top_RAM = 0x10008000
                0x000000002007c000                __base_RamAHB32 = 0x2007c000
                0x000000002007c000                __base_RAM2 = 0x2007c000
                0x0000000020084000                __top_RamAHB32 = 0x20084000
                0x0000000020084000                __top_RAM2 = 0x20084000

.text           0x0000000000000000     0x2518
 FILL mask 0xff
                0x0000000000000000                __vectors_start__ = ABSOLUTE (.)
 *(.isr_vector)
 .isr_vector    0x0000000000000000       0xcc ./src/cr_startup_lpc175x_6x.o
                0x0000000000000000                g_pfnVectors
                0x00000000000000cc                . = ALIGN (0x4)
                0x00000000000000cc                __section_table_start = .
                0x00000000000000cc                __data_section_table = .
                0x00000000000000cc        0x4 LONG 0x2518 LOADADDR (.data)
                0x00000000000000d0        0x4 LONG 0x10000000 ADDR (.data)
                0x00000000000000d4        0x4 LONG 0xa0 SIZEOF (.data)
                0x00000000000000d8        0x4 LONG 0x2518 LOADADDR (.data_RAM2)
                0x00000000000000dc        0x4 LONG 0x2007c000 ADDR (.data_RAM2)
                0x00000000000000e0        0x4 LONG 0x0 SIZEOF (.data_RAM2)
                0x00000000000000e4                __data_section_table_end = .
                0x00000000000000e4                __bss_section_table = .
                0x00000000000000e4        0x4 LONG 0x100000a0 ADDR (.bss)
                0x00000000000000e8        0x4 LONG 0x620c SIZEOF (.bss)
                0x00000000000000ec        0x4 LONG 0x2007c000 ADDR (.bss_RAM2)
                0x00000000000000f0        0x4 LONG 0x0 SIZEOF (.bss_RAM2)
                0x00000000000000f4                __bss_section_table_end = .
                0x00000000000000f4                __section_table_end = .
 *(.after_vectors*)
 .after_vectors
                0x00000000000000f4      0x130 ./src/cr_startup_lpc175x_6x.o
                0x00000000000000f4                data_init
                0x0000000000000138                bss_init
                0x0000000000000170                ResetISR
                0x00000000000001e8                NMI_Handler
                0x00000000000001ee                HardFault_Handler
                0x00000000000001f4                MemManage_Handler
                0x00000000000001fa                BusFault_Handler
                0x0000000000000200                UsageFault_Handler
                0x0000000000000206                SVC_Handler
                0x000000000000020c                DebugMon_Handler
                0x0000000000000212                PendSV_Handler
                0x0000000000000218                SysTick_Handler
                0x000000000000021e                TIMER2_IRQHandler
                0x000000000000021e                RIT_IRQHandler
                0x000000000000021e                I2C0_IRQHandler
                0x000000000000021e                USBActivity_IRQHandler
                0x000000000000021e                PWM1_IRQHandler
                0x000000000000021e                I2C1_IRQHandler
                0x000000000000021e                EINT2_IRQHandler
                0x000000000000021e                UART1_IRQHandler
                0x000000000000021e                EINT3_IRQHandler
                0x000000000000021e                CANActivity_IRQHandler
                0x000000000000021e                TIMER3_IRQHandler
                0x000000000000021e                UART0_IRQHandler
                0x000000000000021e                IntDefaultHandler
                0x000000000000021e                PLL0_IRQHandler
                0x000000000000021e                CAN_IRQHandler
                0x000000000000021e                PLL1_IRQHandler
                0x000000000000021e                SSP0_IRQHandler
                0x000000000000021e                I2S_IRQHandler
                0x000000000000021e                I2C2_IRQHandler
                0x000000000000021e                RTC_IRQHandler
                0x000000000000021e                TIMER0_IRQHandler
                0x000000000000021e                SPI_IRQHandler
                0x000000000000021e                EINT1_IRQHandler
                0x000000000000021e                TIMER1_IRQHandler
                0x000000000000021e                UART2_IRQHandler
                0x000000000000021e                SSP1_IRQHandler
                0x000000000000021e                USB_IRQHandler
                0x000000000000021e                BOD_IRQHandler
                0x000000000000021e                WDT_IRQHandler
                0x000000000000021e                QEI_IRQHandler
                0x000000000000021e                EINT0_IRQHandler
                0x000000000000021e                ETH_IRQHandler
                0x000000000000021e                DMA_IRQHandler
                0x000000000000021e                UART3_IRQHandler
                0x000000000000021e                MCPWM_IRQHandler
                0x00000000000002fc                . = 0x2fc
 *fill*         0x0000000000000224       0xd8 ff
                0x00000000000002fc                PROVIDE (__CRP_WORD_START__ = .)
 *(.crp)
 .crp           0x00000000000002fc        0x4 ./src/crp.o
                0x00000000000002fc                CRP_WORD
                0x0000000000000300                PROVIDE (__CRP_WORD_END__ = .)
                0x0000000000000001                ASSERT (! ((__CRP_WORD_START__ == __CRP_WORD_END__)), Linker CRP Enabled, but no CRP_WORD provided within application)
 *(.text*)
 .text.main     0x0000000000000300      0x19c ./src/ADCMSIS.o
                0x0000000000000300                main
 .text.NVIC_EnableIRQ
                0x000000000000049c       0x30 ./src/adc.o
 .text.adcInit  0x00000000000004cc       0x4c ./src/adc.o
                0x00000000000004cc                adcInit
 .text.ADC_IRQHandler
                0x0000000000000518       0xd0 ./src/adc.o
                0x0000000000000518                ADC_IRQHandler
 .text.dacInit  0x00000000000005e8       0x14 ./src/dac.o
                0x00000000000005e8                dacInit
 .text.dacWrite
                0x00000000000005fc       0x1c ./src/dac.o
                0x00000000000005fc                dacWrite
 .text.SystemInit
                0x0000000000000618       0x24 ./src/sysinit.o
                0x0000000000000618                SystemInit
 .text.Chip_IOCON_Init
                0x000000000000063c       0x16 /home/dlugano/UTN/TC2/TC2_2023_Lugano/TPLABs/TP2/workspace/lpc_board_nxp_lpcxpresso_1769/Debug/liblpc_board_nxp_lpcxpresso_1769.a(board.o)
 .text.Chip_GPIO_Init
                0x0000000000000652       0x16 /home/dlugano/UTN/TC2/TC2_2023_Lugano/TPLABs/TP2/workspace/lpc_board_nxp_lpcxpresso_1769/Debug/liblpc_board_nxp_lpcxpresso_1769.a(board.o)
 .text.Chip_GPIO_SetPinState
                0x0000000000000668       0x64 /home/dlugano/UTN/TC2/TC2_2023_Lugano/TPLABs/TP2/workspace/lpc_board_nxp_lpcxpresso_1769/Debug/liblpc_board_nxp_lpcxpresso_1769.a(board.o)
 .text.Chip_GPIO_WritePortBit
                0x00000000000006cc       0x2c /home/dlugano/UTN/TC2/TC2_2023_Lugano/TPLABs/TP2/workspace/lpc_board_nxp_lpcxpresso_1769/Debug/liblpc_board_nxp_lpcxpresso_1769.a(board.o)
 .text.Chip_GPIO_SetPinDIROutput
                0x00000000000006f8       0x36 /home/dlugano/UTN/TC2/TC2_2023_Lugano/TPLABs/TP2/workspace/lpc_board_nxp_lpcxpresso_1769/Debug/liblpc_board_nxp_lpcxpresso_1769.a(board.o)
 .text.Chip_GPIO_SetPinDIRInput
                0x000000000000072e       0x3a /home/dlugano/UTN/TC2/TC2_2023_Lugano/TPLABs/TP2/workspace/lpc_board_nxp_lpcxpresso_1769/Debug/liblpc_board_nxp_lpcxpresso_1769.a(board.o)
 .text.Chip_GPIO_SetPinDIR
                0x0000000000000768       0x42 /home/dlugano/UTN/TC2/TC2_2023_Lugano/TPLABs/TP2/workspace/lpc_board_nxp_lpcxpresso_1769/Debug/liblpc_board_nxp_lpcxpresso_1769.a(board.o)
 .text.Chip_GPIO_WriteDirBit
                0x00000000000007aa       0x2e /home/dlugano/UTN/TC2/TC2_2023_Lugano/TPLABs/TP2/workspace/lpc_board_nxp_lpcxpresso_1769/Debug/liblpc_board_nxp_lpcxpresso_1769.a(board.o)
 .text.Chip_UART_ConfigData
                0x00000000000007d8       0x1a /home/dlugano/UTN/TC2/TC2_2023_Lugano/TPLABs/TP2/workspace/lpc_board_nxp_lpcxpresso_1769/Debug/liblpc_board_nxp_lpcxpresso_1769.a(board.o)
 *fill*         0x00000000000007f2        0x2 ff
 .text.Board_LED_Init
                0x00000000000007f4       0x18 /home/dlugano/UTN/TC2/TC2_2023_Lugano/TPLABs/TP2/workspace/lpc_board_nxp_lpcxpresso_1769/Debug/liblpc_board_nxp_lpcxpresso_1769.a(board.o)
 .text.Board_UART_Init
                0x000000000000080c       0x12 /home/dlugano/UTN/TC2/TC2_2023_Lugano/TPLABs/TP2/workspace/lpc_board_nxp_lpcxpresso_1769/Debug/liblpc_board_nxp_lpcxpresso_1769.a(board.o)
                0x000000000000080c                Board_UART_Init
 *fill*         0x000000000000081e        0x2 ff
 .text.Board_Debug_Init
                0x0000000000000820       0x30 /home/dlugano/UTN/TC2/TC2_2023_Lugano/TPLABs/TP2/workspace/lpc_board_nxp_lpcxpresso_1769/Debug/liblpc_board_nxp_lpcxpresso_1769.a(board.o)
                0x0000000000000820                Board_Debug_Init
 .text.Board_LED_Set
                0x0000000000000850       0x30 /home/dlugano/UTN/TC2/TC2_2023_Lugano/TPLABs/TP2/workspace/lpc_board_nxp_lpcxpresso_1769/Debug/liblpc_board_nxp_lpcxpresso_1769.a(board.o)
                0x0000000000000850                Board_LED_Set
 .text.Board_Init
                0x0000000000000880       0x24 /home/dlugano/UTN/TC2/TC2_2023_Lugano/TPLABs/TP2/workspace/lpc_board_nxp_lpcxpresso_1769/Debug/liblpc_board_nxp_lpcxpresso_1769.a(board.o)
                0x0000000000000880                Board_Init
 .text.Chip_SYSCTL_SetFLASHAccess
                0x00000000000008a4       0x30 /home/dlugano/UTN/TC2/TC2_2023_Lugano/TPLABs/TP2/workspace/lpc_board_nxp_lpcxpresso_1769/Debug/liblpc_board_nxp_lpcxpresso_1769.a(board_sysinit.o)
 .text.Board_SetupMuxing
                0x00000000000008d4       0x1c /home/dlugano/UTN/TC2/TC2_2023_Lugano/TPLABs/TP2/workspace/lpc_board_nxp_lpcxpresso_1769/Debug/liblpc_board_nxp_lpcxpresso_1769.a(board_sysinit.o)
                0x00000000000008d4                Board_SetupMuxing
 .text.Board_SetupClocking
                0x00000000000008f0       0x12 /home/dlugano/UTN/TC2/TC2_2023_Lugano/TPLABs/TP2/workspace/lpc_board_nxp_lpcxpresso_1769/Debug/liblpc_board_nxp_lpcxpresso_1769.a(board_sysinit.o)
                0x00000000000008f0                Board_SetupClocking
 .text.Board_SystemInit
                0x0000000000000902       0x10 /home/dlugano/UTN/TC2/TC2_2023_Lugano/TPLABs/TP2/workspace/lpc_board_nxp_lpcxpresso_1769/Debug/liblpc_board_nxp_lpcxpresso_1769.a(board_sysinit.o)
                0x0000000000000902                Board_SystemInit
 .text.getFullConvClk
                0x0000000000000912        0xe /home/dlugano/UTN/TC2/TC2_2023_Lugano/TPLABs/TP2/workspace/lpc_chip_175x_6x/Debug/liblpc_chip_175x_6x.a(adc_17xx_40xx.o)
 .text.getClkDiv
                0x0000000000000920       0x4c /home/dlugano/UTN/TC2/TC2_2023_Lugano/TPLABs/TP2/workspace/lpc_chip_175x_6x/Debug/liblpc_chip_175x_6x.a(adc_17xx_40xx.o)
 .text.setStartMode
                0x000000000000096c       0x2c /home/dlugano/UTN/TC2/TC2_2023_Lugano/TPLABs/TP2/workspace/lpc_chip_175x_6x/Debug/liblpc_chip_175x_6x.a(adc_17xx_40xx.o)
                0x000000000000096c                setStartMode
 .text.readAdcVal
                0x0000000000000998       0x40 /home/dlugano/UTN/TC2/TC2_2023_Lugano/TPLABs/TP2/workspace/lpc_chip_175x_6x/Debug/liblpc_chip_175x_6x.a(adc_17xx_40xx.o)
                0x0000000000000998                readAdcVal
 .text.Chip_ADC_Init
                0x00000000000009d8       0x74 /home/dlugano/UTN/TC2/TC2_2023_Lugano/TPLABs/TP2/workspace/lpc_chip_175x_6x/Debug/liblpc_chip_175x_6x.a(adc_17xx_40xx.o)
                0x00000000000009d8                Chip_ADC_Init
 .text.Chip_ADC_ReadValue
                0x0000000000000a4c       0x24 /home/dlugano/UTN/TC2/TC2_2023_Lugano/TPLABs/TP2/workspace/lpc_chip_175x_6x/Debug/liblpc_chip_175x_6x.a(adc_17xx_40xx.o)
                0x0000000000000a4c                Chip_ADC_ReadValue
 .text.Chip_ADC_Int_SetChannelCmd
                0x0000000000000a70       0x48 /home/dlugano/UTN/TC2/TC2_2023_Lugano/TPLABs/TP2/workspace/lpc_chip_175x_6x/Debug/liblpc_chip_175x_6x.a(adc_17xx_40xx.o)
                0x0000000000000a70                Chip_ADC_Int_SetChannelCmd
 .text.Chip_ADC_SetSampleRate
                0x0000000000000ab8       0x50 /home/dlugano/UTN/TC2/TC2_2023_Lugano/TPLABs/TP2/workspace/lpc_chip_175x_6x/Debug/liblpc_chip_175x_6x.a(adc_17xx_40xx.o)
                0x0000000000000ab8                Chip_ADC_SetSampleRate
 .text.Chip_ADC_EnableChannel
                0x0000000000000b08       0x54 /home/dlugano/UTN/TC2/TC2_2023_Lugano/TPLABs/TP2/workspace/lpc_chip_175x_6x/Debug/liblpc_chip_175x_6x.a(adc_17xx_40xx.o)
                0x0000000000000b08                Chip_ADC_EnableChannel
 .text.Chip_ADC_SetBurstCmd
                0x0000000000000b5c       0x3c /home/dlugano/UTN/TC2/TC2_2023_Lugano/TPLABs/TP2/workspace/lpc_chip_175x_6x/Debug/liblpc_chip_175x_6x.a(adc_17xx_40xx.o)
                0x0000000000000b5c                Chip_ADC_SetBurstCmd
 .text.SystemCoreClockUpdate
                0x0000000000000b98       0x18 /home/dlugano/UTN/TC2/TC2_2023_Lugano/TPLABs/TP2/workspace/lpc_chip_175x_6x/Debug/liblpc_chip_175x_6x.a(chip_17xx_40xx.o)
                0x0000000000000b98                SystemCoreClockUpdate
 .text.Chip_Clock_IsMainPLLEnabled
                0x0000000000000bb0       0x24 /home/dlugano/UTN/TC2/TC2_2023_Lugano/TPLABs/TP2/workspace/lpc_chip_175x_6x/Debug/liblpc_chip_175x_6x.a(clock_17xx_40xx.o)
 .text.Chip_Clock_IsMainPLLConnected
                0x0000000000000bd4       0x24 /home/dlugano/UTN/TC2/TC2_2023_Lugano/TPLABs/TP2/workspace/lpc_chip_175x_6x/Debug/liblpc_chip_175x_6x.a(clock_17xx_40xx.o)
 .text.Chip_Clock_FeedPLL
                0x0000000000000bf8       0x34 /home/dlugano/UTN/TC2/TC2_2023_Lugano/TPLABs/TP2/workspace/lpc_chip_175x_6x/Debug/liblpc_chip_175x_6x.a(clock_17xx_40xx.o)
 .text.Chip_Clock_GetMainPLLSource
                0x0000000000000c2c       0x20 /home/dlugano/UTN/TC2/TC2_2023_Lugano/TPLABs/TP2/workspace/lpc_chip_175x_6x/Debug/liblpc_chip_175x_6x.a(clock_17xx_40xx.o)
 .text.Chip_Clock_GetMainOscRate
                0x0000000000000c4c       0x14 /home/dlugano/UTN/TC2/TC2_2023_Lugano/TPLABs/TP2/workspace/lpc_chip_175x_6x/Debug/liblpc_chip_175x_6x.a(clock_17xx_40xx.o)
 .text.Chip_Clock_GetIntOscRate
                0x0000000000000c60       0x14 /home/dlugano/UTN/TC2/TC2_2023_Lugano/TPLABs/TP2/workspace/lpc_chip_175x_6x/Debug/liblpc_chip_175x_6x.a(clock_17xx_40xx.o)
 .text.Chip_Clock_GetRTCOscRate
                0x0000000000000c74       0x14 /home/dlugano/UTN/TC2/TC2_2023_Lugano/TPLABs/TP2/workspace/lpc_chip_175x_6x/Debug/liblpc_chip_175x_6x.a(clock_17xx_40xx.o)
 .text.Chip_Clock_GetMainPLLInClockRate
                0x0000000000000c88        0xe /home/dlugano/UTN/TC2/TC2_2023_Lugano/TPLABs/TP2/workspace/lpc_chip_175x_6x/Debug/liblpc_chip_175x_6x.a(clock_17xx_40xx.o)
 *fill*         0x0000000000000c96        0x2 ff
 .text.Chip_Clock_EnablePLL
                0x0000000000000c98       0x44 /home/dlugano/UTN/TC2/TC2_2023_Lugano/TPLABs/TP2/workspace/lpc_chip_175x_6x/Debug/liblpc_chip_175x_6x.a(clock_17xx_40xx.o)
                0x0000000000000c98                Chip_Clock_EnablePLL
 .text.Chip_Clock_DisablePLL
                0x0000000000000cdc       0x48 /home/dlugano/UTN/TC2/TC2_2023_Lugano/TPLABs/TP2/workspace/lpc_chip_175x_6x/Debug/liblpc_chip_175x_6x.a(clock_17xx_40xx.o)
                0x0000000000000cdc                Chip_Clock_DisablePLL
 .text.Chip_Clock_SetupPLL
                0x0000000000000d24       0x5c /home/dlugano/UTN/TC2/TC2_2023_Lugano/TPLABs/TP2/workspace/lpc_chip_175x_6x/Debug/liblpc_chip_175x_6x.a(clock_17xx_40xx.o)
                0x0000000000000d24                Chip_Clock_SetupPLL
 .text.Chip_Clock_EnablePeriphClock
                0x0000000000000d80       0x34 /home/dlugano/UTN/TC2/TC2_2023_Lugano/TPLABs/TP2/workspace/lpc_chip_175x_6x/Debug/liblpc_chip_175x_6x.a(clock_17xx_40xx.o)
                0x0000000000000d80                Chip_Clock_EnablePeriphClock
 .text.Chip_Clock_GetCPUClockSource
                0x0000000000000db4       0x24 /home/dlugano/UTN/TC2/TC2_2023_Lugano/TPLABs/TP2/workspace/lpc_chip_175x_6x/Debug/liblpc_chip_175x_6x.a(clock_17xx_40xx.o)
                0x0000000000000db4                Chip_Clock_GetCPUClockSource
 .text.Chip_Clock_SetCPUClockDiv
                0x0000000000000dd8       0x20 /home/dlugano/UTN/TC2/TC2_2023_Lugano/TPLABs/TP2/workspace/lpc_chip_175x_6x/Debug/liblpc_chip_175x_6x.a(clock_17xx_40xx.o)
                0x0000000000000dd8                Chip_Clock_SetCPUClockDiv
 .text.Chip_Clock_GetCPUClockDiv
                0x0000000000000df8       0x1c /home/dlugano/UTN/TC2/TC2_2023_Lugano/TPLABs/TP2/workspace/lpc_chip_175x_6x/Debug/liblpc_chip_175x_6x.a(clock_17xx_40xx.o)
                0x0000000000000df8                Chip_Clock_GetCPUClockDiv
 .text.Chip_Clock_GetPCLKDiv
                0x0000000000000e14       0x8c /home/dlugano/UTN/TC2/TC2_2023_Lugano/TPLABs/TP2/workspace/lpc_chip_175x_6x/Debug/liblpc_chip_175x_6x.a(clock_17xx_40xx.o)
                0x0000000000000e14                Chip_Clock_GetPCLKDiv
 .text.Chip_Clock_GetSYSCLKRate
                0x0000000000000ea0       0x3a /home/dlugano/UTN/TC2/TC2_2023_Lugano/TPLABs/TP2/workspace/lpc_chip_175x_6x/Debug/liblpc_chip_175x_6x.a(clock_17xx_40xx.o)
                0x0000000000000ea0                Chip_Clock_GetSYSCLKRate
 *fill*         0x0000000000000eda        0x2 ff
 .text.Chip_Clock_GetMainPLLOutClockRate
                0x0000000000000edc       0x54 /home/dlugano/UTN/TC2/TC2_2023_Lugano/TPLABs/TP2/workspace/lpc_chip_175x_6x/Debug/liblpc_chip_175x_6x.a(clock_17xx_40xx.o)
                0x0000000000000edc                Chip_Clock_GetMainPLLOutClockRate
 .text.Chip_Clock_GetMainClockRate
                0x0000000000000f30       0x28 /home/dlugano/UTN/TC2/TC2_2023_Lugano/TPLABs/TP2/workspace/lpc_chip_175x_6x/Debug/liblpc_chip_175x_6x.a(clock_17xx_40xx.o)
                0x0000000000000f30                Chip_Clock_GetMainClockRate
 .text.Chip_Clock_GetSystemClockRate
                0x0000000000000f58       0x18 /home/dlugano/UTN/TC2/TC2_2023_Lugano/TPLABs/TP2/workspace/lpc_chip_175x_6x/Debug/liblpc_chip_175x_6x.a(clock_17xx_40xx.o)
                0x0000000000000f58                Chip_Clock_GetSystemClockRate
 .text.Chip_Clock_GetPeripheralClockRate
                0x0000000000000f70       0x26 /home/dlugano/UTN/TC2/TC2_2023_Lugano/TPLABs/TP2/workspace/lpc_chip_175x_6x/Debug/liblpc_chip_175x_6x.a(clock_17xx_40xx.o)
                0x0000000000000f70                Chip_Clock_GetPeripheralClockRate
 .text.Chip_DAC_Init
                0x0000000000000f96       0x18 /home/dlugano/UTN/TC2/TC2_2023_Lugano/TPLABs/TP2/workspace/lpc_chip_175x_6x/Debug/liblpc_chip_175x_6x.a(dac_17xx_40xx.o)
                0x0000000000000f96                Chip_DAC_Init
 .text.Chip_DAC_UpdateValue
                0x0000000000000fae       0x30 /home/dlugano/UTN/TC2/TC2_2023_Lugano/TPLABs/TP2/workspace/lpc_chip_175x_6x/Debug/liblpc_chip_175x_6x.a(dac_17xx_40xx.o)
                0x0000000000000fae                Chip_DAC_UpdateValue
 .text.Chip_DAC_SetBias
                0x0000000000000fde       0x32 /home/dlugano/UTN/TC2/TC2_2023_Lugano/TPLABs/TP2/workspace/lpc_chip_175x_6x/Debug/liblpc_chip_175x_6x.a(dac_17xx_40xx.o)
                0x0000000000000fde                Chip_DAC_SetBias
 .text.Chip_IOCON_PinMuxSet
                0x0000000000001010       0x36 /home/dlugano/UTN/TC2/TC2_2023_Lugano/TPLABs/TP2/workspace/lpc_chip_175x_6x/Debug/liblpc_chip_175x_6x.a(iocon_17xx_40xx.o)
                0x0000000000001010                Chip_IOCON_PinMuxSet
 .text.Chip_IOCON_PinMux
                0x0000000000001046       0x94 /home/dlugano/UTN/TC2/TC2_2023_Lugano/TPLABs/TP2/workspace/lpc_chip_175x_6x/Debug/liblpc_chip_175x_6x.a(iocon_17xx_40xx.o)
                0x0000000000001046                Chip_IOCON_PinMux
 .text.Chip_IOCON_SetPinMuxing
                0x00000000000010da       0x64 /home/dlugano/UTN/TC2/TC2_2023_Lugano/TPLABs/TP2/workspace/lpc_chip_175x_6x/Debug/liblpc_chip_175x_6x.a(iocon_17xx_40xx.o)
                0x00000000000010da                Chip_IOCON_SetPinMuxing
 *fill*         0x000000000000113e        0x2 ff
 .text.Chip_Clock_IsMainPLLEnabled
                0x0000000000001140       0x24 /home/dlugano/UTN/TC2/TC2_2023_Lugano/TPLABs/TP2/workspace/lpc_chip_175x_6x/Debug/liblpc_chip_175x_6x.a(sysinit_17xx_40xx.o)
 .text.Chip_Clock_IsMainPLLLocked
                0x0000000000001164       0x24 /home/dlugano/UTN/TC2/TC2_2023_Lugano/TPLABs/TP2/workspace/lpc_chip_175x_6x/Debug/liblpc_chip_175x_6x.a(sysinit_17xx_40xx.o)
 .text.Chip_Clock_IsMainPLLConnected
                0x0000000000001188       0x24 /home/dlugano/UTN/TC2/TC2_2023_Lugano/TPLABs/TP2/workspace/lpc_chip_175x_6x/Debug/liblpc_chip_175x_6x.a(sysinit_17xx_40xx.o)
 .text.Chip_Clock_EnableCrystal
                0x00000000000011ac       0x20 /home/dlugano/UTN/TC2/TC2_2023_Lugano/TPLABs/TP2/workspace/lpc_chip_175x_6x/Debug/liblpc_chip_175x_6x.a(sysinit_17xx_40xx.o)
 .text.Chip_Clock_IsCrystalEnabled
                0x00000000000011cc       0x24 /home/dlugano/UTN/TC2/TC2_2023_Lugano/TPLABs/TP2/workspace/lpc_chip_175x_6x/Debug/liblpc_chip_175x_6x.a(sysinit_17xx_40xx.o)
 .text.Chip_Clock_SetMainPLLSource
                0x00000000000011f0       0x20 /home/dlugano/UTN/TC2/TC2_2023_Lugano/TPLABs/TP2/workspace/lpc_chip_175x_6x/Debug/liblpc_chip_175x_6x.a(sysinit_17xx_40xx.o)
 .text.Chip_SetupXtalClocking
                0x0000000000001210       0x90 /home/dlugano/UTN/TC2/TC2_2023_Lugano/TPLABs/TP2/workspace/lpc_chip_175x_6x/Debug/liblpc_chip_175x_6x.a(sysinit_17xx_40xx.o)
                0x0000000000001210                Chip_SetupXtalClocking
 .text.Chip_UART_SetupFIFOS
                0x00000000000012a0       0x1a /home/dlugano/UTN/TC2/TC2_2023_Lugano/TPLABs/TP2/workspace/lpc_chip_175x_6x/Debug/liblpc_chip_175x_6x.a(uart_17xx_40xx.o)
 .text.Chip_UART_ConfigData
                0x00000000000012ba       0x1a /home/dlugano/UTN/TC2/TC2_2023_Lugano/TPLABs/TP2/workspace/lpc_chip_175x_6x/Debug/liblpc_chip_175x_6x.a(uart_17xx_40xx.o)
 .text.Chip_UART_EnableDivisorAccess
                0x00000000000012d4       0x1e /home/dlugano/UTN/TC2/TC2_2023_Lugano/TPLABs/TP2/workspace/lpc_chip_175x_6x/Debug/liblpc_chip_175x_6x.a(uart_17xx_40xx.o)
 .text.Chip_UART_DisableDivisorAccess
                0x00000000000012f2       0x1e /home/dlugano/UTN/TC2/TC2_2023_Lugano/TPLABs/TP2/workspace/lpc_chip_175x_6x/Debug/liblpc_chip_175x_6x.a(uart_17xx_40xx.o)
 .text.Chip_UART_SetDivisorLatches
                0x0000000000001310       0x26 /home/dlugano/UTN/TC2/TC2_2023_Lugano/TPLABs/TP2/workspace/lpc_chip_175x_6x/Debug/liblpc_chip_175x_6x.a(uart_17xx_40xx.o)
 *fill*         0x0000000000001336        0x2 ff
 .text.Chip_UART_GetClockIndex
                0x0000000000001338       0x50 /home/dlugano/UTN/TC2/TC2_2023_Lugano/TPLABs/TP2/workspace/lpc_chip_175x_6x/Debug/liblpc_chip_175x_6x.a(uart_17xx_40xx.o)
 .text.Chip_UART_GetClkIndex
                0x0000000000001388       0x50 /home/dlugano/UTN/TC2/TC2_2023_Lugano/TPLABs/TP2/workspace/lpc_chip_175x_6x/Debug/liblpc_chip_175x_6x.a(uart_17xx_40xx.o)
 .text.Chip_UART_Init
                0x00000000000013d8       0x78 /home/dlugano/UTN/TC2/TC2_2023_Lugano/TPLABs/TP2/workspace/lpc_chip_175x_6x/Debug/liblpc_chip_175x_6x.a(uart_17xx_40xx.o)
                0x00000000000013d8                Chip_UART_Init
 .text.Chip_UART_TXEnable
                0x0000000000001450       0x18 /home/dlugano/UTN/TC2/TC2_2023_Lugano/TPLABs/TP2/workspace/lpc_chip_175x_6x/Debug/liblpc_chip_175x_6x.a(uart_17xx_40xx.o)
                0x0000000000001450                Chip_UART_TXEnable
 .text.Chip_UART_TXDisable
                0x0000000000001468       0x18 /home/dlugano/UTN/TC2/TC2_2023_Lugano/TPLABs/TP2/workspace/lpc_chip_175x_6x/Debug/liblpc_chip_175x_6x.a(uart_17xx_40xx.o)
                0x0000000000001468                Chip_UART_TXDisable
 .text.Chip_UART_SetBaud
                0x0000000000001480       0x62 /home/dlugano/UTN/TC2/TC2_2023_Lugano/TPLABs/TP2/workspace/lpc_chip_175x_6x/Debug/liblpc_chip_175x_6x.a(uart_17xx_40xx.o)
                0x0000000000001480                Chip_UART_SetBaud
 *fill*         0x00000000000014e2        0x2 ff
 .text.arm_float_to_q31
                0x00000000000014e4      0x148 /home/dlugano/UTN/TC2/TC2_2023_Lugano/TPLABs/TP2/workspace/CMSIS_DSPLIB_CM3/lib/libCMSIS_DSPLIB_CM3.a(arm_float_to_q31.o)
                0x00000000000014e4                arm_float_to_q31
 .text.arm_max_f32
                0x000000000000162c      0x228 /home/dlugano/UTN/TC2/TC2_2023_Lugano/TPLABs/TP2/workspace/CMSIS_DSPLIB_CM3/lib/libCMSIS_DSPLIB_CM3.a(arm_max_f32.o)
                0x000000000000162c                arm_max_f32
 .text.arm_biquad_cascade_df1_init_q31
                0x0000000000001854       0x20 /home/dlugano/UTN/TC2/TC2_2023_Lugano/TPLABs/TP2/workspace/CMSIS_DSPLIB_CM3/lib/libCMSIS_DSPLIB_CM3.a(arm_biquad_cascade_df1_init_q31.o)
                0x0000000000001854                arm_biquad_cascade_df1_init_q31
 .text.arm_biquad_cascade_df1_q31
                0x0000000000001874      0x2c0 /home/dlugano/UTN/TC2/TC2_2023_Lugano/TPLABs/TP2/workspace/CMSIS_DSPLIB_CM3/lib/libCMSIS_DSPLIB_CM3.a(arm_biquad_cascade_df1_q31.o)
                0x0000000000001874                arm_biquad_cascade_df1_q31
 .text.arm_fir_init_q31
                0x0000000000001b34       0x24 /home/dlugano/UTN/TC2/TC2_2023_Lugano/TPLABs/TP2/workspace/CMSIS_DSPLIB_CM3/lib/libCMSIS_DSPLIB_CM3.a(arm_fir_init_q31.o)
                0x0000000000001b34                arm_fir_init_q31
 .text.arm_fir_q31
                0x0000000000001b58      0x4f0 /home/dlugano/UTN/TC2/TC2_2023_Lugano/TPLABs/TP2/workspace/CMSIS_DSPLIB_CM3/lib/libCMSIS_DSPLIB_CM3.a(arm_fir_q31.o)
                0x0000000000001b58                arm_fir_q31
 .text.arm_scale_f32
                0x0000000000002048      0x194 /home/dlugano/UTN/TC2/TC2_2023_Lugano/TPLABs/TP2/workspace/CMSIS_DSPLIB_CM3/lib/libCMSIS_DSPLIB_CM3.a(arm_scale_f32.o)
                0x0000000000002048                arm_scale_f32
 .text.memset   0x00000000000021dc        0x4 /usr/local/mcuxpressoide-11.7.1_9221/ide/plugins/com.nxp.mcuxpresso.tools.linux_11.7.1.202301190959/tools/bin/../lib/gcc/arm-none-eabi/10.3.1/../../../../arm-none-eabi/lib/thumb/v7-m/nofp/libcr_c.a(memset.o)
                0x00000000000021dc                memset
 .text.__weak_main
                0x00000000000021e0        0x4 /usr/local/mcuxpressoide-11.7.1_9221/ide/plugins/com.nxp.mcuxpresso.tools.linux_11.7.1.202301190959/tools/bin/../lib/gcc/arm-none-eabi/10.3.1/../../../../arm-none-eabi/lib/thumb/v7-m/nofp/libcr_c.a(__weak__main.o)
                0x00000000000021e0                __main
                0x00000000000021e0                __weak_main
 .text.__aeabi_fmul
                0x00000000000021e4       0xac /usr/local/mcuxpressoide-11.7.1_9221/ide/plugins/com.nxp.mcuxpresso.tools.linux_11.7.1.202301190959/tools/bin/../lib/gcc/arm-none-eabi/10.3.1/thumb/v7-m/nofp/libcr_eabihelpers.a(float.o)
                0x00000000000021e4                __aeabi_fmul
 .text.__aeabi_fdiv
                0x0000000000002290       0xbc /usr/local/mcuxpressoide-11.7.1_9221/ide/plugins/com.nxp.mcuxpresso.tools.linux_11.7.1.202301190959/tools/bin/../lib/gcc/arm-none-eabi/10.3.1/thumb/v7-m/nofp/libcr_eabihelpers.a(float.o)
                0x0000000000002290                __aeabi_fdiv
 .text.__aeabi_f2uiz
                0x000000000000234c       0x28 /usr/local/mcuxpressoide-11.7.1_9221/ide/plugins/com.nxp.mcuxpresso.tools.linux_11.7.1.202301190959/tools/bin/../lib/gcc/arm-none-eabi/10.3.1/thumb/v7-m/nofp/libcr_eabihelpers.a(float.o)
                0x000000000000234c                __aeabi_f2uiz
 .text.__aeabi_f2lz
                0x0000000000002374       0x5c /usr/local/mcuxpressoide-11.7.1_9221/ide/plugins/com.nxp.mcuxpresso.tools.linux_11.7.1.202301190959/tools/bin/../lib/gcc/arm-none-eabi/10.3.1/thumb/v7-m/nofp/libcr_eabihelpers.a(float.o)
                0x0000000000002374                __aeabi_f2lz
 .text.__bhs_ui2f
                0x00000000000023d0       0x26 /usr/local/mcuxpressoide-11.7.1_9221/ide/plugins/com.nxp.mcuxpresso.tools.linux_11.7.1.202301190959/tools/bin/../lib/gcc/arm-none-eabi/10.3.1/thumb/v7-m/nofp/libcr_eabihelpers.a(float.o)
                0x00000000000023d0                __bhs_ui2f
 .text.__aeabi_i2f
                0x00000000000023f6       0x12 /usr/local/mcuxpressoide-11.7.1_9221/ide/plugins/com.nxp.mcuxpresso.tools.linux_11.7.1.202301190959/tools/bin/../lib/gcc/arm-none-eabi/10.3.1/thumb/v7-m/nofp/libcr_eabihelpers.a(float.o)
                0x00000000000023f6                __aeabi_i2f
 .text.__aeabi_fcmplt
                0x0000000000002408       0x3a /usr/local/mcuxpressoide-11.7.1_9221/ide/plugins/com.nxp.mcuxpresso.tools.linux_11.7.1.202301190959/tools/bin/../lib/gcc/arm-none-eabi/10.3.1/thumb/v7-m/nofp/libcr_eabihelpers.a(float.o)
                0x0000000000002408                __aeabi_fcmplt
 .text.__aeabi_fcmpge
                0x0000000000002442       0x3e /usr/local/mcuxpressoide-11.7.1_9221/ide/plugins/com.nxp.mcuxpresso.tools.linux_11.7.1.202301190959/tools/bin/../lib/gcc/arm-none-eabi/10.3.1/thumb/v7-m/nofp/libcr_eabihelpers.a(float.o)
                0x0000000000002442                __aeabi_fcmpge
 .text.__aeabi_memset_lowlevel
                0x0000000000002480       0x32 /usr/local/mcuxpressoide-11.7.1_9221/ide/plugins/com.nxp.mcuxpresso.tools.linux_11.7.1.202301190959/tools/bin/../lib/gcc/arm-none-eabi/10.3.1/thumb/v7-m/nofp/libcr_eabihelpers.a(memcpy.o)
                0x0000000000002480                __aeabi_lowlevel_memset
 *(.rodata .rodata.* .constdata .constdata.*)
 *fill*         0x00000000000024b2        0x2 ff
 .rodata.OscRateIn
                0x00000000000024b4        0x4 /home/dlugano/UTN/TC2/TC2_2023_Lugano/TPLABs/TP2/workspace/lpc_board_nxp_lpcxpresso_1769/Debug/liblpc_board_nxp_lpcxpresso_1769.a(board.o)
                0x00000000000024b4                OscRateIn
 .rodata.RTCOscRateIn
                0x00000000000024b8        0x4 /home/dlugano/UTN/TC2/TC2_2023_Lugano/TPLABs/TP2/workspace/lpc_board_nxp_lpcxpresso_1769/Debug/liblpc_board_nxp_lpcxpresso_1769.a(board.o)
                0x00000000000024b8                RTCOscRateIn
 .rodata.pinmuxing
                0x00000000000024bc       0x5c /home/dlugano/UTN/TC2/TC2_2023_Lugano/TPLABs/TP2/workspace/lpc_board_nxp_lpcxpresso_1769/Debug/liblpc_board_nxp_lpcxpresso_1769.a(board_sysinit.o)
                0x0000000000002518                . = ALIGN (0x4)

.glue_7         0x0000000000002518        0x0
 .glue_7        0x0000000000002518        0x0 linker stubs

.glue_7t        0x0000000000002518        0x0
 .glue_7t       0x0000000000002518        0x0 linker stubs

.vfp11_veneer   0x0000000000002518        0x0
 .vfp11_veneer  0x0000000000002518        0x0 linker stubs

.v4_bx          0x0000000000002518        0x0
 .v4_bx         0x0000000000002518        0x0 linker stubs

.iplt           0x0000000000002518        0x0
 .iplt          0x0000000000002518        0x0 ./src/ADCMSIS.o

.rel.dyn        0x0000000000002518        0x0
 .rel.iplt      0x0000000000002518        0x0 ./src/ADCMSIS.o

.ARM.extab
 *(.ARM.extab* .gnu.linkonce.armextab.*)

.ARM.exidx      0x0000000000002518        0x0
                0x0000000000002518                __exidx_start = .
 *(.ARM.exidx* .gnu.linkonce.armexidx.*)
                0x0000000000002518                __exidx_end = .
                0x0000000000002518                _etext = .

.data_RAM2      0x000000002007c000        0x0 load address 0x0000000000002518
 FILL mask 0xff
                [!provide]                        PROVIDE (__start_data_RAM2 = .)
                [!provide]                        PROVIDE (__start_data_RamAHB32 = .)
 *(.ramfunc.$RAM2)
 *(.ramfunc.$RamAHB32)
 *(.data.$RAM2)
 *(.data.$RamAHB32)
 *(.data.$RAM2.*)
 *(.data.$RamAHB32.*)
                0x000000002007c000                . = ALIGN (0x4)
                [!provide]                        PROVIDE (__end_data_RAM2 = .)
                [!provide]                        PROVIDE (__end_data_RamAHB32 = .)

.uninit_RESERVED
                0x0000000010000000        0x0
                0x0000000010000000                _start_uninit_RESERVED = .
 *(.bss.$RESERVED*)
                0x0000000010000000                . = ALIGN (0x4)
                0x0000000010000000                _end_uninit_RESERVED = .

.data           0x0000000010000000       0xa0 load address 0x0000000000002518
 FILL mask 0xff
                0x0000000010000000                _data = .
                [!provide]                        PROVIDE (__start_data_RAM = .)
                [!provide]                        PROVIDE (__start_data_RamLoc32 = .)
 *(vtable)
 *(.ramfunc*)
 *(CodeQuickAccess)
 *(DataQuickAccess)
 *(RamFunction)
 *(.data*)
 .data.filter   0x0000000010000000        0x1 ./src/ADCMSIS.o
                0x0000000010000000                filter
 *fill*         0x0000000010000001        0x3 ff
 .data.float_fir_taps
                0x0000000010000004       0x9c ./src/filter.o
                0x0000000010000004                float_fir_taps
                0x00000000100000a0                . = ALIGN (0x4)
                0x00000000100000a0                _edata = .
                [!provide]                        PROVIDE (__end_data_RAM = .)
                [!provide]                        PROVIDE (__end_data_RamLoc32 = .)

.igot.plt       0x00000000100000a0        0x0 load address 0x00000000000025b8
 .igot.plt      0x00000000100000a0        0x0 ./src/ADCMSIS.o

.bss_RAM2       0x000000002007c000        0x0
                [!provide]                        PROVIDE (__start_bss_RAM2 = .)
                [!provide]                        PROVIDE (__start_bss_RamAHB32 = .)
 *(.bss.$RAM2)
 *(.bss.$RamAHB32)
 *(.bss.$RAM2.*)
 *(.bss.$RamAHB32.*)
                0x000000002007c000                . = ALIGN ((. != 0x0)?0x4:0x1)
                [!provide]                        PROVIDE (__end_bss_RAM2 = .)
                [!provide]                        PROVIDE (__end_bss_RamAHB32 = .)

.bss            0x00000000100000a0     0x620c
                0x00000000100000a0                _bss = .
                [!provide]                        PROVIDE (__start_bss_RAM = .)
                [!provide]                        PROVIDE (__start_bss_RamLoc32 = .)
 *(.bss*)
 .bss.SFIR      0x00000000100000a0        0xc ./src/ADCMSIS.o
                0x00000000100000a0                SFIR
 .bss.SIIR      0x00000000100000ac       0x10 ./src/ADCMSIS.o
                0x00000000100000ac                SIIR
 .bss.fir_state
                0x00000000100000bc     0x1098 ./src/ADCMSIS.o
                0x00000000100000bc                fir_state
 .bss.iir_state
                0x0000000010001154     0x1038 ./src/ADCMSIS.o
                0x0000000010001154                iir_state
 .bss.InputA    0x000000001000218c     0x1000 ./src/ADCMSIS.o
                0x000000001000218c                InputA
 .bss.InputB    0x000000001000318c     0x1000 ./src/ADCMSIS.o
                0x000000001000318c                InputB
 .bss.OutputA   0x000000001000418c     0x1000 ./src/ADCMSIS.o
                0x000000001000418c                OutputA
 .bss.OutputB   0x000000001000518c     0x1000 ./src/ADCMSIS.o
                0x000000001000518c                OutputB
 .bss.estado    0x000000001000618c        0x1 ./src/adc.o
                0x000000001000618c                estado
 .bss.procesar  0x000000001000618d        0x1 ./src/adc.o
                0x000000001000618d                procesar
 .bss.data.1    0x000000001000618e        0x2 ./src/adc.o
 .bss.index.0   0x0000000010006190        0x2 ./src/adc.o
 *fill*         0x0000000010006192        0x2 
 .bss.fir_taps  0x0000000010006194       0x9c ./src/filter.o
                0x0000000010006194                fir_taps
 .bss.iir_taps  0x0000000010006230       0x3c ./src/filter.o
                0x0000000010006230                iir_taps
 .bss.float_iir_taps
                0x000000001000626c       0x3c ./src/filter.o
                0x000000001000626c                float_iir_taps
 .bss.SystemCoreClock
                0x00000000100062a8        0x4 /home/dlugano/UTN/TC2/TC2_2023_Lugano/TPLABs/TP2/workspace/lpc_chip_175x_6x/Debug/liblpc_chip_175x_6x.a(chip_17xx_40xx.o)
                0x00000000100062a8                SystemCoreClock
 *(COMMON)
                0x00000000100062ac                . = ALIGN (0x4)
                0x00000000100062ac                _ebss = .
                [!provide]                        PROVIDE (__end_bss_RAM = .)
                [!provide]                        PROVIDE (__end_bss_RamLoc32 = .)
                [!provide]                        PROVIDE (end = .)

.noinit_RAM2    0x000000002007c000        0x0
                [!provide]                        PROVIDE (__start_noinit_RAM2 = .)
                [!provide]                        PROVIDE (__start_noinit_RamAHB32 = .)
 *(.noinit.$RAM2)
 *(.noinit.$RamAHB32)
 *(.noinit.$RAM2.*)
 *(.noinit.$RamAHB32.*)
                0x000000002007c000                . = ALIGN (0x4)
                [!provide]                        PROVIDE (__end_noinit_RAM2 = .)
                [!provide]                        PROVIDE (__end_noinit_RamAHB32 = .)

.noinit         0x00000000100062ac        0x0
                0x00000000100062ac                _noinit = .
                [!provide]                        PROVIDE (__start_noinit_RAM = .)
                [!provide]                        PROVIDE (__start_noinit_RamLoc32 = .)
 *(.noinit*)
                0x00000000100062ac                . = ALIGN (0x4)
                0x00000000100062ac                _end_noinit = .
                [!provide]                        PROVIDE (__end_noinit_RAM = .)
                [!provide]                        PROVIDE (__end_noinit_RamLoc32 = .)
                [!provide]                        PROVIDE (_pvHeapStart = DEFINED (__user_heap_base)?__user_heap_base:.)
                0x0000000010008000                PROVIDE (_vStackTop = DEFINED (__user_stack_top)?__user_stack_top:(__top_RamLoc32 - 0x0))
                0xffffffffefff74c6                PROVIDE (__valid_user_code_checksum = (0x0 - ((((((_vStackTop + (ResetISR + 0x1)) + (NMI_Handler + 0x1)) + (HardFault_Handler + 0x1)) + (DEFINED (MemManage_Handler)?MemManage_Handler:0x0 + 0x1)) + (DEFINED (BusFault_Handler)?BusFault_Handler:0x0 + 0x1)) + (DEFINED (UsageFault_Handler)?UsageFault_Handler:0x0 + 0x1))))
                0x0000000000000000                _image_start = LOADADDR (.text)
                0x00000000000025b8                _image_end = (LOADADDR (.data) + SIZEOF (.data))
                0x00000000000025b8                _image_size = (_image_end - _image_start)
OUTPUT(ADCMSIS.axf elf32-littlearm)
LOAD linker stubs

.debug_info     0x0000000000000000     0x6838
 .debug_info    0x0000000000000000      0x3eb ./src/ADCMSIS.o
 .debug_info    0x00000000000003eb      0x63c ./src/adc.o
 .debug_info    0x0000000000000a27      0x27e ./src/cr_startup_lpc175x_6x.o
 .debug_info    0x0000000000000ca5       0x3c ./src/crp.o
 .debug_info    0x0000000000000ce1      0x104 ./src/dac.o
 .debug_info    0x0000000000000de5      0x152 ./src/filter.o
 .debug_info    0x0000000000000f37       0xb7 ./src/sysinit.o
 .debug_info    0x0000000000000fee     0x14de /home/dlugano/UTN/TC2/TC2_2023_Lugano/TPLABs/TP2/workspace/lpc_board_nxp_lpcxpresso_1769/Debug/liblpc_board_nxp_lpcxpresso_1769.a(board.o)
 .debug_info    0x00000000000024cc      0x594 /home/dlugano/UTN/TC2/TC2_2023_Lugano/TPLABs/TP2/workspace/lpc_board_nxp_lpcxpresso_1769/Debug/liblpc_board_nxp_lpcxpresso_1769.a(board_sysinit.o)
 .debug_info    0x0000000000002a60      0x8b5 /home/dlugano/UTN/TC2/TC2_2023_Lugano/TPLABs/TP2/workspace/lpc_chip_175x_6x/Debug/liblpc_chip_175x_6x.a(adc_17xx_40xx.o)
 .debug_info    0x0000000000003315      0x51e /home/dlugano/UTN/TC2/TC2_2023_Lugano/TPLABs/TP2/workspace/lpc_chip_175x_6x/Debug/liblpc_chip_175x_6x.a(chip_17xx_40xx.o)
 .debug_info    0x0000000000003833      0xbc8 /home/dlugano/UTN/TC2/TC2_2023_Lugano/TPLABs/TP2/workspace/lpc_chip_175x_6x/Debug/liblpc_chip_175x_6x.a(clock_17xx_40xx.o)
 .debug_info    0x00000000000043fb      0x1b1 /home/dlugano/UTN/TC2/TC2_2023_Lugano/TPLABs/TP2/workspace/lpc_chip_175x_6x/Debug/liblpc_chip_175x_6x.a(dac_17xx_40xx.o)
 .debug_info    0x00000000000045ac      0x2c8 /home/dlugano/UTN/TC2/TC2_2023_Lugano/TPLABs/TP2/workspace/lpc_chip_175x_6x/Debug/liblpc_chip_175x_6x.a(iocon_17xx_40xx.o)
 .debug_info    0x0000000000004874      0x431 /home/dlugano/UTN/TC2/TC2_2023_Lugano/TPLABs/TP2/workspace/lpc_chip_175x_6x/Debug/liblpc_chip_175x_6x.a(sysinit_17xx_40xx.o)
 .debug_info    0x0000000000004ca5      0xf5c /home/dlugano/UTN/TC2/TC2_2023_Lugano/TPLABs/TP2/workspace/lpc_chip_175x_6x/Debug/liblpc_chip_175x_6x.a(uart_17xx_40xx.o)
 .debug_info    0x0000000000005c01      0x1d7 /home/dlugano/UTN/TC2/TC2_2023_Lugano/TPLABs/TP2/workspace/CMSIS_DSPLIB_CM3/lib/libCMSIS_DSPLIB_CM3.a(arm_float_to_q31.o)
 .debug_info    0x0000000000005dd8      0x14e /home/dlugano/UTN/TC2/TC2_2023_Lugano/TPLABs/TP2/workspace/CMSIS_DSPLIB_CM3/lib/libCMSIS_DSPLIB_CM3.a(arm_max_f32.o)
 .debug_info    0x0000000000005f26      0x173 /home/dlugano/UTN/TC2/TC2_2023_Lugano/TPLABs/TP2/workspace/CMSIS_DSPLIB_CM3/lib/libCMSIS_DSPLIB_CM3.a(arm_biquad_cascade_df1_init_q31.o)
 .debug_info    0x0000000000006099      0x2b5 /home/dlugano/UTN/TC2/TC2_2023_Lugano/TPLABs/TP2/workspace/CMSIS_DSPLIB_CM3/lib/libCMSIS_DSPLIB_CM3.a(arm_biquad_cascade_df1_q31.o)
 .debug_info    0x000000000000634e      0x159 /home/dlugano/UTN/TC2/TC2_2023_Lugano/TPLABs/TP2/workspace/CMSIS_DSPLIB_CM3/lib/libCMSIS_DSPLIB_CM3.a(arm_fir_init_q31.o)
 .debug_info    0x00000000000064a7      0x260 /home/dlugano/UTN/TC2/TC2_2023_Lugano/TPLABs/TP2/workspace/CMSIS_DSPLIB_CM3/lib/libCMSIS_DSPLIB_CM3.a(arm_fir_q31.o)
 .debug_info    0x0000000000006707      0x131 /home/dlugano/UTN/TC2/TC2_2023_Lugano/TPLABs/TP2/workspace/CMSIS_DSPLIB_CM3/lib/libCMSIS_DSPLIB_CM3.a(arm_scale_f32.o)

.debug_abbrev   0x0000000000000000     0x1d37
 .debug_abbrev  0x0000000000000000      0x11a ./src/ADCMSIS.o
 .debug_abbrev  0x000000000000011a      0x1ab ./src/adc.o
 .debug_abbrev  0x00000000000002c5      0x132 ./src/cr_startup_lpc175x_6x.o
 .debug_abbrev  0x00000000000003f7       0x35 ./src/crp.o
 .debug_abbrev  0x000000000000042c       0xb8 ./src/dac.o
 .debug_abbrev  0x00000000000004e4       0x7f ./src/filter.o
 .debug_abbrev  0x0000000000000563       0x78 ./src/sysinit.o
 .debug_abbrev  0x00000000000005db      0x3f0 /home/dlugano/UTN/TC2/TC2_2023_Lugano/TPLABs/TP2/workspace/lpc_board_nxp_lpcxpresso_1769/Debug/liblpc_board_nxp_lpcxpresso_1769.a(board.o)
 .debug_abbrev  0x00000000000009cb      0x156 /home/dlugano/UTN/TC2/TC2_2023_Lugano/TPLABs/TP2/workspace/lpc_board_nxp_lpcxpresso_1769/Debug/liblpc_board_nxp_lpcxpresso_1769.a(board_sysinit.o)
 .debug_abbrev  0x0000000000000b21      0x1c0 /home/dlugano/UTN/TC2/TC2_2023_Lugano/TPLABs/TP2/workspace/lpc_chip_175x_6x/Debug/liblpc_chip_175x_6x.a(adc_17xx_40xx.o)
 .debug_abbrev  0x0000000000000ce1      0x145 /home/dlugano/UTN/TC2/TC2_2023_Lugano/TPLABs/TP2/workspace/lpc_chip_175x_6x/Debug/liblpc_chip_175x_6x.a(chip_17xx_40xx.o)
 .debug_abbrev  0x0000000000000e26      0x325 /home/dlugano/UTN/TC2/TC2_2023_Lugano/TPLABs/TP2/workspace/lpc_chip_175x_6x/Debug/liblpc_chip_175x_6x.a(clock_17xx_40xx.o)
 .debug_abbrev  0x000000000000114b       0xf3 /home/dlugano/UTN/TC2/TC2_2023_Lugano/TPLABs/TP2/workspace/lpc_chip_175x_6x/Debug/liblpc_chip_175x_6x.a(dac_17xx_40xx.o)
 .debug_abbrev  0x000000000000123e      0x132 /home/dlugano/UTN/TC2/TC2_2023_Lugano/TPLABs/TP2/workspace/lpc_chip_175x_6x/Debug/liblpc_chip_175x_6x.a(iocon_17xx_40xx.o)
 .debug_abbrev  0x0000000000001370      0x175 /home/dlugano/UTN/TC2/TC2_2023_Lugano/TPLABs/TP2/workspace/lpc_chip_175x_6x/Debug/liblpc_chip_175x_6x.a(sysinit_17xx_40xx.o)
 .debug_abbrev  0x00000000000014e5      0x322 /home/dlugano/UTN/TC2/TC2_2023_Lugano/TPLABs/TP2/workspace/lpc_chip_175x_6x/Debug/liblpc_chip_175x_6x.a(uart_17xx_40xx.o)
 .debug_abbrev  0x0000000000001807       0xed /home/dlugano/UTN/TC2/TC2_2023_Lugano/TPLABs/TP2/workspace/CMSIS_DSPLIB_CM3/lib/libCMSIS_DSPLIB_CM3.a(arm_float_to_q31.o)
 .debug_abbrev  0x00000000000018f4       0x95 /home/dlugano/UTN/TC2/TC2_2023_Lugano/TPLABs/TP2/workspace/CMSIS_DSPLIB_CM3/lib/libCMSIS_DSPLIB_CM3.a(arm_max_f32.o)
 .debug_abbrev  0x0000000000001989       0xb1 /home/dlugano/UTN/TC2/TC2_2023_Lugano/TPLABs/TP2/workspace/CMSIS_DSPLIB_CM3/lib/libCMSIS_DSPLIB_CM3.a(arm_biquad_cascade_df1_init_q31.o)
 .debug_abbrev  0x0000000000001a3a       0xd6 /home/dlugano/UTN/TC2/TC2_2023_Lugano/TPLABs/TP2/workspace/CMSIS_DSPLIB_CM3/lib/libCMSIS_DSPLIB_CM3.a(arm_biquad_cascade_df1_q31.o)
 .debug_abbrev  0x0000000000001b10       0xb1 /home/dlugano/UTN/TC2/TC2_2023_Lugano/TPLABs/TP2/workspace/CMSIS_DSPLIB_CM3/lib/libCMSIS_DSPLIB_CM3.a(arm_fir_init_q31.o)
 .debug_abbrev  0x0000000000001bc1       0xd6 /home/dlugano/UTN/TC2/TC2_2023_Lugano/TPLABs/TP2/workspace/CMSIS_DSPLIB_CM3/lib/libCMSIS_DSPLIB_CM3.a(arm_fir_q31.o)
 .debug_abbrev  0x0000000000001c97       0xa0 /home/dlugano/UTN/TC2/TC2_2023_Lugano/TPLABs/TP2/workspace/CMSIS_DSPLIB_CM3/lib/libCMSIS_DSPLIB_CM3.a(arm_scale_f32.o)

.debug_aranges  0x0000000000000000      0x790
 .debug_aranges
                0x0000000000000000       0x20 ./src/ADCMSIS.o
 .debug_aranges
                0x0000000000000020       0x30 ./src/adc.o
 .debug_aranges
                0x0000000000000050       0x80 ./src/cr_startup_lpc175x_6x.o
 .debug_aranges
                0x00000000000000d0       0x18 ./src/crp.o
 .debug_aranges
                0x00000000000000e8       0x28 ./src/dac.o
 .debug_aranges
                0x0000000000000110       0x18 ./src/filter.o
 .debug_aranges
                0x0000000000000128       0x20 ./src/sysinit.o
 .debug_aranges
                0x0000000000000148      0x160 /home/dlugano/UTN/TC2/TC2_2023_Lugano/TPLABs/TP2/workspace/lpc_board_nxp_lpcxpresso_1769/Debug/liblpc_board_nxp_lpcxpresso_1769.a(board.o)
 .debug_aranges
                0x00000000000002a8       0x38 /home/dlugano/UTN/TC2/TC2_2023_Lugano/TPLABs/TP2/workspace/lpc_board_nxp_lpcxpresso_1769/Debug/liblpc_board_nxp_lpcxpresso_1769.a(board_sysinit.o)
 .debug_aranges
                0x00000000000002e0       0x88 /home/dlugano/UTN/TC2/TC2_2023_Lugano/TPLABs/TP2/workspace/lpc_chip_175x_6x/Debug/liblpc_chip_175x_6x.a(adc_17xx_40xx.o)
 .debug_aranges
                0x0000000000000368       0x38 /home/dlugano/UTN/TC2/TC2_2023_Lugano/TPLABs/TP2/workspace/lpc_chip_175x_6x/Debug/liblpc_chip_175x_6x.a(chip_17xx_40xx.o)
 .debug_aranges
                0x00000000000003a0      0x120 /home/dlugano/UTN/TC2/TC2_2023_Lugano/TPLABs/TP2/workspace/lpc_chip_175x_6x/Debug/liblpc_chip_175x_6x.a(clock_17xx_40xx.o)
 .debug_aranges
                0x00000000000004c0       0x38 /home/dlugano/UTN/TC2/TC2_2023_Lugano/TPLABs/TP2/workspace/lpc_chip_175x_6x/Debug/liblpc_chip_175x_6x.a(dac_17xx_40xx.o)
 .debug_aranges
                0x00000000000004f8       0x30 /home/dlugano/UTN/TC2/TC2_2023_Lugano/TPLABs/TP2/workspace/lpc_chip_175x_6x/Debug/liblpc_chip_175x_6x.a(iocon_17xx_40xx.o)
 .debug_aranges
                0x0000000000000528       0x60 /home/dlugano/UTN/TC2/TC2_2023_Lugano/TPLABs/TP2/workspace/lpc_chip_175x_6x/Debug/liblpc_chip_175x_6x.a(sysinit_17xx_40xx.o)
 .debug_aranges
                0x0000000000000588      0x128 /home/dlugano/UTN/TC2/TC2_2023_Lugano/TPLABs/TP2/workspace/lpc_chip_175x_6x/Debug/liblpc_chip_175x_6x.a(uart_17xx_40xx.o)
 .debug_aranges
                0x00000000000006b0       0x20 /home/dlugano/UTN/TC2/TC2_2023_Lugano/TPLABs/TP2/workspace/CMSIS_DSPLIB_CM3/lib/libCMSIS_DSPLIB_CM3.a(arm_float_to_q31.o)
 .debug_aranges
                0x00000000000006d0       0x20 /home/dlugano/UTN/TC2/TC2_2023_Lugano/TPLABs/TP2/workspace/CMSIS_DSPLIB_CM3/lib/libCMSIS_DSPLIB_CM3.a(arm_max_f32.o)
 .debug_aranges
                0x00000000000006f0       0x20 /home/dlugano/UTN/TC2/TC2_2023_Lugano/TPLABs/TP2/workspace/CMSIS_DSPLIB_CM3/lib/libCMSIS_DSPLIB_CM3.a(arm_biquad_cascade_df1_init_q31.o)
 .debug_aranges
                0x0000000000000710       0x20 /home/dlugano/UTN/TC2/TC2_2023_Lugano/TPLABs/TP2/workspace/CMSIS_DSPLIB_CM3/lib/libCMSIS_DSPLIB_CM3.a(arm_biquad_cascade_df1_q31.o)
 .debug_aranges
                0x0000000000000730       0x20 /home/dlugano/UTN/TC2/TC2_2023_Lugano/TPLABs/TP2/workspace/CMSIS_DSPLIB_CM3/lib/libCMSIS_DSPLIB_CM3.a(arm_fir_init_q31.o)
 .debug_aranges
                0x0000000000000750       0x20 /home/dlugano/UTN/TC2/TC2_2023_Lugano/TPLABs/TP2/workspace/CMSIS_DSPLIB_CM3/lib/libCMSIS_DSPLIB_CM3.a(arm_fir_q31.o)
 .debug_aranges
                0x0000000000000770       0x20 /home/dlugano/UTN/TC2/TC2_2023_Lugano/TPLABs/TP2/workspace/CMSIS_DSPLIB_CM3/lib/libCMSIS_DSPLIB_CM3.a(arm_scale_f32.o)

.debug_ranges   0x0000000000000000      0x650
 .debug_ranges  0x0000000000000000       0x10 ./src/ADCMSIS.o
 .debug_ranges  0x0000000000000010       0x20 ./src/adc.o
 .debug_ranges  0x0000000000000030       0x70 ./src/cr_startup_lpc175x_6x.o
 .debug_ranges  0x00000000000000a0       0x18 ./src/dac.o
 .debug_ranges  0x00000000000000b8       0x10 ./src/sysinit.o
 .debug_ranges  0x00000000000000c8      0x150 /home/dlugano/UTN/TC2/TC2_2023_Lugano/TPLABs/TP2/workspace/lpc_board_nxp_lpcxpresso_1769/Debug/liblpc_board_nxp_lpcxpresso_1769.a(board.o)
 .debug_ranges  0x0000000000000218       0x28 /home/dlugano/UTN/TC2/TC2_2023_Lugano/TPLABs/TP2/workspace/lpc_board_nxp_lpcxpresso_1769/Debug/liblpc_board_nxp_lpcxpresso_1769.a(board_sysinit.o)
 .debug_ranges  0x0000000000000240       0x78 /home/dlugano/UTN/TC2/TC2_2023_Lugano/TPLABs/TP2/workspace/lpc_chip_175x_6x/Debug/liblpc_chip_175x_6x.a(adc_17xx_40xx.o)
 .debug_ranges  0x00000000000002b8       0x28 /home/dlugano/UTN/TC2/TC2_2023_Lugano/TPLABs/TP2/workspace/lpc_chip_175x_6x/Debug/liblpc_chip_175x_6x.a(chip_17xx_40xx.o)
 .debug_ranges  0x00000000000002e0      0x110 /home/dlugano/UTN/TC2/TC2_2023_Lugano/TPLABs/TP2/workspace/lpc_chip_175x_6x/Debug/liblpc_chip_175x_6x.a(clock_17xx_40xx.o)
 .debug_ranges  0x00000000000003f0       0x28 /home/dlugano/UTN/TC2/TC2_2023_Lugano/TPLABs/TP2/workspace/lpc_chip_175x_6x/Debug/liblpc_chip_175x_6x.a(dac_17xx_40xx.o)
 .debug_ranges  0x0000000000000418       0x20 /home/dlugano/UTN/TC2/TC2_2023_Lugano/TPLABs/TP2/workspace/lpc_chip_175x_6x/Debug/liblpc_chip_175x_6x.a(iocon_17xx_40xx.o)
 .debug_ranges  0x0000000000000438       0x50 /home/dlugano/UTN/TC2/TC2_2023_Lugano/TPLABs/TP2/workspace/lpc_chip_175x_6x/Debug/liblpc_chip_175x_6x.a(sysinit_17xx_40xx.o)
 .debug_ranges  0x0000000000000488      0x118 /home/dlugano/UTN/TC2/TC2_2023_Lugano/TPLABs/TP2/workspace/lpc_chip_175x_6x/Debug/liblpc_chip_175x_6x.a(uart_17xx_40xx.o)
 .debug_ranges  0x00000000000005a0       0x50 /home/dlugano/UTN/TC2/TC2_2023_Lugano/TPLABs/TP2/workspace/CMSIS_DSPLIB_CM3/lib/libCMSIS_DSPLIB_CM3.a(arm_float_to_q31.o)
 .debug_ranges  0x00000000000005f0       0x10 /home/dlugano/UTN/TC2/TC2_2023_Lugano/TPLABs/TP2/workspace/CMSIS_DSPLIB_CM3/lib/libCMSIS_DSPLIB_CM3.a(arm_max_f32.o)
 .debug_ranges  0x0000000000000600       0x10 /home/dlugano/UTN/TC2/TC2_2023_Lugano/TPLABs/TP2/workspace/CMSIS_DSPLIB_CM3/lib/libCMSIS_DSPLIB_CM3.a(arm_biquad_cascade_df1_init_q31.o)
 .debug_ranges  0x0000000000000610       0x10 /home/dlugano/UTN/TC2/TC2_2023_Lugano/TPLABs/TP2/workspace/CMSIS_DSPLIB_CM3/lib/libCMSIS_DSPLIB_CM3.a(arm_biquad_cascade_df1_q31.o)
 .debug_ranges  0x0000000000000620       0x10 /home/dlugano/UTN/TC2/TC2_2023_Lugano/TPLABs/TP2/workspace/CMSIS_DSPLIB_CM3/lib/libCMSIS_DSPLIB_CM3.a(arm_fir_init_q31.o)
 .debug_ranges  0x0000000000000630       0x10 /home/dlugano/UTN/TC2/TC2_2023_Lugano/TPLABs/TP2/workspace/CMSIS_DSPLIB_CM3/lib/libCMSIS_DSPLIB_CM3.a(arm_fir_q31.o)
 .debug_ranges  0x0000000000000640       0x10 /home/dlugano/UTN/TC2/TC2_2023_Lugano/TPLABs/TP2/workspace/CMSIS_DSPLIB_CM3/lib/libCMSIS_DSPLIB_CM3.a(arm_scale_f32.o)

.debug_line     0x0000000000000000     0x6a8d
 .debug_line    0x0000000000000000      0x2c3 ./src/ADCMSIS.o
 .debug_line    0x00000000000002c3      0x2fb ./src/adc.o
 .debug_line    0x00000000000005be      0x160 ./src/cr_startup_lpc175x_6x.o
 .debug_line    0x000000000000071e       0x2d ./src/crp.o
 .debug_line    0x000000000000074b      0x143 ./src/dac.o
 .debug_line    0x000000000000088e      0x16a ./src/filter.o
 .debug_line    0x00000000000009f8       0x55 ./src/sysinit.o
 .debug_line    0x0000000000000a4d      0xaa4 /home/dlugano/UTN/TC2/TC2_2023_Lugano/TPLABs/TP2/workspace/lpc_board_nxp_lpcxpresso_1769/Debug/liblpc_board_nxp_lpcxpresso_1769.a(board.o)
 .debug_line    0x00000000000014f1      0x57b /home/dlugano/UTN/TC2/TC2_2023_Lugano/TPLABs/TP2/workspace/lpc_board_nxp_lpcxpresso_1769/Debug/liblpc_board_nxp_lpcxpresso_1769.a(board_sysinit.o)
 .debug_line    0x0000000000001a6c      0x6c4 /home/dlugano/UTN/TC2/TC2_2023_Lugano/TPLABs/TP2/workspace/lpc_chip_175x_6x/Debug/liblpc_chip_175x_6x.a(adc_17xx_40xx.o)
 .debug_line    0x0000000000002130      0x527 /home/dlugano/UTN/TC2/TC2_2023_Lugano/TPLABs/TP2/workspace/lpc_chip_175x_6x/Debug/liblpc_chip_175x_6x.a(chip_17xx_40xx.o)
 .debug_line    0x0000000000002657      0x98e /home/dlugano/UTN/TC2/TC2_2023_Lugano/TPLABs/TP2/workspace/lpc_chip_175x_6x/Debug/liblpc_chip_175x_6x.a(clock_17xx_40xx.o)
 .debug_line    0x0000000000002fe5      0x4e2 /home/dlugano/UTN/TC2/TC2_2023_Lugano/TPLABs/TP2/workspace/lpc_chip_175x_6x/Debug/liblpc_chip_175x_6x.a(dac_17xx_40xx.o)
 .debug_line    0x00000000000034c7      0x543 /home/dlugano/UTN/TC2/TC2_2023_Lugano/TPLABs/TP2/workspace/lpc_chip_175x_6x/Debug/liblpc_chip_175x_6x.a(iocon_17xx_40xx.o)
 .debug_line    0x0000000000003a0a      0x600 /home/dlugano/UTN/TC2/TC2_2023_Lugano/TPLABs/TP2/workspace/lpc_chip_175x_6x/Debug/liblpc_chip_175x_6x.a(sysinit_17xx_40xx.o)
 .debug_line    0x000000000000400a      0xa69 /home/dlugano/UTN/TC2/TC2_2023_Lugano/TPLABs/TP2/workspace/lpc_chip_175x_6x/Debug/liblpc_chip_175x_6x.a(uart_17xx_40xx.o)
 .debug_line    0x0000000000004a73      0x46b /home/dlugano/UTN/TC2/TC2_2023_Lugano/TPLABs/TP2/workspace/CMSIS_DSPLIB_CM3/lib/libCMSIS_DSPLIB_CM3.a(arm_float_to_q31.o)
 .debug_line    0x0000000000004ede      0x499 /home/dlugano/UTN/TC2/TC2_2023_Lugano/TPLABs/TP2/workspace/CMSIS_DSPLIB_CM3/lib/libCMSIS_DSPLIB_CM3.a(arm_max_f32.o)
 .debug_line    0x0000000000005377      0x3e2 /home/dlugano/UTN/TC2/TC2_2023_Lugano/TPLABs/TP2/workspace/CMSIS_DSPLIB_CM3/lib/libCMSIS_DSPLIB_CM3.a(arm_biquad_cascade_df1_init_q31.o)
 .debug_line    0x0000000000005759      0x50a /home/dlugano/UTN/TC2/TC2_2023_Lugano/TPLABs/TP2/workspace/CMSIS_DSPLIB_CM3/lib/libCMSIS_DSPLIB_CM3.a(arm_biquad_cascade_df1_q31.o)
 .debug_line    0x0000000000005c63      0x3cc /home/dlugano/UTN/TC2/TC2_2023_Lugano/TPLABs/TP2/workspace/CMSIS_DSPLIB_CM3/lib/libCMSIS_DSPLIB_CM3.a(arm_fir_init_q31.o)
 .debug_line    0x000000000000602f      0x60d /home/dlugano/UTN/TC2/TC2_2023_Lugano/TPLABs/TP2/workspace/CMSIS_DSPLIB_CM3/lib/libCMSIS_DSPLIB_CM3.a(arm_fir_q31.o)
 .debug_line    0x000000000000663c      0x451 /home/dlugano/UTN/TC2/TC2_2023_Lugano/TPLABs/TP2/workspace/CMSIS_DSPLIB_CM3/lib/libCMSIS_DSPLIB_CM3.a(arm_scale_f32.o)

.debug_str      0x0000000000000000    0x13dd4
 .debug_str     0x0000000000000000      0x41b ./src/ADCMSIS.o
                                        0x4cb (size before relaxing)
 .debug_str     0x000000000000041b      0x379 ./src/adc.o
                                        0x780 (size before relaxing)
 .debug_str     0x0000000000000794      0x17a ./src/cr_startup_lpc175x_6x.o
                                        0x2a7 (size before relaxing)
 .debug_str     0x000000000000090e       0x16 ./src/crp.o
                                        0x13d (size before relaxing)
 .debug_str     0x0000000000000924       0x2f ./src/dac.o
                                        0x1ed (size before relaxing)
 .debug_str     0x0000000000000953       0x10 ./src/filter.o
                                        0x1eb (size before relaxing)
 .debug_str     0x0000000000000963       0x1b ./src/sysinit.o
                                        0x1e3 (size before relaxing)
 .debug_str     0x000000000000097e    0x11d59 /home/dlugano/UTN/TC2/TC2_2023_Lugano/TPLABs/TP2/workspace/lpc_board_nxp_lpcxpresso_1769/Debug/liblpc_board_nxp_lpcxpresso_1769.a(board.o)
                                      0x12086 (size before relaxing)
 .debug_str     0x00000000000126d7      0x22d /home/dlugano/UTN/TC2/TC2_2023_Lugano/TPLABs/TP2/workspace/lpc_board_nxp_lpcxpresso_1769/Debug/liblpc_board_nxp_lpcxpresso_1769.a(board_sysinit.o)
                                      0x115a9 (size before relaxing)
 .debug_str     0x0000000000012904      0x56c /home/dlugano/UTN/TC2/TC2_2023_Lugano/TPLABs/TP2/workspace/lpc_chip_175x_6x/Debug/liblpc_chip_175x_6x.a(adc_17xx_40xx.o)
                                      0x11544 (size before relaxing)
 .debug_str     0x0000000000012e70       0x83 /home/dlugano/UTN/TC2/TC2_2023_Lugano/TPLABs/TP2/workspace/lpc_chip_175x_6x/Debug/liblpc_chip_175x_6x.a(chip_17xx_40xx.o)
                                      0x112a1 (size before relaxing)
 .debug_str     0x0000000000012ef3      0x623 /home/dlugano/UTN/TC2/TC2_2023_Lugano/TPLABs/TP2/workspace/lpc_chip_175x_6x/Debug/liblpc_chip_175x_6x.a(clock_17xx_40xx.o)
                                      0x11926 (size before relaxing)
 .debug_str     0x0000000000013516       0xb6 /home/dlugano/UTN/TC2/TC2_2023_Lugano/TPLABs/TP2/workspace/lpc_chip_175x_6x/Debug/liblpc_chip_175x_6x.a(dac_17xx_40xx.o)
                                      0x10d63 (size before relaxing)
 .debug_str     0x00000000000135cc       0x74 /home/dlugano/UTN/TC2/TC2_2023_Lugano/TPLABs/TP2/workspace/lpc_chip_175x_6x/Debug/liblpc_chip_175x_6x.a(iocon_17xx_40xx.o)
                                      0x10d8c (size before relaxing)
 .debug_str     0x0000000000013640       0xc4 /home/dlugano/UTN/TC2/TC2_2023_Lugano/TPLABs/TP2/workspace/lpc_chip_175x_6x/Debug/liblpc_chip_175x_6x.a(sysinit_17xx_40xx.o)
                                      0x10f74 (size before relaxing)
 .debug_str     0x0000000000013704      0x387 /home/dlugano/UTN/TC2/TC2_2023_Lugano/TPLABs/TP2/workspace/lpc_chip_175x_6x/Debug/liblpc_chip_175x_6x.a(uart_17xx_40xx.o)
                                      0x117e4 (size before relaxing)
 .debug_str     0x0000000000013a8b      0x107 /home/dlugano/UTN/TC2/TC2_2023_Lugano/TPLABs/TP2/workspace/CMSIS_DSPLIB_CM3/lib/libCMSIS_DSPLIB_CM3.a(arm_float_to_q31.o)
                                        0x1af (size before relaxing)
 .debug_str     0x0000000000013b92       0x65 /home/dlugano/UTN/TC2/TC2_2023_Lugano/TPLABs/TP2/workspace/CMSIS_DSPLIB_CM3/lib/libCMSIS_DSPLIB_CM3.a(arm_max_f32.o)
                                        0x1a5 (size before relaxing)
 .debug_str     0x0000000000013bf7       0x64 /home/dlugano/UTN/TC2/TC2_2023_Lugano/TPLABs/TP2/workspace/CMSIS_DSPLIB_CM3/lib/libCMSIS_DSPLIB_CM3.a(arm_biquad_cascade_df1_init_q31.o)
                                        0x1db (size before relaxing)
 .debug_str     0x0000000000013c5b       0x86 /home/dlugano/UTN/TC2/TC2_2023_Lugano/TPLABs/TP2/workspace/CMSIS_DSPLIB_CM3/lib/libCMSIS_DSPLIB_CM3.a(arm_biquad_cascade_df1_q31.o)
                                        0x218 (size before relaxing)
 .debug_str     0x0000000000013ce1       0x46 /home/dlugano/UTN/TC2/TC2_2023_Lugano/TPLABs/TP2/workspace/CMSIS_DSPLIB_CM3/lib/libCMSIS_DSPLIB_CM3.a(arm_fir_init_q31.o)
                                        0x1ad (size before relaxing)
 .debug_str     0x0000000000013d27       0x67 /home/dlugano/UTN/TC2/TC2_2023_Lugano/TPLABs/TP2/workspace/CMSIS_DSPLIB_CM3/lib/libCMSIS_DSPLIB_CM3.a(arm_fir_q31.o)
                                        0x1ed (size before relaxing)
 .debug_str     0x0000000000013d8e       0x46 /home/dlugano/UTN/TC2/TC2_2023_Lugano/TPLABs/TP2/workspace/CMSIS_DSPLIB_CM3/lib/libCMSIS_DSPLIB_CM3.a(arm_scale_f32.o)
                                        0x185 (size before relaxing)

.comment        0x0000000000000000       0xb9
 .comment       0x0000000000000000       0x49 ./src/ADCMSIS.o
                                         0x4a (size before relaxing)
 .comment       0x0000000000000049       0x4a ./src/adc.o
 .comment       0x0000000000000049       0x4a ./src/cr_startup_lpc175x_6x.o
 .comment       0x0000000000000049       0x4a ./src/crp.o
 .comment       0x0000000000000049       0x4a ./src/dac.o
 .comment       0x0000000000000049       0x4a ./src/filter.o
 .comment       0x0000000000000049       0x4a ./src/sysinit.o
 .comment       0x0000000000000049       0x4a /home/dlugano/UTN/TC2/TC2_2023_Lugano/TPLABs/TP2/workspace/lpc_board_nxp_lpcxpresso_1769/Debug/liblpc_board_nxp_lpcxpresso_1769.a(board.o)
 .comment       0x0000000000000049       0x4a /home/dlugano/UTN/TC2/TC2_2023_Lugano/TPLABs/TP2/workspace/lpc_board_nxp_lpcxpresso_1769/Debug/liblpc_board_nxp_lpcxpresso_1769.a(board_sysinit.o)
 .comment       0x0000000000000049       0x4a /home/dlugano/UTN/TC2/TC2_2023_Lugano/TPLABs/TP2/workspace/lpc_chip_175x_6x/Debug/liblpc_chip_175x_6x.a(adc_17xx_40xx.o)
 .comment       0x0000000000000049       0x4a /home/dlugano/UTN/TC2/TC2_2023_Lugano/TPLABs/TP2/workspace/lpc_chip_175x_6x/Debug/liblpc_chip_175x_6x.a(chip_17xx_40xx.o)
 .comment       0x0000000000000049       0x4a /home/dlugano/UTN/TC2/TC2_2023_Lugano/TPLABs/TP2/workspace/lpc_chip_175x_6x/Debug/liblpc_chip_175x_6x.a(clock_17xx_40xx.o)
 .comment       0x0000000000000049       0x4a /home/dlugano/UTN/TC2/TC2_2023_Lugano/TPLABs/TP2/workspace/lpc_chip_175x_6x/Debug/liblpc_chip_175x_6x.a(dac_17xx_40xx.o)
 .comment       0x0000000000000049       0x4a /home/dlugano/UTN/TC2/TC2_2023_Lugano/TPLABs/TP2/workspace/lpc_chip_175x_6x/Debug/liblpc_chip_175x_6x.a(iocon_17xx_40xx.o)
 .comment       0x0000000000000049       0x4a /home/dlugano/UTN/TC2/TC2_2023_Lugano/TPLABs/TP2/workspace/lpc_chip_175x_6x/Debug/liblpc_chip_175x_6x.a(sysinit_17xx_40xx.o)
 .comment       0x0000000000000049       0x4a /home/dlugano/UTN/TC2/TC2_2023_Lugano/TPLABs/TP2/workspace/lpc_chip_175x_6x/Debug/liblpc_chip_175x_6x.a(uart_17xx_40xx.o)
 .comment       0x0000000000000049       0x70 /home/dlugano/UTN/TC2/TC2_2023_Lugano/TPLABs/TP2/workspace/CMSIS_DSPLIB_CM3/lib/libCMSIS_DSPLIB_CM3.a(arm_float_to_q31.o)
                                         0x71 (size before relaxing)
 .comment       0x00000000000000b9       0x71 /home/dlugano/UTN/TC2/TC2_2023_Lugano/TPLABs/TP2/workspace/CMSIS_DSPLIB_CM3/lib/libCMSIS_DSPLIB_CM3.a(arm_max_f32.o)
 .comment       0x00000000000000b9       0x71 /home/dlugano/UTN/TC2/TC2_2023_Lugano/TPLABs/TP2/workspace/CMSIS_DSPLIB_CM3/lib/libCMSIS_DSPLIB_CM3.a(arm_biquad_cascade_df1_init_q31.o)
 .comment       0x00000000000000b9       0x71 /home/dlugano/UTN/TC2/TC2_2023_Lugano/TPLABs/TP2/workspace/CMSIS_DSPLIB_CM3/lib/libCMSIS_DSPLIB_CM3.a(arm_biquad_cascade_df1_q31.o)
 .comment       0x00000000000000b9       0x71 /home/dlugano/UTN/TC2/TC2_2023_Lugano/TPLABs/TP2/workspace/CMSIS_DSPLIB_CM3/lib/libCMSIS_DSPLIB_CM3.a(arm_fir_init_q31.o)
 .comment       0x00000000000000b9       0x71 /home/dlugano/UTN/TC2/TC2_2023_Lugano/TPLABs/TP2/workspace/CMSIS_DSPLIB_CM3/lib/libCMSIS_DSPLIB_CM3.a(arm_fir_q31.o)
 .comment       0x00000000000000b9       0x71 /home/dlugano/UTN/TC2/TC2_2023_Lugano/TPLABs/TP2/workspace/CMSIS_DSPLIB_CM3/lib/libCMSIS_DSPLIB_CM3.a(arm_scale_f32.o)
 .comment       0x00000000000000b9       0x4a /usr/local/mcuxpressoide-11.7.1_9221/ide/plugins/com.nxp.mcuxpresso.tools.linux_11.7.1.202301190959/tools/bin/../lib/gcc/arm-none-eabi/10.3.1/../../../../arm-none-eabi/lib/thumb/v7-m/nofp/libcr_c.a(memset.o)
 .comment       0x00000000000000b9       0x4a /usr/local/mcuxpressoide-11.7.1_9221/ide/plugins/com.nxp.mcuxpresso.tools.linux_11.7.1.202301190959/tools/bin/../lib/gcc/arm-none-eabi/10.3.1/../../../../arm-none-eabi/lib/thumb/v7-m/nofp/libcr_c.a(__weak__main.o)
 .comment       0x00000000000000b9       0x4a /usr/local/mcuxpressoide-11.7.1_9221/ide/plugins/com.nxp.mcuxpresso.tools.linux_11.7.1.202301190959/tools/bin/../lib/gcc/arm-none-eabi/10.3.1/thumb/v7-m/nofp/libcr_eabihelpers.a(float.o)

.ARM.attributes
                0x0000000000000000       0x2b
 .ARM.attributes
                0x0000000000000000       0x2d ./src/ADCMSIS.o
 .ARM.attributes
                0x000000000000002d       0x2d ./src/adc.o
 .ARM.attributes
                0x000000000000005a       0x2d ./src/cr_startup_lpc175x_6x.o
 .ARM.attributes
                0x0000000000000087       0x2d ./src/crp.o
 .ARM.attributes
                0x00000000000000b4       0x2d ./src/dac.o
 .ARM.attributes
                0x00000000000000e1       0x2d ./src/filter.o
 .ARM.attributes
                0x000000000000010e       0x2d ./src/sysinit.o
 .ARM.attributes
                0x000000000000013b       0x2d /home/dlugano/UTN/TC2/TC2_2023_Lugano/TPLABs/TP2/workspace/lpc_board_nxp_lpcxpresso_1769/Debug/liblpc_board_nxp_lpcxpresso_1769.a(board.o)
 .ARM.attributes
                0x0000000000000168       0x2d /home/dlugano/UTN/TC2/TC2_2023_Lugano/TPLABs/TP2/workspace/lpc_board_nxp_lpcxpresso_1769/Debug/liblpc_board_nxp_lpcxpresso_1769.a(board_sysinit.o)
 .ARM.attributes
                0x0000000000000195       0x2d /home/dlugano/UTN/TC2/TC2_2023_Lugano/TPLABs/TP2/workspace/lpc_chip_175x_6x/Debug/liblpc_chip_175x_6x.a(adc_17xx_40xx.o)
 .ARM.attributes
                0x00000000000001c2       0x2d /home/dlugano/UTN/TC2/TC2_2023_Lugano/TPLABs/TP2/workspace/lpc_chip_175x_6x/Debug/liblpc_chip_175x_6x.a(chip_17xx_40xx.o)
 .ARM.attributes
                0x00000000000001ef       0x2d /home/dlugano/UTN/TC2/TC2_2023_Lugano/TPLABs/TP2/workspace/lpc_chip_175x_6x/Debug/liblpc_chip_175x_6x.a(clock_17xx_40xx.o)
 .ARM.attributes
                0x000000000000021c       0x2d /home/dlugano/UTN/TC2/TC2_2023_Lugano/TPLABs/TP2/workspace/lpc_chip_175x_6x/Debug/liblpc_chip_175x_6x.a(dac_17xx_40xx.o)
 .ARM.attributes
                0x0000000000000249       0x2d /home/dlugano/UTN/TC2/TC2_2023_Lugano/TPLABs/TP2/workspace/lpc_chip_175x_6x/Debug/liblpc_chip_175x_6x.a(iocon_17xx_40xx.o)
 .ARM.attributes
                0x0000000000000276       0x2d /home/dlugano/UTN/TC2/TC2_2023_Lugano/TPLABs/TP2/workspace/lpc_chip_175x_6x/Debug/liblpc_chip_175x_6x.a(sysinit_17xx_40xx.o)
 .ARM.attributes
                0x00000000000002a3       0x2d /home/dlugano/UTN/TC2/TC2_2023_Lugano/TPLABs/TP2/workspace/lpc_chip_175x_6x/Debug/liblpc_chip_175x_6x.a(uart_17xx_40xx.o)
 .ARM.attributes
                0x00000000000002d0       0x33 /home/dlugano/UTN/TC2/TC2_2023_Lugano/TPLABs/TP2/workspace/CMSIS_DSPLIB_CM3/lib/libCMSIS_DSPLIB_CM3.a(arm_float_to_q31.o)
 .ARM.attributes
                0x0000000000000303       0x33 /home/dlugano/UTN/TC2/TC2_2023_Lugano/TPLABs/TP2/workspace/CMSIS_DSPLIB_CM3/lib/libCMSIS_DSPLIB_CM3.a(arm_max_f32.o)
 .ARM.attributes
                0x0000000000000336       0x33 /home/dlugano/UTN/TC2/TC2_2023_Lugano/TPLABs/TP2/workspace/CMSIS_DSPLIB_CM3/lib/libCMSIS_DSPLIB_CM3.a(arm_biquad_cascade_df1_init_q31.o)
 .ARM.attributes
                0x0000000000000369       0x33 /home/dlugano/UTN/TC2/TC2_2023_Lugano/TPLABs/TP2/workspace/CMSIS_DSPLIB_CM3/lib/libCMSIS_DSPLIB_CM3.a(arm_biquad_cascade_df1_q31.o)
 .ARM.attributes
                0x000000000000039c       0x33 /home/dlugano/UTN/TC2/TC2_2023_Lugano/TPLABs/TP2/workspace/CMSIS_DSPLIB_CM3/lib/libCMSIS_DSPLIB_CM3.a(arm_fir_init_q31.o)
 .ARM.attributes
                0x00000000000003cf       0x33 /home/dlugano/UTN/TC2/TC2_2023_Lugano/TPLABs/TP2/workspace/CMSIS_DSPLIB_CM3/lib/libCMSIS_DSPLIB_CM3.a(arm_fir_q31.o)
 .ARM.attributes
                0x0000000000000402       0x33 /home/dlugano/UTN/TC2/TC2_2023_Lugano/TPLABs/TP2/workspace/CMSIS_DSPLIB_CM3/lib/libCMSIS_DSPLIB_CM3.a(arm_scale_f32.o)
 .ARM.attributes
                0x0000000000000435       0x2d /usr/local/mcuxpressoide-11.7.1_9221/ide/plugins/com.nxp.mcuxpresso.tools.linux_11.7.1.202301190959/tools/bin/../lib/gcc/arm-none-eabi/10.3.1/../../../../arm-none-eabi/lib/thumb/v7-m/nofp/libcr_c.a(memset.o)
 .ARM.attributes
                0x0000000000000462       0x2d /usr/local/mcuxpressoide-11.7.1_9221/ide/plugins/com.nxp.mcuxpresso.tools.linux_11.7.1.202301190959/tools/bin/../lib/gcc/arm-none-eabi/10.3.1/../../../../arm-none-eabi/lib/thumb/v7-m/nofp/libcr_c.a(__weak__main.o)
 .ARM.attributes
                0x000000000000048f       0x2d /usr/local/mcuxpressoide-11.7.1_9221/ide/plugins/com.nxp.mcuxpresso.tools.linux_11.7.1.202301190959/tools/bin/../lib/gcc/arm-none-eabi/10.3.1/thumb/v7-m/nofp/libcr_eabihelpers.a(float.o)
 .ARM.attributes
                0x00000000000004bc       0x1b /usr/local/mcuxpressoide-11.7.1_9221/ide/plugins/com.nxp.mcuxpresso.tools.linux_11.7.1.202301190959/tools/bin/../lib/gcc/arm-none-eabi/10.3.1/thumb/v7-m/nofp/libcr_eabihelpers.a(memcpy.o)

.debug_frame    0x0000000000000000     0x192c
 .debug_frame   0x0000000000000000       0x30 ./src/ADCMSIS.o
 .debug_frame   0x0000000000000030       0x78 ./src/adc.o
 .debug_frame   0x00000000000000a8      0x170 ./src/cr_startup_lpc175x_6x.o
 .debug_frame   0x0000000000000218       0x50 ./src/dac.o
 .debug_frame   0x0000000000000268       0x34 ./src/sysinit.o
 .debug_frame   0x000000000000029c      0x5d4 /home/dlugano/UTN/TC2/TC2_2023_Lugano/TPLABs/TP2/workspace/lpc_board_nxp_lpcxpresso_1769/Debug/liblpc_board_nxp_lpcxpresso_1769.a(board.o)
 .debug_frame   0x0000000000000870       0x8c /home/dlugano/UTN/TC2/TC2_2023_Lugano/TPLABs/TP2/workspace/lpc_board_nxp_lpcxpresso_1769/Debug/liblpc_board_nxp_lpcxpresso_1769.a(board_sysinit.o)
 .debug_frame   0x00000000000008fc      0x218 /home/dlugano/UTN/TC2/TC2_2023_Lugano/TPLABs/TP2/workspace/lpc_chip_175x_6x/Debug/liblpc_chip_175x_6x.a(adc_17xx_40xx.o)
 .debug_frame   0x0000000000000b14       0x88 /home/dlugano/UTN/TC2/TC2_2023_Lugano/TPLABs/TP2/workspace/lpc_chip_175x_6x/Debug/liblpc_chip_175x_6x.a(chip_17xx_40xx.o)
 .debug_frame   0x0000000000000b9c      0x490 /home/dlugano/UTN/TC2/TC2_2023_Lugano/TPLABs/TP2/workspace/lpc_chip_175x_6x/Debug/liblpc_chip_175x_6x.a(clock_17xx_40xx.o)
 .debug_frame   0x000000000000102c       0xac /home/dlugano/UTN/TC2/TC2_2023_Lugano/TPLABs/TP2/workspace/lpc_chip_175x_6x/Debug/liblpc_chip_175x_6x.a(dac_17xx_40xx.o)
 .debug_frame   0x00000000000010d8       0x80 /home/dlugano/UTN/TC2/TC2_2023_Lugano/TPLABs/TP2/workspace/lpc_chip_175x_6x/Debug/liblpc_chip_175x_6x.a(iocon_17xx_40xx.o)
 .debug_frame   0x0000000000001158      0x12c /home/dlugano/UTN/TC2/TC2_2023_Lugano/TPLABs/TP2/workspace/lpc_chip_175x_6x/Debug/liblpc_chip_175x_6x.a(sysinit_17xx_40xx.o)
 .debug_frame   0x0000000000001284      0x538 /home/dlugano/UTN/TC2/TC2_2023_Lugano/TPLABs/TP2/workspace/lpc_chip_175x_6x/Debug/liblpc_chip_175x_6x.a(uart_17xx_40xx.o)
 .debug_frame   0x00000000000017bc       0x38 /home/dlugano/UTN/TC2/TC2_2023_Lugano/TPLABs/TP2/workspace/CMSIS_DSPLIB_CM3/lib/libCMSIS_DSPLIB_CM3.a(arm_float_to_q31.o)
 .debug_frame   0x00000000000017f4       0x38 /home/dlugano/UTN/TC2/TC2_2023_Lugano/TPLABs/TP2/workspace/CMSIS_DSPLIB_CM3/lib/libCMSIS_DSPLIB_CM3.a(arm_max_f32.o)
 .debug_frame   0x000000000000182c       0x2c /home/dlugano/UTN/TC2/TC2_2023_Lugano/TPLABs/TP2/workspace/CMSIS_DSPLIB_CM3/lib/libCMSIS_DSPLIB_CM3.a(arm_biquad_cascade_df1_init_q31.o)
 .debug_frame   0x0000000000001858       0x38 /home/dlugano/UTN/TC2/TC2_2023_Lugano/TPLABs/TP2/workspace/CMSIS_DSPLIB_CM3/lib/libCMSIS_DSPLIB_CM3.a(arm_biquad_cascade_df1_q31.o)
 .debug_frame   0x0000000000001890       0x2c /home/dlugano/UTN/TC2/TC2_2023_Lugano/TPLABs/TP2/workspace/CMSIS_DSPLIB_CM3/lib/libCMSIS_DSPLIB_CM3.a(arm_fir_init_q31.o)
 .debug_frame   0x00000000000018bc       0x38 /home/dlugano/UTN/TC2/TC2_2023_Lugano/TPLABs/TP2/workspace/CMSIS_DSPLIB_CM3/lib/libCMSIS_DSPLIB_CM3.a(arm_fir_q31.o)
 .debug_frame   0x00000000000018f4       0x38 /home/dlugano/UTN/TC2/TC2_2023_Lugano/TPLABs/TP2/workspace/CMSIS_DSPLIB_CM3/lib/libCMSIS_DSPLIB_CM3.a(arm_scale_f32.o)

.debug_macro    0x0000000000000000     0x4baf
 .debug_macro   0x0000000000000000      0x289 /home/dlugano/UTN/TC2/TC2_2023_Lugano/TPLABs/TP2/workspace/lpc_board_nxp_lpcxpresso_1769/Debug/liblpc_board_nxp_lpcxpresso_1769.a(board.o)
 .debug_macro   0x0000000000000289      0xa78 /home/dlugano/UTN/TC2/TC2_2023_Lugano/TPLABs/TP2/workspace/lpc_board_nxp_lpcxpresso_1769/Debug/liblpc_board_nxp_lpcxpresso_1769.a(board.o)
 .debug_macro   0x0000000000000d01       0x10 /home/dlugano/UTN/TC2/TC2_2023_Lugano/TPLABs/TP2/workspace/lpc_board_nxp_lpcxpresso_1769/Debug/liblpc_board_nxp_lpcxpresso_1769.a(board.o)
 .debug_macro   0x0000000000000d11      0x12e /home/dlugano/UTN/TC2/TC2_2023_Lugano/TPLABs/TP2/workspace/lpc_board_nxp_lpcxpresso_1769/Debug/liblpc_board_nxp_lpcxpresso_1769.a(board.o)
 .debug_macro   0x0000000000000e3f      0x5b3 /home/dlugano/UTN/TC2/TC2_2023_Lugano/TPLABs/TP2/workspace/lpc_board_nxp_lpcxpresso_1769/Debug/liblpc_board_nxp_lpcxpresso_1769.a(board.o)
 .debug_macro   0x00000000000013f2       0x22 /home/dlugano/UTN/TC2/TC2_2023_Lugano/TPLABs/TP2/workspace/lpc_board_nxp_lpcxpresso_1769/Debug/liblpc_board_nxp_lpcxpresso_1769.a(board.o)
 .debug_macro   0x0000000000001414       0x7b /home/dlugano/UTN/TC2/TC2_2023_Lugano/TPLABs/TP2/workspace/lpc_board_nxp_lpcxpresso_1769/Debug/liblpc_board_nxp_lpcxpresso_1769.a(board.o)
 .debug_macro   0x000000000000148f       0x10 /home/dlugano/UTN/TC2/TC2_2023_Lugano/TPLABs/TP2/workspace/lpc_board_nxp_lpcxpresso_1769/Debug/liblpc_board_nxp_lpcxpresso_1769.a(board.o)
 .debug_macro   0x000000000000149f       0x2d /home/dlugano/UTN/TC2/TC2_2023_Lugano/TPLABs/TP2/workspace/lpc_board_nxp_lpcxpresso_1769/Debug/liblpc_board_nxp_lpcxpresso_1769.a(board.o)
 .debug_macro   0x00000000000014cc       0x3a /home/dlugano/UTN/TC2/TC2_2023_Lugano/TPLABs/TP2/workspace/lpc_board_nxp_lpcxpresso_1769/Debug/liblpc_board_nxp_lpcxpresso_1769.a(board.o)
 .debug_macro   0x0000000000001506       0x2d /home/dlugano/UTN/TC2/TC2_2023_Lugano/TPLABs/TP2/workspace/lpc_board_nxp_lpcxpresso_1769/Debug/liblpc_board_nxp_lpcxpresso_1769.a(board.o)
 .debug_macro   0x0000000000001533      0xbb1 /home/dlugano/UTN/TC2/TC2_2023_Lugano/TPLABs/TP2/workspace/lpc_board_nxp_lpcxpresso_1769/Debug/liblpc_board_nxp_lpcxpresso_1769.a(board.o)
 .debug_macro   0x00000000000020e4      0x22c /home/dlugano/UTN/TC2/TC2_2023_Lugano/TPLABs/TP2/workspace/lpc_board_nxp_lpcxpresso_1769/Debug/liblpc_board_nxp_lpcxpresso_1769.a(board.o)
 .debug_macro   0x0000000000002310       0x42 /home/dlugano/UTN/TC2/TC2_2023_Lugano/TPLABs/TP2/workspace/lpc_board_nxp_lpcxpresso_1769/Debug/liblpc_board_nxp_lpcxpresso_1769.a(board.o)
 .debug_macro   0x0000000000002352       0x52 /home/dlugano/UTN/TC2/TC2_2023_Lugano/TPLABs/TP2/workspace/lpc_board_nxp_lpcxpresso_1769/Debug/liblpc_board_nxp_lpcxpresso_1769.a(board.o)
 .debug_macro   0x00000000000023a4       0x78 /home/dlugano/UTN/TC2/TC2_2023_Lugano/TPLABs/TP2/workspace/lpc_board_nxp_lpcxpresso_1769/Debug/liblpc_board_nxp_lpcxpresso_1769.a(board.o)
 .debug_macro   0x000000000000241c       0x82 /home/dlugano/UTN/TC2/TC2_2023_Lugano/TPLABs/TP2/workspace/lpc_board_nxp_lpcxpresso_1769/Debug/liblpc_board_nxp_lpcxpresso_1769.a(board.o)
 .debug_macro   0x000000000000249e      0x48c /home/dlugano/UTN/TC2/TC2_2023_Lugano/TPLABs/TP2/workspace/lpc_board_nxp_lpcxpresso_1769/Debug/liblpc_board_nxp_lpcxpresso_1769.a(board.o)
 .debug_macro   0x000000000000292a       0x34 /home/dlugano/UTN/TC2/TC2_2023_Lugano/TPLABs/TP2/workspace/lpc_board_nxp_lpcxpresso_1769/Debug/liblpc_board_nxp_lpcxpresso_1769.a(board.o)
 .debug_macro   0x000000000000295e      0x4c5 /home/dlugano/UTN/TC2/TC2_2023_Lugano/TPLABs/TP2/workspace/lpc_board_nxp_lpcxpresso_1769/Debug/liblpc_board_nxp_lpcxpresso_1769.a(board.o)
 .debug_macro   0x0000000000002e23      0x1b7 /home/dlugano/UTN/TC2/TC2_2023_Lugano/TPLABs/TP2/workspace/lpc_board_nxp_lpcxpresso_1769/Debug/liblpc_board_nxp_lpcxpresso_1769.a(board.o)
 .debug_macro   0x0000000000002fda       0x10 /home/dlugano/UTN/TC2/TC2_2023_Lugano/TPLABs/TP2/workspace/lpc_board_nxp_lpcxpresso_1769/Debug/liblpc_board_nxp_lpcxpresso_1769.a(board.o)
 .debug_macro   0x0000000000002fea      0x21b /home/dlugano/UTN/TC2/TC2_2023_Lugano/TPLABs/TP2/workspace/lpc_board_nxp_lpcxpresso_1769/Debug/liblpc_board_nxp_lpcxpresso_1769.a(board.o)
 .debug_macro   0x0000000000003205      0x1b9 /home/dlugano/UTN/TC2/TC2_2023_Lugano/TPLABs/TP2/workspace/lpc_board_nxp_lpcxpresso_1769/Debug/liblpc_board_nxp_lpcxpresso_1769.a(board.o)
 .debug_macro   0x00000000000033be       0x40 /home/dlugano/UTN/TC2/TC2_2023_Lugano/TPLABs/TP2/workspace/lpc_board_nxp_lpcxpresso_1769/Debug/liblpc_board_nxp_lpcxpresso_1769.a(board.o)
 .debug_macro   0x00000000000033fe       0x22 /home/dlugano/UTN/TC2/TC2_2023_Lugano/TPLABs/TP2/workspace/lpc_board_nxp_lpcxpresso_1769/Debug/liblpc_board_nxp_lpcxpresso_1769.a(board.o)
 .debug_macro   0x0000000000003420      0x162 /home/dlugano/UTN/TC2/TC2_2023_Lugano/TPLABs/TP2/workspace/lpc_board_nxp_lpcxpresso_1769/Debug/liblpc_board_nxp_lpcxpresso_1769.a(board.o)
 .debug_macro   0x0000000000003582       0x94 /home/dlugano/UTN/TC2/TC2_2023_Lugano/TPLABs/TP2/workspace/lpc_board_nxp_lpcxpresso_1769/Debug/liblpc_board_nxp_lpcxpresso_1769.a(board.o)
 .debug_macro   0x0000000000003616       0xb8 /home/dlugano/UTN/TC2/TC2_2023_Lugano/TPLABs/TP2/workspace/lpc_board_nxp_lpcxpresso_1769/Debug/liblpc_board_nxp_lpcxpresso_1769.a(board.o)
 .debug_macro   0x00000000000036ce       0x4c /home/dlugano/UTN/TC2/TC2_2023_Lugano/TPLABs/TP2/workspace/lpc_board_nxp_lpcxpresso_1769/Debug/liblpc_board_nxp_lpcxpresso_1769.a(board.o)
 .debug_macro   0x000000000000371a       0x16 /home/dlugano/UTN/TC2/TC2_2023_Lugano/TPLABs/TP2/workspace/lpc_board_nxp_lpcxpresso_1769/Debug/liblpc_board_nxp_lpcxpresso_1769.a(board.o)
 .debug_macro   0x0000000000003730      0x328 /home/dlugano/UTN/TC2/TC2_2023_Lugano/TPLABs/TP2/workspace/lpc_board_nxp_lpcxpresso_1769/Debug/liblpc_board_nxp_lpcxpresso_1769.a(board.o)
 .debug_macro   0x0000000000003a58       0x49 /home/dlugano/UTN/TC2/TC2_2023_Lugano/TPLABs/TP2/workspace/lpc_board_nxp_lpcxpresso_1769/Debug/liblpc_board_nxp_lpcxpresso_1769.a(board.o)
 .debug_macro   0x0000000000003aa1       0x16 /home/dlugano/UTN/TC2/TC2_2023_Lugano/TPLABs/TP2/workspace/lpc_board_nxp_lpcxpresso_1769/Debug/liblpc_board_nxp_lpcxpresso_1769.a(board.o)
 .debug_macro   0x0000000000003ab7       0xca /home/dlugano/UTN/TC2/TC2_2023_Lugano/TPLABs/TP2/workspace/lpc_board_nxp_lpcxpresso_1769/Debug/liblpc_board_nxp_lpcxpresso_1769.a(board.o)
 .debug_macro   0x0000000000003b81       0x18 /home/dlugano/UTN/TC2/TC2_2023_Lugano/TPLABs/TP2/workspace/lpc_board_nxp_lpcxpresso_1769/Debug/liblpc_board_nxp_lpcxpresso_1769.a(board.o)
 .debug_macro   0x0000000000003b99       0x70 /home/dlugano/UTN/TC2/TC2_2023_Lugano/TPLABs/TP2/workspace/lpc_board_nxp_lpcxpresso_1769/Debug/liblpc_board_nxp_lpcxpresso_1769.a(board.o)
 .debug_macro   0x0000000000003c09       0x9a /home/dlugano/UTN/TC2/TC2_2023_Lugano/TPLABs/TP2/workspace/lpc_board_nxp_lpcxpresso_1769/Debug/liblpc_board_nxp_lpcxpresso_1769.a(board.o)
 .debug_macro   0x0000000000003ca3       0x20 /home/dlugano/UTN/TC2/TC2_2023_Lugano/TPLABs/TP2/workspace/lpc_board_nxp_lpcxpresso_1769/Debug/liblpc_board_nxp_lpcxpresso_1769.a(board.o)
 .debug_macro   0x0000000000003cc3       0x28 /home/dlugano/UTN/TC2/TC2_2023_Lugano/TPLABs/TP2/workspace/lpc_board_nxp_lpcxpresso_1769/Debug/liblpc_board_nxp_lpcxpresso_1769.a(board.o)
 .debug_macro   0x0000000000003ceb       0x12 /home/dlugano/UTN/TC2/TC2_2023_Lugano/TPLABs/TP2/workspace/lpc_board_nxp_lpcxpresso_1769/Debug/liblpc_board_nxp_lpcxpresso_1769.a(board.o)
 .debug_macro   0x0000000000003cfd      0x217 /home/dlugano/UTN/TC2/TC2_2023_Lugano/TPLABs/TP2/workspace/lpc_board_nxp_lpcxpresso_1769/Debug/liblpc_board_nxp_lpcxpresso_1769.a(board_sysinit.o)
 .debug_macro   0x0000000000003f14      0x1cd /home/dlugano/UTN/TC2/TC2_2023_Lugano/TPLABs/TP2/workspace/lpc_chip_175x_6x/Debug/liblpc_chip_175x_6x.a(adc_17xx_40xx.o)
 .debug_macro   0x00000000000040e1      0x1cd /home/dlugano/UTN/TC2/TC2_2023_Lugano/TPLABs/TP2/workspace/lpc_chip_175x_6x/Debug/liblpc_chip_175x_6x.a(chip_17xx_40xx.o)
 .debug_macro   0x00000000000042ae      0x1cd /home/dlugano/UTN/TC2/TC2_2023_Lugano/TPLABs/TP2/workspace/lpc_chip_175x_6x/Debug/liblpc_chip_175x_6x.a(clock_17xx_40xx.o)
 .debug_macro   0x000000000000447b      0x1cd /home/dlugano/UTN/TC2/TC2_2023_Lugano/TPLABs/TP2/workspace/lpc_chip_175x_6x/Debug/liblpc_chip_175x_6x.a(dac_17xx_40xx.o)
 .debug_macro   0x0000000000004648      0x1cd /home/dlugano/UTN/TC2/TC2_2023_Lugano/TPLABs/TP2/workspace/lpc_chip_175x_6x/Debug/liblpc_chip_175x_6x.a(iocon_17xx_40xx.o)
 .debug_macro   0x0000000000004815      0x1cd /home/dlugano/UTN/TC2/TC2_2023_Lugano/TPLABs/TP2/workspace/lpc_chip_175x_6x/Debug/liblpc_chip_175x_6x.a(sysinit_17xx_40xx.o)
 .debug_macro   0x00000000000049e2      0x1cd /home/dlugano/UTN/TC2/TC2_2023_Lugano/TPLABs/TP2/workspace/lpc_chip_175x_6x/Debug/liblpc_chip_175x_6x.a(uart_17xx_40xx.o)

.debug_loc      0x0000000000000000     0x171e
 .debug_loc     0x0000000000000000      0x21e /home/dlugano/UTN/TC2/TC2_2023_Lugano/TPLABs/TP2/workspace/CMSIS_DSPLIB_CM3/lib/libCMSIS_DSPLIB_CM3.a(arm_float_to_q31.o)
 .debug_loc     0x000000000000021e      0x423 /home/dlugano/UTN/TC2/TC2_2023_Lugano/TPLABs/TP2/workspace/CMSIS_DSPLIB_CM3/lib/libCMSIS_DSPLIB_CM3.a(arm_max_f32.o)
 .debug_loc     0x0000000000000641       0x8e /home/dlugano/UTN/TC2/TC2_2023_Lugano/TPLABs/TP2/workspace/CMSIS_DSPLIB_CM3/lib/libCMSIS_DSPLIB_CM3.a(arm_biquad_cascade_df1_init_q31.o)
 .debug_loc     0x00000000000006cf      0x690 /home/dlugano/UTN/TC2/TC2_2023_Lugano/TPLABs/TP2/workspace/CMSIS_DSPLIB_CM3/lib/libCMSIS_DSPLIB_CM3.a(arm_biquad_cascade_df1_q31.o)
 .debug_loc     0x0000000000000d5f       0x9a /home/dlugano/UTN/TC2/TC2_2023_Lugano/TPLABs/TP2/workspace/CMSIS_DSPLIB_CM3/lib/libCMSIS_DSPLIB_CM3.a(arm_fir_init_q31.o)
 .debug_loc     0x0000000000000df9      0x7f0 /home/dlugano/UTN/TC2/TC2_2023_Lugano/TPLABs/TP2/workspace/CMSIS_DSPLIB_CM3/lib/libCMSIS_DSPLIB_CM3.a(arm_fir_q31.o)
 .debug_loc     0x00000000000015e9      0x135 /home/dlugano/UTN/TC2/TC2_2023_Lugano/TPLABs/TP2/workspace/CMSIS_DSPLIB_CM3/lib/libCMSIS_DSPLIB_CM3.a(arm_scale_f32.o)

.debug_macinfo  0x0000000000000000    0x20853
 .debug_macinfo
                0x0000000000000000     0x4a55 /home/dlugano/UTN/TC2/TC2_2023_Lugano/TPLABs/TP2/workspace/CMSIS_DSPLIB_CM3/lib/libCMSIS_DSPLIB_CM3.a(arm_float_to_q31.o)
 .debug_macinfo
                0x0000000000004a55     0x4a55 /home/dlugano/UTN/TC2/TC2_2023_Lugano/TPLABs/TP2/workspace/CMSIS_DSPLIB_CM3/lib/libCMSIS_DSPLIB_CM3.a(arm_max_f32.o)
 .debug_macinfo
                0x00000000000094aa     0x4a55 /home/dlugano/UTN/TC2/TC2_2023_Lugano/TPLABs/TP2/workspace/CMSIS_DSPLIB_CM3/lib/libCMSIS_DSPLIB_CM3.a(arm_biquad_cascade_df1_init_q31.o)
 .debug_macinfo
                0x000000000000deff     0x4a55 /home/dlugano/UTN/TC2/TC2_2023_Lugano/TPLABs/TP2/workspace/CMSIS_DSPLIB_CM3/lib/libCMSIS_DSPLIB_CM3.a(arm_biquad_cascade_df1_q31.o)
 .debug_macinfo
                0x0000000000012954     0x4a55 /home/dlugano/UTN/TC2/TC2_2023_Lugano/TPLABs/TP2/workspace/CMSIS_DSPLIB_CM3/lib/libCMSIS_DSPLIB_CM3.a(arm_fir_init_q31.o)
 .debug_macinfo
                0x00000000000173a9     0x4a55 /home/dlugano/UTN/TC2/TC2_2023_Lugano/TPLABs/TP2/workspace/CMSIS_DSPLIB_CM3/lib/libCMSIS_DSPLIB_CM3.a(arm_fir_q31.o)
 .debug_macinfo
                0x000000000001bdfe     0x4a55 /home/dlugano/UTN/TC2/TC2_2023_Lugano/TPLABs/TP2/workspace/CMSIS_DSPLIB_CM3/lib/libCMSIS_DSPLIB_CM3.a(arm_scale_f32.o)

Cross Reference Table

Symbol                                            File
ADC_IRQHandler                                    ./src/adc.o
BOD_IRQHandler                                    ./src/cr_startup_lpc175x_6x.o
Board_Audio_Init                                  /home/dlugano/UTN/TC2/TC2_2023_Lugano/TPLABs/TP2/workspace/lpc_board_nxp_lpcxpresso_1769/Debug/liblpc_board_nxp_lpcxpresso_1769.a(board.o)
Board_Buttons_Init                                /home/dlugano/UTN/TC2/TC2_2023_Lugano/TPLABs/TP2/workspace/lpc_board_nxp_lpcxpresso_1769/Debug/liblpc_board_nxp_lpcxpresso_1769.a(board.o)
Board_Debug_Init                                  /home/dlugano/UTN/TC2/TC2_2023_Lugano/TPLABs/TP2/workspace/lpc_board_nxp_lpcxpresso_1769/Debug/liblpc_board_nxp_lpcxpresso_1769.a(board.o)
Board_ENET_GetMacADDR                             /home/dlugano/UTN/TC2/TC2_2023_Lugano/TPLABs/TP2/workspace/lpc_board_nxp_lpcxpresso_1769/Debug/liblpc_board_nxp_lpcxpresso_1769.a(board.o)
Board_I2C_Init                                    /home/dlugano/UTN/TC2/TC2_2023_Lugano/TPLABs/TP2/workspace/lpc_board_nxp_lpcxpresso_1769/Debug/liblpc_board_nxp_lpcxpresso_1769.a(board.o)
Board_Init                                        /home/dlugano/UTN/TC2/TC2_2023_Lugano/TPLABs/TP2/workspace/lpc_board_nxp_lpcxpresso_1769/Debug/liblpc_board_nxp_lpcxpresso_1769.a(board.o)
                                                  ./src/ADCMSIS.o
Board_Joystick_Init                               /home/dlugano/UTN/TC2/TC2_2023_Lugano/TPLABs/TP2/workspace/lpc_board_nxp_lpcxpresso_1769/Debug/liblpc_board_nxp_lpcxpresso_1769.a(board.o)
Board_LED_Set                                     /home/dlugano/UTN/TC2/TC2_2023_Lugano/TPLABs/TP2/workspace/lpc_board_nxp_lpcxpresso_1769/Debug/liblpc_board_nxp_lpcxpresso_1769.a(board.o)
                                                  ./src/ADCMSIS.o
Board_LED_Test                                    /home/dlugano/UTN/TC2/TC2_2023_Lugano/TPLABs/TP2/workspace/lpc_board_nxp_lpcxpresso_1769/Debug/liblpc_board_nxp_lpcxpresso_1769.a(board.o)
Board_LED_Toggle                                  /home/dlugano/UTN/TC2/TC2_2023_Lugano/TPLABs/TP2/workspace/lpc_board_nxp_lpcxpresso_1769/Debug/liblpc_board_nxp_lpcxpresso_1769.a(board.o)
Board_SPI_AssertSSEL                              /home/dlugano/UTN/TC2/TC2_2023_Lugano/TPLABs/TP2/workspace/lpc_board_nxp_lpcxpresso_1769/Debug/liblpc_board_nxp_lpcxpresso_1769.a(board.o)
Board_SPI_DeassertSSEL                            /home/dlugano/UTN/TC2/TC2_2023_Lugano/TPLABs/TP2/workspace/lpc_board_nxp_lpcxpresso_1769/Debug/liblpc_board_nxp_lpcxpresso_1769.a(board.o)
Board_SPI_Init                                    /home/dlugano/UTN/TC2/TC2_2023_Lugano/TPLABs/TP2/workspace/lpc_board_nxp_lpcxpresso_1769/Debug/liblpc_board_nxp_lpcxpresso_1769.a(board.o)
Board_SSP_Init                                    /home/dlugano/UTN/TC2/TC2_2023_Lugano/TPLABs/TP2/workspace/lpc_board_nxp_lpcxpresso_1769/Debug/liblpc_board_nxp_lpcxpresso_1769.a(board.o)
Board_SetupClocking                               /home/dlugano/UTN/TC2/TC2_2023_Lugano/TPLABs/TP2/workspace/lpc_board_nxp_lpcxpresso_1769/Debug/liblpc_board_nxp_lpcxpresso_1769.a(board_sysinit.o)
Board_SetupMuxing                                 /home/dlugano/UTN/TC2/TC2_2023_Lugano/TPLABs/TP2/workspace/lpc_board_nxp_lpcxpresso_1769/Debug/liblpc_board_nxp_lpcxpresso_1769.a(board_sysinit.o)
Board_SystemInit                                  /home/dlugano/UTN/TC2/TC2_2023_Lugano/TPLABs/TP2/workspace/lpc_board_nxp_lpcxpresso_1769/Debug/liblpc_board_nxp_lpcxpresso_1769.a(board_sysinit.o)
                                                  ./src/sysinit.o
Board_UARTGetChar                                 /home/dlugano/UTN/TC2/TC2_2023_Lugano/TPLABs/TP2/workspace/lpc_board_nxp_lpcxpresso_1769/Debug/liblpc_board_nxp_lpcxpresso_1769.a(board.o)
Board_UARTPutChar                                 /home/dlugano/UTN/TC2/TC2_2023_Lugano/TPLABs/TP2/workspace/lpc_board_nxp_lpcxpresso_1769/Debug/liblpc_board_nxp_lpcxpresso_1769.a(board.o)
Board_UARTPutSTR                                  /home/dlugano/UTN/TC2/TC2_2023_Lugano/TPLABs/TP2/workspace/lpc_board_nxp_lpcxpresso_1769/Debug/liblpc_board_nxp_lpcxpresso_1769.a(board.o)
Board_UART_Init                                   /home/dlugano/UTN/TC2/TC2_2023_Lugano/TPLABs/TP2/workspace/lpc_board_nxp_lpcxpresso_1769/Debug/liblpc_board_nxp_lpcxpresso_1769.a(board.o)
Board_USBD_Init                                   /home/dlugano/UTN/TC2/TC2_2023_Lugano/TPLABs/TP2/workspace/lpc_board_nxp_lpcxpresso_1769/Debug/liblpc_board_nxp_lpcxpresso_1769.a(board.o)
BusFault_Handler                                  ./src/cr_startup_lpc175x_6x.o
Buttons_GetStatus                                 /home/dlugano/UTN/TC2/TC2_2023_Lugano/TPLABs/TP2/workspace/lpc_board_nxp_lpcxpresso_1769/Debug/liblpc_board_nxp_lpcxpresso_1769.a(board.o)
CANActivity_IRQHandler                            ./src/cr_startup_lpc175x_6x.o
CAN_IRQHandler                                    ./src/cr_startup_lpc175x_6x.o
CRP_WORD                                          ./src/crp.o
Chip_ADC_DeInit                                   /home/dlugano/UTN/TC2/TC2_2023_Lugano/TPLABs/TP2/workspace/lpc_chip_175x_6x/Debug/liblpc_chip_175x_6x.a(adc_17xx_40xx.o)
Chip_ADC_EnableChannel                            /home/dlugano/UTN/TC2/TC2_2023_Lugano/TPLABs/TP2/workspace/lpc_chip_175x_6x/Debug/liblpc_chip_175x_6x.a(adc_17xx_40xx.o)
                                                  ./src/adc.o
Chip_ADC_Init                                     /home/dlugano/UTN/TC2/TC2_2023_Lugano/TPLABs/TP2/workspace/lpc_chip_175x_6x/Debug/liblpc_chip_175x_6x.a(adc_17xx_40xx.o)
                                                  ./src/adc.o
Chip_ADC_Int_SetChannelCmd                        /home/dlugano/UTN/TC2/TC2_2023_Lugano/TPLABs/TP2/workspace/lpc_chip_175x_6x/Debug/liblpc_chip_175x_6x.a(adc_17xx_40xx.o)
                                                  ./src/adc.o
Chip_ADC_ReadByte                                 /home/dlugano/UTN/TC2/TC2_2023_Lugano/TPLABs/TP2/workspace/lpc_chip_175x_6x/Debug/liblpc_chip_175x_6x.a(adc_17xx_40xx.o)
Chip_ADC_ReadStatus                               /home/dlugano/UTN/TC2/TC2_2023_Lugano/TPLABs/TP2/workspace/lpc_chip_175x_6x/Debug/liblpc_chip_175x_6x.a(adc_17xx_40xx.o)
Chip_ADC_ReadValue                                /home/dlugano/UTN/TC2/TC2_2023_Lugano/TPLABs/TP2/workspace/lpc_chip_175x_6x/Debug/liblpc_chip_175x_6x.a(adc_17xx_40xx.o)
                                                  ./src/adc.o
Chip_ADC_SetBurstCmd                              /home/dlugano/UTN/TC2/TC2_2023_Lugano/TPLABs/TP2/workspace/lpc_chip_175x_6x/Debug/liblpc_chip_175x_6x.a(adc_17xx_40xx.o)
                                                  ./src/adc.o
Chip_ADC_SetSampleRate                            /home/dlugano/UTN/TC2/TC2_2023_Lugano/TPLABs/TP2/workspace/lpc_chip_175x_6x/Debug/liblpc_chip_175x_6x.a(adc_17xx_40xx.o)
                                                  ./src/adc.o
Chip_ADC_SetStartMode                             /home/dlugano/UTN/TC2/TC2_2023_Lugano/TPLABs/TP2/workspace/lpc_chip_175x_6x/Debug/liblpc_chip_175x_6x.a(adc_17xx_40xx.o)
Chip_Clock_DisablePLL                             /home/dlugano/UTN/TC2/TC2_2023_Lugano/TPLABs/TP2/workspace/lpc_chip_175x_6x/Debug/liblpc_chip_175x_6x.a(clock_17xx_40xx.o)
                                                  /home/dlugano/UTN/TC2/TC2_2023_Lugano/TPLABs/TP2/workspace/lpc_chip_175x_6x/Debug/liblpc_chip_175x_6x.a(sysinit_17xx_40xx.o)
Chip_Clock_DisablePeriphClock                     /home/dlugano/UTN/TC2/TC2_2023_Lugano/TPLABs/TP2/workspace/lpc_chip_175x_6x/Debug/liblpc_chip_175x_6x.a(clock_17xx_40xx.o)
                                                  /home/dlugano/UTN/TC2/TC2_2023_Lugano/TPLABs/TP2/workspace/lpc_chip_175x_6x/Debug/liblpc_chip_175x_6x.a(uart_17xx_40xx.o)
                                                  /home/dlugano/UTN/TC2/TC2_2023_Lugano/TPLABs/TP2/workspace/lpc_chip_175x_6x/Debug/liblpc_chip_175x_6x.a(i2s_17xx_40xx.o)
                                                  /home/dlugano/UTN/TC2/TC2_2023_Lugano/TPLABs/TP2/workspace/lpc_chip_175x_6x/Debug/liblpc_chip_175x_6x.a(adc_17xx_40xx.o)
Chip_Clock_EnablePLL                              /home/dlugano/UTN/TC2/TC2_2023_Lugano/TPLABs/TP2/workspace/lpc_chip_175x_6x/Debug/liblpc_chip_175x_6x.a(clock_17xx_40xx.o)
                                                  /home/dlugano/UTN/TC2/TC2_2023_Lugano/TPLABs/TP2/workspace/lpc_chip_175x_6x/Debug/liblpc_chip_175x_6x.a(sysinit_17xx_40xx.o)
                                                  /home/dlugano/UTN/TC2/TC2_2023_Lugano/TPLABs/TP2/workspace/lpc_chip_175x_6x/Debug/liblpc_chip_175x_6x.a(chip_17xx_40xx.o)
Chip_Clock_EnablePeriphClock                      /home/dlugano/UTN/TC2/TC2_2023_Lugano/TPLABs/TP2/workspace/lpc_chip_175x_6x/Debug/liblpc_chip_175x_6x.a(clock_17xx_40xx.o)