Archive member included to satisfy reference by file (symbol)

/home/dlugano/Documents/MCUXpresso_11.8.0_1165/workspace/lpc_board_nxp_lpcxpresso_1769/Debug/liblpc_board_nxp_lpcxpresso_1769.a(board.o)
                              ./src/ADCMSIS.o (Board_LED_Set)
/home/dlugano/Documents/MCUXpresso_11.8.0_1165/workspace/lpc_board_nxp_lpcxpresso_1769/Debug/liblpc_board_nxp_lpcxpresso_1769.a(board_sysinit.o)
                              ./src/sysinit.o (Board_SystemInit)
/home/dlugano/Documents/MCUXpresso_11.8.0_1165/workspace/lpc_chip_175x_6x/Debug/liblpc_chip_175x_6x.a(adc_17xx_40xx.o)
                              ./src/adc.o (Chip_ADC_Init)
/home/dlugano/Documents/MCUXpresso_11.8.0_1165/workspace/lpc_chip_175x_6x/Debug/liblpc_chip_175x_6x.a(chip_17xx_40xx.o)
                              ./src/ADCMSIS.o (SystemCoreClockUpdate)
/home/dlugano/Documents/MCUXpresso_11.8.0_1165/workspace/lpc_chip_175x_6x/Debug/liblpc_chip_175x_6x.a(clock_17xx_40xx.o)
                              /home/dlugano/Documents/MCUXpresso_11.8.0_1165/workspace/lpc_chip_175x_6x/Debug/liblpc_chip_175x_6x.a(chip_17xx_40xx.o) (Chip_Clock_EnablePLL)
/home/dlugano/Documents/MCUXpresso_11.8.0_1165/workspace/lpc_chip_175x_6x/Debug/liblpc_chip_175x_6x.a(dac_17xx_40xx.o)
                              ./src/dac.o (Chip_DAC_Init)
/home/dlugano/Documents/MCUXpresso_11.8.0_1165/workspace/lpc_chip_175x_6x/Debug/liblpc_chip_175x_6x.a(i2s_17xx_40xx.o)
                              /home/dlugano/Documents/MCUXpresso_11.8.0_1165/workspace/lpc_board_nxp_lpcxpresso_1769/Debug/liblpc_board_nxp_lpcxpresso_1769.a(board.o) (Chip_I2S_Init)
/home/dlugano/Documents/MCUXpresso_11.8.0_1165/workspace/lpc_chip_175x_6x/Debug/liblpc_chip_175x_6x.a(iocon_17xx_40xx.o)
                              /home/dlugano/Documents/MCUXpresso_11.8.0_1165/workspace/lpc_board_nxp_lpcxpresso_1769/Debug/liblpc_board_nxp_lpcxpresso_1769.a(board.o) (Chip_IOCON_PinMux)
/home/dlugano/Documents/MCUXpresso_11.8.0_1165/workspace/lpc_chip_175x_6x/Debug/liblpc_chip_175x_6x.a(sysinit_17xx_40xx.o)
                              /home/dlugano/Documents/MCUXpresso_11.8.0_1165/workspace/lpc_board_nxp_lpcxpresso_1769/Debug/liblpc_board_nxp_lpcxpresso_1769.a(board_sysinit.o) (Chip_SetupXtalClocking)
/home/dlugano/Documents/MCUXpresso_11.8.0_1165/workspace/lpc_chip_175x_6x/Debug/liblpc_chip_175x_6x.a(uart_17xx_40xx.o)
                              /home/dlugano/Documents/MCUXpresso_11.8.0_1165/workspace/lpc_board_nxp_lpcxpresso_1769/Debug/liblpc_board_nxp_lpcxpresso_1769.a(board.o) (Chip_UART_Init)
/home/dlugano/Documents/MCUXpresso_11.8.0_1165/workspace/lpc_chip_175x_6x/Debug/liblpc_chip_175x_6x.a(ring_buffer.o)
                              /home/dlugano/Documents/MCUXpresso_11.8.0_1165/workspace/lpc_chip_175x_6x/Debug/liblpc_chip_175x_6x.a(uart_17xx_40xx.o) (RingBuffer_Insert)
/home/dlugano/Documents/MCUXpresso_11.8.0_1165/workspace/CMSIS_DSPLIB_CM3/lib/libCMSIS_DSPLIB_CM3.a(arm_float_to_q31.o)
                              ./src/ADCMSIS.o (arm_float_to_q31)
/home/dlugano/Documents/MCUXpresso_11.8.0_1165/workspace/CMSIS_DSPLIB_CM3/lib/libCMSIS_DSPLIB_CM3.a(arm_biquad_cascade_df1_init_q31.o)
                              ./src/ADCMSIS.o (arm_biquad_cascade_df1_init_q31)
/home/dlugano/Documents/MCUXpresso_11.8.0_1165/workspace/CMSIS_DSPLIB_CM3/lib/libCMSIS_DSPLIB_CM3.a(arm_biquad_cascade_df1_q31.o)
                              ./src/ADCMSIS.o (arm_biquad_cascade_df1_q31)
/home/dlugano/Documents/MCUXpresso_11.8.0_1165/workspace/CMSIS_DSPLIB_CM3/lib/libCMSIS_DSPLIB_CM3.a(arm_fir_init_q31.o)
                              ./src/ADCMSIS.o (arm_fir_init_q31)
/home/dlugano/Documents/MCUXpresso_11.8.0_1165/workspace/CMSIS_DSPLIB_CM3/lib/libCMSIS_DSPLIB_CM3.a(arm_fir_q31.o)
                              ./src/ADCMSIS.o (arm_fir_q31)
/usr/local/mcuxpressoide-11.8.0_1165/ide/plugins/com.nxp.mcuxpresso.tools.linux_11.8.0.202306131047/tools/bin/../lib/gcc/arm-none-eabi/12.2.1/../../../../arm-none-eabi/lib/thumb/v7-m/nofp/libcr_c.a(memcpy.o)
                              /home/dlugano/Documents/MCUXpresso_11.8.0_1165/workspace/lpc_board_nxp_lpcxpresso_1769/Debug/liblpc_board_nxp_lpcxpresso_1769.a(board.o) (memcpy)
/usr/local/mcuxpressoide-11.8.0_1165/ide/plugins/com.nxp.mcuxpresso.tools.linux_11.8.0.202306131047/tools/bin/../lib/gcc/arm-none-eabi/12.2.1/../../../../arm-none-eabi/lib/thumb/v7-m/nofp/libcr_c.a(memset.o)
                              /home/dlugano/Documents/MCUXpresso_11.8.0_1165/workspace/CMSIS_DSPLIB_CM3/lib/libCMSIS_DSPLIB_CM3.a(arm_biquad_cascade_df1_init_q31.o) (memset)
/usr/local/mcuxpressoide-11.8.0_1165/ide/plugins/com.nxp.mcuxpresso.tools.linux_11.8.0.202306131047/tools/bin/../lib/gcc/arm-none-eabi/12.2.1/../../../../arm-none-eabi/lib/thumb/v7-m/nofp/libcr_c.a(__weak__main.o)
                              ./src/cr_startup_lpc175x_6x.o (__main)
[...]
Memory Configuration

Name             Origin             Length             Attributes
MFlash512        0x0000000000000000 0x0000000000080000 xr
RamLoc32         0x0000000010000000 0x0000000000008000 xrw
RamAHB32         0x000000002007c000 0x0000000000008000 xrw
*default*        0x0000000000000000 0xffffffffffffffff

Linker script and memory map

LOAD ./src/ADCMSIS.o
LOAD ./src/adc.o
LOAD ./src/cr_startup_lpc175x_6x.o
LOAD ./src/crp.o
LOAD ./src/dac.o
LOAD ./src/filter.o
LOAD ./src/sysinit.o
LOAD /home/dlugano/Documents/MCUXpresso_11.8.0_1165/workspace/lpc_board_nxp_lpcxpresso_1769/Debug/liblpc_board_nxp_lpcxpresso_1769.a
LOAD /home/dlugano/Documents/MCUXpresso_11.8.0_1165/workspace/lpc_chip_175x_6x/Debug/liblpc_chip_175x_6x.a
LOAD /home/dlugano/Documents/MCUXpresso_11.8.0_1165/workspace/CMSIS_DSPLIB_CM3/lib/libCMSIS_DSPLIB_CM3.a
START GROUP
LOAD /usr/local/mcuxpressoide-11.8.0_1165/ide/plugins/com.nxp.mcuxpresso.tools.linux_11.8.0.202306131047/tools/bin/../lib/gcc/arm-none-eabi/12.2.1/../../../../arm-none-eabi/lib/thumb/v7-m/nofp/libcr_c.a
LOAD /usr/local/mcuxpressoide-11.8.0_1165/ide/plugins/com.nxp.mcuxpresso.tools.linux_11.8.0.202306131047/tools/bin/../lib/gcc/arm-none-eabi/12.2.1/thumb/v7-m/nofp/libcr_eabihelpers.a
LOAD /usr/local/mcuxpressoide-11.8.0_1165/ide/plugins/com.nxp.mcuxpresso.tools.linux_11.8.0.202306131047/tools/bin/../lib/gcc/arm-none-eabi/12.2.1/thumb/v7-m/nofp/libgcc.a
END GROUP
                0x0000000000000000                __base_MFlash512 = 0x0
                0x0000000000000000                __base_Flash = 0x0
                0x0000000000080000                __top_MFlash512 = 0x80000
                0x0000000000080000                __top_Flash = 0x80000
                0x0000000010000000                __base_RamLoc32 = 0x10000000
                0x0000000010000000                __base_RAM = 0x10000000
                0x0000000010008000                __top_RamLoc32 = 0x10008000
                0x0000000010008000                __top_RAM = 0x10008000
                0x000000002007c000                __base_RamAHB32 = 0x2007c000
                0x000000002007c000                __base_RAM2 = 0x2007c000
                0x0000000020084000                __top_RamAHB32 = 0x20084000
                0x0000000020084000                __top_RAM2 = 0x20084000

.text           0x0000000000000000     0x1f74
 FILL mask 0xff
                0x0000000000000000                __vectors_start__ = ABSOLUTE (.)
 *(.isr_vector)
 .isr_vector    0x0000000000000000       0xcc ./src/cr_startup_lpc175x_6x.o
                0x0000000000000000                g_pfnVectors
                0x00000000000000cc                . = ALIGN (0x4)
                0x00000000000000cc                __section_table_start = .
                0x00000000000000cc                __data_section_table = .
                0x00000000000000cc        0x4 LONG 0x1f74 LOADADDR (.data)
                0x00000000000000d0        0x4 LONG 0x10000000 ADDR (.data)
                0x00000000000000d4        0x4 LONG 0xac SIZEOF (.data)
                0x00000000000000d8        0x4 LONG 0x1f74 LOADADDR (.data_RAM2)
                0x00000000000000dc        0x4 LONG 0x2007c000 ADDR (.data_RAM2)
                0x00000000000000e0        0x4 LONG 0x0 SIZEOF (.data_RAM2)
                0x00000000000000e4                __data_section_table_end = .
                0x00000000000000e4                __bss_section_table = .
                0x00000000000000e4        0x4 LONG 0x100000ac ADDR (.bss)
                0x00000000000000e8        0x4 LONG 0x617c SIZEOF (.bss)
                0x00000000000000ec        0x4 LONG 0x2007c000 ADDR (.bss_RAM2)
                0x00000000000000f0        0x4 LONG 0x0 SIZEOF (.bss_RAM2)
                0x00000000000000f4                __bss_section_table_end = .
                0x00000000000000f4                __section_table_end = .
 *(.after_vectors*)
 .after_vectors
                0x00000000000000f4      0x148 ./src/cr_startup_lpc175x_6x.o
                0x00000000000000f4                data_init
                0x0000000000000138                bss_init
                0x0000000000000170                ResetISR
                0x00000000000001ec                NMI_Handler
                0x00000000000001f4                HardFault_Handler
                0x00000000000001fc                MemManage_Handler
                0x0000000000000204                BusFault_Handler
                0x000000000000020c                UsageFault_Handler
                0x0000000000000214                SVC_Handler
                0x000000000000021c                DebugMon_Handler
                0x0000000000000224                PendSV_Handler
                0x000000000000022c                SysTick_Handler
                0x0000000000000234                TIMER2_IRQHandler
                0x0000000000000234                RIT_IRQHandler
                0x0000000000000234                I2C0_IRQHandler
                0x0000000000000234                USBActivity_IRQHandler
                0x0000000000000234                PWM1_IRQHandler
                0x0000000000000234                I2C1_IRQHandler
                0x0000000000000234                EINT2_IRQHandler
                0x0000000000000234                UART1_IRQHandler
                0x0000000000000234                EINT3_IRQHandler
                0x0000000000000234                CANActivity_IRQHandler
                0x0000000000000234                TIMER3_IRQHandler
                0x0000000000000234                UART0_IRQHandler
                0x0000000000000234                IntDefaultHandler
                0x0000000000000234                PLL0_IRQHandler
                0x0000000000000234                CAN_IRQHandler
                0x0000000000000234                PLL1_IRQHandler
                0x0000000000000234                SSP0_IRQHandler
                0x0000000000000234                I2S_IRQHandler
                0x0000000000000234                I2C2_IRQHandler
                0x0000000000000234                RTC_IRQHandler
                0x0000000000000234                TIMER0_IRQHandler
                0x0000000000000234                SPI_IRQHandler
                0x0000000000000234                EINT1_IRQHandler
                0x0000000000000234                TIMER1_IRQHandler
                0x0000000000000234                UART2_IRQHandler
                0x0000000000000234                SSP1_IRQHandler
                0x0000000000000234                USB_IRQHandler
                0x0000000000000234                BOD_IRQHandler
                0x0000000000000234                WDT_IRQHandler
                0x0000000000000234                QEI_IRQHandler
                0x0000000000000234                EINT0_IRQHandler
                0x0000000000000234                ETH_IRQHandler
                0x0000000000000234                DMA_IRQHandler
                0x0000000000000234                UART3_IRQHandler
                0x0000000000000234                MCPWM_IRQHandler
                0x00000000000002fc                . = 0x2fc
 *fill*         0x000000000000023c       0xc0 ff
                0x00000000000002fc                PROVIDE (__CRP_WORD_START__ = .)
 *(.crp)
 .crp           0x00000000000002fc        0x4 ./src/crp.o
                0x00000000000002fc                CRP_WORD
                0x0000000000000300                PROVIDE (__CRP_WORD_END__ = .)
                0x0000000000000001                ASSERT (! ((__CRP_WORD_START__ == __CRP_WORD_END__)), Linker CRP Enabled, but no CRP_WORD provided within application)
 *(.text*)
 .text.main     0x0000000000000300      0x144 ./src/ADCMSIS.o
                0x0000000000000300                main
 .text.NVIC_EnableIRQ
                0x0000000000000444       0x30 ./src/adc.o
 .text.adcInit  0x0000000000000474       0x4c ./src/adc.o
                0x0000000000000474                adcInit
 .text.ADC_IRQHandler
                0x00000000000004c0       0xcc ./src/adc.o
                0x00000000000004c0                ADC_IRQHandler
 .text.dacInit  0x000000000000058c       0x14 ./src/dac.o
                0x000000000000058c                dacInit
 .text.dacWrite
                0x00000000000005a0       0x1c ./src/dac.o
                0x00000000000005a0                dacWrite
 .text.SystemInit
                0x00000000000005bc       0x24 ./src/sysinit.o
                0x00000000000005bc                SystemInit
 .text.Chip_IOCON_Init
                0x00000000000005e0       0x16 /home/dlugano/Documents/MCUXpresso_11.8.0_1165/workspace/lpc_board_nxp_lpcxpresso_1769/Debug/liblpc_board_nxp_lpcxpresso_1769.a(board.o)
 .text.Chip_GPIO_Init
                0x00000000000005f6       0x16 /home/dlugano/Documents/MCUXpresso_11.8.0_1165/workspace/lpc_board_nxp_lpcxpresso_1769/Debug/liblpc_board_nxp_lpcxpresso_1769.a(board.o)
 .text.Chip_GPIO_SetPinState
                0x000000000000060c       0x64 /home/dlugano/Documents/MCUXpresso_11.8.0_1165/workspace/lpc_board_nxp_lpcxpresso_1769/Debug/liblpc_board_nxp_lpcxpresso_1769.a(board.o)
 .text.Chip_GPIO_WritePortBit
                0x0000000000000670       0x2c /home/dlugano/Documents/MCUXpresso_11.8.0_1165/workspace/lpc_board_nxp_lpcxpresso_1769/Debug/liblpc_board_nxp_lpcxpresso_1769.a(board.o)
 .text.Chip_GPIO_SetPinDIROutput
                0x000000000000069c       0x36 /home/dlugano/Documents/MCUXpresso_11.8.0_1165/workspace/lpc_board_nxp_lpcxpresso_1769/Debug/liblpc_board_nxp_lpcxpresso_1769.a(board.o)
 .text.Chip_GPIO_SetPinDIRInput
                0x00000000000006d2       0x3a /home/dlugano/Documents/MCUXpresso_11.8.0_1165/workspace/lpc_board_nxp_lpcxpresso_1769/Debug/liblpc_board_nxp_lpcxpresso_1769.a(board.o)
 .text.Chip_GPIO_SetPinDIR
                0x000000000000070c       0x42 /home/dlugano/Documents/MCUXpresso_11.8.0_1165/workspace/lpc_board_nxp_lpcxpresso_1769/Debug/liblpc_board_nxp_lpcxpresso_1769.a(board.o)
 .text.Chip_GPIO_WriteDirBit
                0x000000000000074e       0x2e /home/dlugano/Documents/MCUXpresso_11.8.0_1165/workspace/lpc_board_nxp_lpcxpresso_1769/Debug/liblpc_board_nxp_lpcxpresso_1769.a(board.o)
 .text.Chip_UART_ConfigData
                0x000000000000077c       0x1a /home/dlugano/Documents/MCUXpresso_11.8.0_1165/workspace/lpc_board_nxp_lpcxpresso_1769/Debug/liblpc_board_nxp_lpcxpresso_1769.a(board.o)
 *fill*         0x0000000000000796        0x2 ff
 .text.Board_LED_Init
                0x0000000000000798       0x18 /home/dlugano/Documents/MCUXpresso_11.8.0_1165/workspace/lpc_board_nxp_lpcxpresso_1769/Debug/liblpc_board_nxp_lpcxpresso_1769.a(board.o)
 .text.Board_UART_Init
                0x00000000000007b0       0x12 /home/dlugano/Documents/MCUXpresso_11.8.0_1165/workspace/lpc_board_nxp_lpcxpresso_1769/Debug/liblpc_board_nxp_lpcxpresso_1769.a(board.o)
                0x00000000000007b0                Board_UART_Init
 *fill*         0x00000000000007c2        0x2 ff
 .text.Board_Debug_Init
                0x00000000000007c4       0x30 /home/dlugano/Documents/MCUXpresso_11.8.0_1165/workspace/lpc_board_nxp_lpcxpresso_1769/Debug/liblpc_board_nxp_lpcxpresso_1769.a(board.o)
                0x00000000000007c4                Board_Debug_Init
 .text.Board_LED_Set
                0x00000000000007f4       0x30 /home/dlugano/Documents/MCUXpresso_11.8.0_1165/workspace/lpc_board_nxp_lpcxpresso_1769/Debug/liblpc_board_nxp_lpcxpresso_1769.a(board.o)
                0x00000000000007f4                Board_LED_Set
 .text.Board_Init
                0x0000000000000824       0x24 /home/dlugano/Documents/MCUXpresso_11.8.0_1165/workspace/lpc_board_nxp_lpcxpresso_1769/Debug/liblpc_board_nxp_lpcxpresso_1769.a(board.o)
                0x0000000000000824                Board_Init
 .text.Chip_SYSCTL_SetFLASHAccess
                0x0000000000000848       0x30 /home/dlugano/Documents/MCUXpresso_11.8.0_1165/workspace/lpc_board_nxp_lpcxpresso_1769/Debug/liblpc_board_nxp_lpcxpresso_1769.a(board_sysinit.o)
 .text.Board_SetupMuxing
                0x0000000000000878       0x1c /home/dlugano/Documents/MCUXpresso_11.8.0_1165/workspace/lpc_board_nxp_lpcxpresso_1769/Debug/liblpc_board_nxp_lpcxpresso_1769.a(board_sysinit.o)
                0x0000000000000878                Board_SetupMuxing
 .text.Board_SetupClocking
                0x0000000000000894       0x12 /home/dlugano/Documents/MCUXpresso_11.8.0_1165/workspace/lpc_board_nxp_lpcxpresso_1769/Debug/liblpc_board_nxp_lpcxpresso_1769.a(board_sysinit.o)
                0x0000000000000894                Board_SetupClocking
 .text.Board_SystemInit
                0x00000000000008a6       0x10 /home/dlugano/Documents/MCUXpresso_11.8.0_1165/workspace/lpc_board_nxp_lpcxpresso_1769/Debug/liblpc_board_nxp_lpcxpresso_1769.a(board_sysinit.o)
                0x00000000000008a6                Board_SystemInit
 .text.getFullConvClk
                0x00000000000008b6        0xe /home/dlugano/Documents/MCUXpresso_11.8.0_1165/workspace/lpc_chip_175x_6x/Debug/liblpc_chip_175x_6x.a(adc_17xx_40xx.o)
 .text.getClkDiv
                0x00000000000008c4       0x4c /home/dlugano/Documents/MCUXpresso_11.8.0_1165/workspace/lpc_chip_175x_6x/Debug/liblpc_chip_175x_6x.a(adc_17xx_40xx.o)
 .text.setStartMode
                0x0000000000000910       0x2c /home/dlugano/Documents/MCUXpresso_11.8.0_1165/workspace/lpc_chip_175x_6x/Debug/liblpc_chip_175x_6x.a(adc_17xx_40xx.o)
                0x0000000000000910                setStartMode
 .text.readAdcVal
                0x000000000000093c       0x40 /home/dlugano/Documents/MCUXpresso_11.8.0_1165/workspace/lpc_chip_175x_6x/Debug/liblpc_chip_175x_6x.a(adc_17xx_40xx.o)
                0x000000000000093c                readAdcVal
 .text.Chip_ADC_Init
                0x000000000000097c       0x70 /home/dlugano/Documents/MCUXpresso_11.8.0_1165/workspace/lpc_chip_175x_6x/Debug/liblpc_chip_175x_6x.a(adc_17xx_40xx.o)
                0x000000000000097c                Chip_ADC_Init
 .text.Chip_ADC_ReadValue
                0x00000000000009ec       0x24 /home/dlugano/Documents/MCUXpresso_11.8.0_1165/workspace/lpc_chip_175x_6x/Debug/liblpc_chip_175x_6x.a(adc_17xx_40xx.o)
                0x00000000000009ec                Chip_ADC_ReadValue
 .text.Chip_ADC_Int_SetChannelCmd
                0x0000000000000a10       0x48 /home/dlugano/Documents/MCUXpresso_11.8.0_1165/workspace/lpc_chip_175x_6x/Debug/liblpc_chip_175x_6x.a(adc_17xx_40xx.o)
                0x0000000000000a10                Chip_ADC_Int_SetChannelCmd
 .text.Chip_ADC_SetSampleRate
                0x0000000000000a58       0x4e /home/dlugano/Documents/MCUXpresso_11.8.0_1165/workspace/lpc_chip_175x_6x/Debug/liblpc_chip_175x_6x.a(adc_17xx_40xx.o)
                0x0000000000000a58                Chip_ADC_SetSampleRate
 .text.Chip_ADC_EnableChannel
                0x0000000000000aa6       0x54 /home/dlugano/Documents/MCUXpresso_11.8.0_1165/workspace/lpc_chip_175x_6x/Debug/liblpc_chip_175x_6x.a(adc_17xx_40xx.o)
                0x0000000000000aa6                Chip_ADC_EnableChannel
 .text.Chip_ADC_SetBurstCmd
                0x0000000000000afa       0x3c /home/dlugano/Documents/MCUXpresso_11.8.0_1165/workspace/lpc_chip_175x_6x/Debug/liblpc_chip_175x_6x.a(adc_17xx_40xx.o)
                0x0000000000000afa                Chip_ADC_SetBurstCmd
 *fill*         0x0000000000000b36        0x2 ff
 .text.SystemCoreClockUpdate
                0x0000000000000b38       0x18 /home/dlugano/Documents/MCUXpresso_11.8.0_1165/workspace/lpc_chip_175x_6x/Debug/liblpc_chip_175x_6x.a(chip_17xx_40xx.o)
                0x0000000000000b38                SystemCoreClockUpdate
 .text.Chip_Clock_IsMainPLLEnabled
                0x0000000000000b50       0x24 /home/dlugano/Documents/MCUXpresso_11.8.0_1165/workspace/lpc_chip_175x_6x/Debug/liblpc_chip_175x_6x.a(clock_17xx_40xx.o)
 .text.Chip_Clock_IsMainPLLConnected
                0x0000000000000b74       0x24 /home/dlugano/Documents/MCUXpresso_11.8.0_1165/workspace/lpc_chip_175x_6x/Debug/liblpc_chip_175x_6x.a(clock_17xx_40xx.o)
 .text.Chip_Clock_FeedPLL
                0x0000000000000b98       0x34 /home/dlugano/Documents/MCUXpresso_11.8.0_1165/workspace/lpc_chip_175x_6x/Debug/liblpc_chip_175x_6x.a(clock_17xx_40xx.o)
 .text.Chip_Clock_GetMainPLLSource
                0x0000000000000bcc       0x20 /home/dlugano/Documents/MCUXpresso_11.8.0_1165/workspace/lpc_chip_175x_6x/Debug/liblpc_chip_175x_6x.a(clock_17xx_40xx.o)
 .text.Chip_Clock_GetMainOscRate
                0x0000000000000bec       0x14 /home/dlugano/Documents/MCUXpresso_11.8.0_1165/workspace/lpc_chip_175x_6x/Debug/liblpc_chip_175x_6x.a(clock_17xx_40xx.o)
 .text.Chip_Clock_GetIntOscRate
                0x0000000000000c00       0x14 /home/dlugano/Documents/MCUXpresso_11.8.0_1165/workspace/lpc_chip_175x_6x/Debug/liblpc_chip_175x_6x.a(clock_17xx_40xx.o)
 .text.Chip_Clock_GetRTCOscRate
                0x0000000000000c14       0x14 /home/dlugano/Documents/MCUXpresso_11.8.0_1165/workspace/lpc_chip_175x_6x/Debug/liblpc_chip_175x_6x.a(clock_17xx_40xx.o)
 .text.Chip_Clock_GetMainPLLInClockRate
                0x0000000000000c28        0xe /home/dlugano/Documents/MCUXpresso_11.8.0_1165/workspace/lpc_chip_175x_6x/Debug/liblpc_chip_175x_6x.a(clock_17xx_40xx.o)
 *fill*         0x0000000000000c36        0x2 ff
 .text.Chip_Clock_EnablePLL
                0x0000000000000c38       0x44 /home/dlugano/Documents/MCUXpresso_11.8.0_1165/workspace/lpc_chip_175x_6x/Debug/liblpc_chip_175x_6x.a(clock_17xx_40xx.o)
                0x0000000000000c38                Chip_Clock_EnablePLL
 .text.Chip_Clock_DisablePLL
                0x0000000000000c7c       0x48 /home/dlugano/Documents/MCUXpresso_11.8.0_1165/workspace/lpc_chip_175x_6x/Debug/liblpc_chip_175x_6x.a(clock_17xx_40xx.o)
                0x0000000000000c7c                Chip_Clock_DisablePLL
 .text.Chip_Clock_SetupPLL
                0x0000000000000cc4       0x5c /home/dlugano/Documents/MCUXpresso_11.8.0_1165/workspace/lpc_chip_175x_6x/Debug/liblpc_chip_175x_6x.a(clock_17xx_40xx.o)
                0x0000000000000cc4                Chip_Clock_SetupPLL
 .text.Chip_Clock_EnablePeriphClock
                0x0000000000000d20       0x34 /home/dlugano/Documents/MCUXpresso_11.8.0_1165/workspace/lpc_chip_175x_6x/Debug/liblpc_chip_175x_6x.a(clock_17xx_40xx.o)
                0x0000000000000d20                Chip_Clock_EnablePeriphClock
 .text.Chip_Clock_GetCPUClockSource
                0x0000000000000d54       0x24 /home/dlugano/Documents/MCUXpresso_11.8.0_1165/workspace/lpc_chip_175x_6x/Debug/liblpc_chip_175x_6x.a(clock_17xx_40xx.o)
                0x0000000000000d54                Chip_Clock_GetCPUClockSource
 .text.Chip_Clock_SetCPUClockDiv
                0x0000000000000d78       0x20 /home/dlugano/Documents/MCUXpresso_11.8.0_1165/workspace/lpc_chip_175x_6x/Debug/liblpc_chip_175x_6x.a(clock_17xx_40xx.o)
                0x0000000000000d78                Chip_Clock_SetCPUClockDiv
 .text.Chip_Clock_GetCPUClockDiv
                0x0000000000000d98       0x1c /home/dlugano/Documents/MCUXpresso_11.8.0_1165/workspace/lpc_chip_175x_6x/Debug/liblpc_chip_175x_6x.a(clock_17xx_40xx.o)
                0x0000000000000d98                Chip_Clock_GetCPUClockDiv
 .text.Chip_Clock_GetPCLKDiv
                0x0000000000000db4       0x8c /home/dlugano/Documents/MCUXpresso_11.8.0_1165/workspace/lpc_chip_175x_6x/Debug/liblpc_chip_175x_6x.a(clock_17xx_40xx.o)
                0x0000000000000db4                Chip_Clock_GetPCLKDiv
 .text.Chip_Clock_GetSYSCLKRate
                0x0000000000000e40       0x3a /home/dlugano/Documents/MCUXpresso_11.8.0_1165/workspace/lpc_chip_175x_6x/Debug/liblpc_chip_175x_6x.a(clock_17xx_40xx.o)
                0x0000000000000e40                Chip_Clock_GetSYSCLKRate
 *fill*         0x0000000000000e7a        0x2 ff
 .text.Chip_Clock_GetMainPLLOutClockRate
                0x0000000000000e7c       0x54 /home/dlugano/Documents/MCUXpresso_11.8.0_1165/workspace/lpc_chip_175x_6x/Debug/liblpc_chip_175x_6x.a(clock_17xx_40xx.o)
                0x0000000000000e7c                Chip_Clock_GetMainPLLOutClockRate
 .text.Chip_Clock_GetMainClockRate
                0x0000000000000ed0       0x28 /home/dlugano/Documents/MCUXpresso_11.8.0_1165/workspace/lpc_chip_175x_6x/Debug/liblpc_chip_175x_6x.a(clock_17xx_40xx.o)
                0x0000000000000ed0                Chip_Clock_GetMainClockRate
 .text.Chip_Clock_GetSystemClockRate
                0x0000000000000ef8       0x18 /home/dlugano/Documents/MCUXpresso_11.8.0_1165/workspace/lpc_chip_175x_6x/Debug/liblpc_chip_175x_6x.a(clock_17xx_40xx.o)
                0x0000000000000ef8                Chip_Clock_GetSystemClockRate
 .text.Chip_Clock_GetPeripheralClockRate
                0x0000000000000f10       0x26 /home/dlugano/Documents/MCUXpresso_11.8.0_1165/workspace/lpc_chip_175x_6x/Debug/liblpc_chip_175x_6x.a(clock_17xx_40xx.o)
                0x0000000000000f10                Chip_Clock_GetPeripheralClockRate
 .text.Chip_DAC_Init
                0x0000000000000f36       0x18 /home/dlugano/Documents/MCUXpresso_11.8.0_1165/workspace/lpc_chip_175x_6x/Debug/liblpc_chip_175x_6x.a(dac_17xx_40xx.o)
                0x0000000000000f36                Chip_DAC_Init
 .text.Chip_DAC_UpdateValue
                0x0000000000000f4e       0x30 /home/dlugano/Documents/MCUXpresso_11.8.0_1165/workspace/lpc_chip_175x_6x/Debug/liblpc_chip_175x_6x.a(dac_17xx_40xx.o)
                0x0000000000000f4e                Chip_DAC_UpdateValue
 .text.Chip_DAC_SetBias
                0x0000000000000f7e       0x32 /home/dlugano/Documents/MCUXpresso_11.8.0_1165/workspace/lpc_chip_175x_6x/Debug/liblpc_chip_175x_6x.a(dac_17xx_40xx.o)
                0x0000000000000f7e                Chip_DAC_SetBias
 .text.Chip_IOCON_PinMuxSet
                0x0000000000000fb0       0x36 /home/dlugano/Documents/MCUXpresso_11.8.0_1165/workspace/lpc_chip_175x_6x/Debug/liblpc_chip_175x_6x.a(iocon_17xx_40xx.o)
                0x0000000000000fb0                Chip_IOCON_PinMuxSet
 .text.Chip_IOCON_PinMux
                0x0000000000000fe6       0x94 /home/dlugano/Documents/MCUXpresso_11.8.0_1165/workspace/lpc_chip_175x_6x/Debug/liblpc_chip_175x_6x.a(iocon_17xx_40xx.o)
                0x0000000000000fe6                Chip_IOCON_PinMux
 .text.Chip_IOCON_SetPinMuxing
                0x000000000000107a       0x64 /home/dlugano/Documents/MCUXpresso_11.8.0_1165/workspace/lpc_chip_175x_6x/Debug/liblpc_chip_175x_6x.a(iocon_17xx_40xx.o)
                0x000000000000107a                Chip_IOCON_SetPinMuxing
 *fill*         0x00000000000010de        0x2 ff
 .text.Chip_Clock_IsMainPLLEnabled
                0x00000000000010e0       0x24 /home/dlugano/Documents/MCUXpresso_11.8.0_1165/workspace/lpc_chip_175x_6x/Debug/liblpc_chip_175x_6x.a(sysinit_17xx_40xx.o)
 .text.Chip_Clock_IsMainPLLLocked
                0x0000000000001104       0x24 /home/dlugano/Documents/MCUXpresso_11.8.0_1165/workspace/lpc_chip_175x_6x/Debug/liblpc_chip_175x_6x.a(sysinit_17xx_40xx.o)
 .text.Chip_Clock_IsMainPLLConnected
                0x0000000000001128       0x24 /home/dlugano/Documents/MCUXpresso_11.8.0_1165/workspace/lpc_chip_175x_6x/Debug/liblpc_chip_175x_6x.a(sysinit_17xx_40xx.o)
 .text.Chip_Clock_EnableCrystal
                0x000000000000114c       0x20 /home/dlugano/Documents/MCUXpresso_11.8.0_1165/workspace/lpc_chip_175x_6x/Debug/liblpc_chip_175x_6x.a(sysinit_17xx_40xx.o)
 .text.Chip_Clock_IsCrystalEnabled
                0x000000000000116c       0x24 /home/dlugano/Documents/MCUXpresso_11.8.0_1165/workspace/lpc_chip_175x_6x/Debug/liblpc_chip_175x_6x.a(sysinit_17xx_40xx.o)
 .text.Chip_Clock_SetMainPLLSource
                0x0000000000001190       0x20 /home/dlugano/Documents/MCUXpresso_11.8.0_1165/workspace/lpc_chip_175x_6x/Debug/liblpc_chip_175x_6x.a(sysinit_17xx_40xx.o)
 .text.Chip_SetupXtalClocking
                0x00000000000011b0       0x90 /home/dlugano/Documents/MCUXpresso_11.8.0_1165/workspace/lpc_chip_175x_6x/Debug/liblpc_chip_175x_6x.a(sysinit_17xx_40xx.o)
                0x00000000000011b0                Chip_SetupXtalClocking
 .text.Chip_UART_SetupFIFOS
                0x0000000000001240       0x1a /home/dlugano/Documents/MCUXpresso_11.8.0_1165/workspace/lpc_chip_175x_6x/Debug/liblpc_chip_175x_6x.a(uart_17xx_40xx.o)
 .text.Chip_UART_ConfigData
                0x000000000000125a       0x1a /home/dlugano/Documents/MCUXpresso_11.8.0_1165/workspace/lpc_chip_175x_6x/Debug/liblpc_chip_175x_6x.a(uart_17xx_40xx.o)
 .text.Chip_UART_EnableDivisorAccess
                0x0000000000001274       0x1e /home/dlugano/Documents/MCUXpresso_11.8.0_1165/workspace/lpc_chip_175x_6x/Debug/liblpc_chip_175x_6x.a(uart_17xx_40xx.o)
 .text.Chip_UART_DisableDivisorAccess
                0x0000000000001292       0x1e /home/dlugano/Documents/MCUXpresso_11.8.0_1165/workspace/lpc_chip_175x_6x/Debug/liblpc_chip_175x_6x.a(uart_17xx_40xx.o)
 .text.Chip_UART_SetDivisorLatches
                0x00000000000012b0       0x26 /home/dlugano/Documents/MCUXpresso_11.8.0_1165/workspace/lpc_chip_175x_6x/Debug/liblpc_chip_175x_6x.a(uart_17xx_40xx.o)
 *fill*         0x00000000000012d6        0x2 ff
 .text.Chip_UART_GetClockIndex
                0x00000000000012d8       0x50 /home/dlugano/Documents/MCUXpresso_11.8.0_1165/workspace/lpc_chip_175x_6x/Debug/liblpc_chip_175x_6x.a(uart_17xx_40xx.o)
 .text.Chip_UART_GetClkIndex
                0x0000000000001328       0x50 /home/dlugano/Documents/MCUXpresso_11.8.0_1165/workspace/lpc_chip_175x_6x/Debug/liblpc_chip_175x_6x.a(uart_17xx_40xx.o)
 .text.Chip_UART_Init
                0x0000000000001378       0x78 /home/dlugano/Documents/MCUXpresso_11.8.0_1165/workspace/lpc_chip_175x_6x/Debug/liblpc_chip_175x_6x.a(uart_17xx_40xx.o)
                0x0000000000001378                Chip_UART_Init
 .text.Chip_UART_TXEnable
                0x00000000000013f0       0x18 /home/dlugano/Documents/MCUXpresso_11.8.0_1165/workspace/lpc_chip_175x_6x/Debug/liblpc_chip_175x_6x.a(uart_17xx_40xx.o)
                0x00000000000013f0                Chip_UART_TXEnable
 .text.Chip_UART_TXDisable
                0x0000000000001408       0x18 /home/dlugano/Documents/MCUXpresso_11.8.0_1165/workspace/lpc_chip_175x_6x/Debug/liblpc_chip_175x_6x.a(uart_17xx_40xx.o)
                0x0000000000001408                Chip_UART_TXDisable
 .text.Chip_UART_SetBaud
                0x0000000000001420       0x62 /home/dlugano/Documents/MCUXpresso_11.8.0_1165/workspace/lpc_chip_175x_6x/Debug/liblpc_chip_175x_6x.a(uart_17xx_40xx.o)
                0x0000000000001420                Chip_UART_SetBaud
 *fill*         0x0000000000001482        0x2 ff
 .text.arm_float_to_q31
                0x0000000000001484      0x148 /home/dlugano/Documents/MCUXpresso_11.8.0_1165/workspace/CMSIS_DSPLIB_CM3/lib/libCMSIS_DSPLIB_CM3.a(arm_float_to_q31.o)
                0x0000000000001484                arm_float_to_q31
 .text.arm_biquad_cascade_df1_init_q31
                0x00000000000015cc       0x20 /home/dlugano/Documents/MCUXpresso_11.8.0_1165/workspace/CMSIS_DSPLIB_CM3/lib/libCMSIS_DSPLIB_CM3.a(arm_biquad_cascade_df1_init_q31.o)
                0x00000000000015cc                arm_biquad_cascade_df1_init_q31
 .text.arm_biquad_cascade_df1_q31
                0x00000000000015ec      0x2c0 /home/dlugano/Documents/MCUXpresso_11.8.0_1165/workspace/CMSIS_DSPLIB_CM3/lib/libCMSIS_DSPLIB_CM3.a(arm_biquad_cascade_df1_q31.o)
                0x00000000000015ec                arm_biquad_cascade_df1_q31
 .text.arm_fir_init_q31
                0x00000000000018ac       0x24 /home/dlugano/Documents/MCUXpresso_11.8.0_1165/workspace/CMSIS_DSPLIB_CM3/lib/libCMSIS_DSPLIB_CM3.a(arm_fir_init_q31.o)
                0x00000000000018ac                arm_fir_init_q31
 .text.arm_fir_q31
                0x00000000000018d0      0x4f0 /home/dlugano/Documents/MCUXpresso_11.8.0_1165/workspace/CMSIS_DSPLIB_CM3/lib/libCMSIS_DSPLIB_CM3.a(arm_fir_q31.o)
                0x00000000000018d0                arm_fir_q31
 .text.memset   0x0000000000001dc0        0x4 /usr/local/mcuxpressoide-11.8.0_1165/ide/plugins/com.nxp.mcuxpresso.tools.linux_11.8.0.202306131047/tools/bin/../lib/gcc/arm-none-eabi/12.2.1/../../../../arm-none-eabi/lib/thumb/v7-m/nofp/libcr_c.a(memset.o)
                0x0000000000001dc0                memset
 .text.__weak_main
                0x0000000000001dc4        0x4 /usr/local/mcuxpressoide-11.8.0_1165/ide/plugins/com.nxp.mcuxpresso.tools.linux_11.8.0.202306131047/tools/bin/../lib/gcc/arm-none-eabi/12.2.1/../../../../arm-none-eabi/lib/thumb/v7-m/nofp/libcr_c.a(__weak__main.o)
                0x0000000000001dc4                __main
                0x0000000000001dc4                __weak_main
 .text.__aeabi_fmul
                0x0000000000001dc8       0xac /usr/local/mcuxpressoide-11.8.0_1165/ide/plugins/com.nxp.mcuxpresso.tools.linux_11.8.0.202306131047/tools/bin/../lib/gcc/arm-none-eabi/12.2.1/thumb/v7-m/nofp/libcr_eabihelpers.a(float.o)
                0x0000000000001dc8                __aeabi_fmul
 .text.__aeabi_f2lz
                0x0000000000001e74       0x68 /usr/local/mcuxpressoide-11.8.0_1165/ide/plugins/com.nxp.mcuxpresso.tools.linux_11.8.0.202306131047/tools/bin/../lib/gcc/arm-none-eabi/12.2.1/thumb/v7-m/nofp/libcr_eabihelpers.a(float.o)
                0x0000000000001e74                __aeabi_f2lz
 .text.__aeabi_memset_lowlevel
                0x0000000000001edc       0x32 /usr/local/mcuxpressoide-11.8.0_1165/ide/plugins/com.nxp.mcuxpresso.tools.linux_11.8.0.202306131047/tools/bin/../lib/gcc/arm-none-eabi/12.2.1/thumb/v7-m/nofp/libcr_eabihelpers.a(memcpy.o)
                0x0000000000001edc                __aeabi_lowlevel_memset
 *(.rodata .rodata.* .constdata .constdata.*)
 *fill*         0x0000000000001f0e        0x2 ff
 .rodata.OscRateIn
                0x0000000000001f10        0x4 /home/dlugano/Documents/MCUXpresso_11.8.0_1165/workspace/lpc_board_nxp_lpcxpresso_1769/Debug/liblpc_board_nxp_lpcxpresso_1769.a(board.o)
                0x0000000000001f10                OscRateIn
 .rodata.RTCOscRateIn
                0x0000000000001f14        0x4 /home/dlugano/Documents/MCUXpresso_11.8.0_1165/workspace/lpc_board_nxp_lpcxpresso_1769/Debug/liblpc_board_nxp_lpcxpresso_1769.a(board.o)
                0x0000000000001f14                RTCOscRateIn
 .rodata.pinmuxing
                0x0000000000001f18       0x5c /home/dlugano/Documents/MCUXpresso_11.8.0_1165/workspace/lpc_board_nxp_lpcxpresso_1769/Debug/liblpc_board_nxp_lpcxpresso_1769.a(board_sysinit.o)
                0x0000000000001f74                . = ALIGN (0x4)

.glue_7         0x0000000000001f74        0x0
 .glue_7        0x0000000000001f74        0x0 linker stubs

.glue_7t        0x0000000000001f74        0x0
 .glue_7t       0x0000000000001f74        0x0 linker stubs

.vfp11_veneer   0x0000000000001f74        0x0
 .vfp11_veneer  0x0000000000001f74        0x0 linker stubs

.v4_bx          0x0000000000001f74        0x0
 .v4_bx         0x0000000000001f74        0x0 linker stubs

.iplt           0x0000000000001f74        0x0
 .iplt          0x0000000000001f74        0x0 ./src/ADCMSIS.o

.rel.dyn        0x0000000000001f74        0x0
 .rel.iplt      0x0000000000001f74        0x0 ./src/ADCMSIS.o

.ARM.extab
 *(.ARM.extab* .gnu.linkonce.armextab.*)

.ARM.exidx      0x0000000000001f74        0x0
                0x0000000000001f74                __exidx_start = .
 *(.ARM.exidx* .gnu.linkonce.armexidx.*)
                0x0000000000001f74                __exidx_end = .
                0x0000000000001f74                _etext = .

.data_RAM2      0x000000002007c000        0x0 load address 0x0000000000001f74
 FILL mask 0xff
                [!provide]                        PROVIDE (__start_data_RAM2 = .)
                [!provide]                        PROVIDE (__start_data_RamAHB32 = .)
 *(.ramfunc.$RAM2)
 *(.ramfunc.$RamAHB32)
 *(.data.$RAM2)
 *(.data.$RamAHB32)
 *(.data.$RAM2.*)
 *(.data.$RamAHB32.*)
                0x000000002007c000                . = ALIGN (0x4)
                [!provide]                        PROVIDE (__end_data_RAM2 = .)
                [!provide]                        PROVIDE (__end_data_RamAHB32 = .)

.uninit_RESERVED
                0x0000000010000000        0x0
                0x0000000010000000                _start_uninit_RESERVED = .
 *(.bss.$RESERVED*)
                0x0000000010000000                . = ALIGN (0x4)
                0x0000000010000000                _end_uninit_RESERVED = .

.data           0x0000000010000000       0xac load address 0x0000000000001f74
 FILL mask 0xff
                0x0000000010000000                _data = .
                [!provide]                        PROVIDE (__start_data_RAM = .)
                [!provide]                        PROVIDE (__start_data_RamLoc32 = .)
 *(vtable)
 *(.ramfunc*)
 *(CodeQuickAccess)
 *(DataQuickAccess)
 *(RamFunction)
 *(.data*)
 .data.float_fir_taps
                0x0000000010000000       0x94 ./src/filter.o
                0x0000000010000000                float_fir_taps
 .data.float_iir_taps
                0x0000000010000094       0x18 ./src/filter.o
                0x0000000010000094                float_iir_taps
                0x00000000100000ac                . = ALIGN (0x4)
                0x00000000100000ac                _edata = .
                [!provide]                        PROVIDE (__end_data_RAM = .)
                [!provide]                        PROVIDE (__end_data_RamLoc32 = .)

.igot.plt       0x00000000100000ac        0x0 load address 0x0000000000002020
 .igot.plt      0x00000000100000ac        0x0 ./src/ADCMSIS.o

.bss_RAM2       0x000000002007c000        0x0
                [!provide]                        PROVIDE (__start_bss_RAM2 = .)
                [!provide]                        PROVIDE (__start_bss_RamAHB32 = .)
 *(.bss.$RAM2)
 *(.bss.$RamAHB32)
 *(.bss.$RAM2.*)
 *(.bss.$RamAHB32.*)
                0x000000002007c000                . = ALIGN ((. != 0x0)?0x4:0x1)
                [!provide]                        PROVIDE (__end_bss_RAM2 = .)
                [!provide]                        PROVIDE (__end_bss_RamAHB32 = .)

.bss            0x00000000100000ac     0x617c
                0x00000000100000ac                _bss = .
                [!provide]                        PROVIDE (__start_bss_RAM = .)
                [!provide]                        PROVIDE (__start_bss_RamLoc32 = .)
 *(.bss*)
 .bss.filter    0x00000000100000ac        0x1 ./src/ADCMSIS.o
                0x00000000100000ac                filter
 *fill*         0x00000000100000ad        0x3 
 .bss.SFIR      0x00000000100000b0        0xc ./src/ADCMSIS.o
                0x00000000100000b0                SFIR
 .bss.SIIR      0x00000000100000bc       0x10 ./src/ADCMSIS.o
                0x00000000100000bc                SIIR
 .bss.fir_state
                0x00000000100000cc     0x1090 ./src/ADCMSIS.o
                0x00000000100000cc                fir_state
 .bss.iir_state
                0x000000001000115c     0x1014 ./src/ADCMSIS.o
                0x000000001000115c                iir_state
 .bss.InputA    0x0000000010002170     0x1000 ./src/ADCMSIS.o
                0x0000000010002170                InputA
 .bss.InputB    0x0000000010003170     0x1000 ./src/ADCMSIS.o
                0x0000000010003170                InputB
 .bss.OutputA   0x0000000010004170     0x1000 ./src/ADCMSIS.o
                0x0000000010004170                OutputA
 .bss.OutputB   0x0000000010005170     0x1000 ./src/ADCMSIS.o
                0x0000000010005170                OutputB
 .bss.estado    0x0000000010006170        0x1 ./src/adc.o
                0x0000000010006170                estado
 .bss.procesar  0x0000000010006171        0x1 ./src/adc.o
                0x0000000010006171                procesar
 .bss.data.1    0x0000000010006172        0x2 ./src/adc.o
 .bss.index.0   0x0000000010006174        0x2 ./src/adc.o
 *fill*         0x0000000010006176        0x2 
 .bss.fir_taps  0x0000000010006178       0x94 ./src/filter.o
                0x0000000010006178                fir_taps
 .bss.iir_taps  0x000000001000620c       0x18 ./src/filter.o
                0x000000001000620c                iir_taps
 .bss.SystemCoreClock
                0x0000000010006224        0x4 /home/dlugano/Documents/MCUXpresso_11.8.0_1165/workspace/lpc_chip_175x_6x/Debug/liblpc_chip_175x_6x.a(chip_17xx_40xx.o)
                0x0000000010006224                SystemCoreClock
 *(COMMON)
                0x0000000010006228                . = ALIGN (0x4)
                0x0000000010006228                _ebss = .
                [!provide]                        PROVIDE (__end_bss_RAM = .)
                [!provide]                        PROVIDE (__end_bss_RamLoc32 = .)
                [!provide]                        PROVIDE (end = .)

.noinit_RAM2    0x000000002007c000        0x0
                [!provide]                        PROVIDE (__start_noinit_RAM2 = .)
                [!provide]                        PROVIDE (__start_noinit_RamAHB32 = .)
 *(.noinit.$RAM2)
 *(.noinit.$RamAHB32)
 *(.noinit.$RAM2.*)
 *(.noinit.$RamAHB32.*)
                0x000000002007c000                . = ALIGN (0x4)
                [!provide]                        PROVIDE (__end_noinit_RAM2 = .)
                [!provide]                        PROVIDE (__end_noinit_RamAHB32 = .)

.noinit         0x0000000010006228        0x0
                0x0000000010006228                _noinit = .
                [!provide]                        PROVIDE (__start_noinit_RAM = .)
                [!provide]                        PROVIDE (__start_noinit_RamLoc32 = .)
 *(.noinit*)
                0x0000000010006228                . = ALIGN (0x4)
                0x0000000010006228                _end_noinit = .
                [!provide]                        PROVIDE (__end_noinit_RAM = .)
                [!provide]                        PROVIDE (__end_noinit_RamLoc32 = .)
                [!provide]                        PROVIDE (_pvHeapStart = DEFINED (__user_heap_base)?__user_heap_base:.)
                0x0000000010008000                PROVIDE (_vStackTop = DEFINED (__user_stack_top)?__user_stack_top:(__top_RamLoc32 - 0x0))
                0xffffffffefff749e                PROVIDE (__valid_user_code_checksum = (0x0 - ((((((_vStackTop + (ResetISR + 0x1)) + (NMI_Handler + 0x1)) + (HardFault_Handler + 0x1)) + (DEFINED (MemManage_Handler)?MemManage_Handler:0x0 + 0x1)) + (DEFINED (BusFault_Handler)?BusFault_Handler:0x0 + 0x1)) + (DEFINED (UsageFault_Handler)?UsageFault_Handler:0x0 + 0x1))))
                0x0000000000000000                _image_start = LOADADDR (.text)
                0x0000000000002020                _image_end = (LOADADDR (.data) + SIZEOF (.data))
                0x0000000000002020                _image_size = (_image_end - _image_start)
OUTPUT(ADCMSIS.axf elf32-littlearm)
LOAD linker stubs

.debug_info     0x0000000000000000     0x6707
 .debug_info    0x0000000000000000      0x4b0 ./src/ADCMSIS.o
 .debug_info    0x00000000000004b0      0x6f6 ./src/adc.o
 .debug_info    0x0000000000000ba6      0x275 ./src/cr_startup_lpc175x_6x.o
 .debug_info    0x0000000000000e1b       0x3d ./src/crp.o
 .debug_info    0x0000000000000e58      0x12c ./src/dac.o
 .debug_info    0x0000000000000f84      0x13e ./src/filter.o
 .debug_info    0x00000000000010c2       0xc0 ./src/sysinit.o
 .debug_info    0x0000000000001182     0x1523 /home/dlugano/Documents/MCUXpresso_11.8.0_1165/workspace/lpc_board_nxp_lpcxpresso_1769/Debug/liblpc_board_nxp_lpcxpresso_1769.a(board.o)
 .debug_info    0x00000000000026a5      0x58c /home/dlugano/Documents/MCUXpresso_11.8.0_1165/workspace/lpc_board_nxp_lpcxpresso_1769/Debug/liblpc_board_nxp_lpcxpresso_1769.a(board_sysinit.o)
 .debug_info    0x0000000000002c31      0x88b /home/dlugano/Documents/MCUXpresso_11.8.0_1165/workspace/lpc_chip_175x_6x/Debug/liblpc_chip_175x_6x.a(adc_17xx_40xx.o)
 .debug_info    0x00000000000034bc      0x553 /home/dlugano/Documents/MCUXpresso_11.8.0_1165/workspace/lpc_chip_175x_6x/Debug/liblpc_chip_175x_6x.a(chip_17xx_40xx.o)
 .debug_info    0x0000000000003a0f      0xb29 /home/dlugano/Documents/MCUXpresso_11.8.0_1165/workspace/lpc_chip_175x_6x/Debug/liblpc_chip_175x_6x.a(clock_17xx_40xx.o)
 .debug_info    0x0000000000004538      0x1a2 /home/dlugano/Documents/MCUXpresso_11.8.0_1165/workspace/lpc_chip_175x_6x/Debug/liblpc_chip_175x_6x.a(dac_17xx_40xx.o)
 .debug_info    0x00000000000046da      0x2a2 /home/dlugano/Documents/MCUXpresso_11.8.0_1165/workspace/lpc_chip_175x_6x/Debug/liblpc_chip_175x_6x.a(iocon_17xx_40xx.o)
 .debug_info    0x000000000000497c      0x467 /home/dlugano/Documents/MCUXpresso_11.8.0_1165/workspace/lpc_chip_175x_6x/Debug/liblpc_chip_175x_6x.a(sysinit_17xx_40xx.o)
 .debug_info    0x0000000000004de3      0xf6c /home/dlugano/Documents/MCUXpresso_11.8.0_1165/workspace/lpc_chip_175x_6x/Debug/liblpc_chip_175x_6x.a(uart_17xx_40xx.o)
 .debug_info    0x0000000000005d4f      0x1d7 /home/dlugano/Documents/MCUXpresso_11.8.0_1165/workspace/CMSIS_DSPLIB_CM3/lib/libCMSIS_DSPLIB_CM3.a(arm_float_to_q31.o)
 .debug_info    0x0000000000005f26      0x173 /home/dlugano/Documents/MCUXpresso_11.8.0_1165/workspace/CMSIS_DSPLIB_CM3/lib/libCMSIS_DSPLIB_CM3.a(arm_biquad_cascade_df1_init_q31.o)
 .debug_info    0x0000000000006099      0x2b5 /home/dlugano/Documents/MCUXpresso_11.8.0_1165/workspace/CMSIS_DSPLIB_CM3/lib/libCMSIS_DSPLIB_CM3.a(arm_biquad_cascade_df1_q31.o)
 .debug_info    0x000000000000634e      0x159 /home/dlugano/Documents/MCUXpresso_11.8.0_1165/workspace/CMSIS_DSPLIB_CM3/lib/libCMSIS_DSPLIB_CM3.a(arm_fir_init_q31.o)
 .debug_info    0x00000000000064a7      0x260 /home/dlugano/Documents/MCUXpresso_11.8.0_1165/workspace/CMSIS_DSPLIB_CM3/lib/libCMSIS_DSPLIB_CM3.a(arm_fir_q31.o)

.debug_abbrev   0x0000000000000000     0x1f0a
 .debug_abbrev  0x0000000000000000      0x15e ./src/ADCMSIS.o
 .debug_abbrev  0x000000000000015e      0x1f8 ./src/adc.o
 .debug_abbrev  0x0000000000000356      0x164 ./src/cr_startup_lpc175x_6x.o
 .debug_abbrev  0x00000000000004ba       0x35 ./src/crp.o
 .debug_abbrev  0x00000000000004ef       0xdf ./src/dac.o
 .debug_abbrev  0x00000000000005ce       0x72 ./src/filter.o
 .debug_abbrev  0x0000000000000640       0x8a ./src/sysinit.o
 .debug_abbrev  0x00000000000006ca      0x46b /home/dlugano/Documents/MCUXpresso_11.8.0_1165/workspace/lpc_board_nxp_lpcxpresso_1769/Debug/liblpc_board_nxp_lpcxpresso_1769.a(board.o)
 .debug_abbrev  0x0000000000000b35      0x191 /home/dlugano/Documents/MCUXpresso_11.8.0_1165/workspace/lpc_board_nxp_lpcxpresso_1769/Debug/liblpc_board_nxp_lpcxpresso_1769.a(board_sysinit.o)
 .debug_abbrev  0x0000000000000cc6      0x217 /home/dlugano/Documents/MCUXpresso_11.8.0_1165/workspace/lpc_chip_175x_6x/Debug/liblpc_chip_175x_6x.a(adc_17xx_40xx.o)
 .debug_abbrev  0x0000000000000edd      0x1a2 /home/dlugano/Documents/MCUXpresso_11.8.0_1165/workspace/lpc_chip_175x_6x/Debug/liblpc_chip_175x_6x.a(chip_17xx_40xx.o)
 .debug_abbrev  0x000000000000107f      0x33c /home/dlugano/Documents/MCUXpresso_11.8.0_1165/workspace/lpc_chip_175x_6x/Debug/liblpc_chip_175x_6x.a(clock_17xx_40xx.o)
 .debug_abbrev  0x00000000000013bb       0xf5 /home/dlugano/Documents/MCUXpresso_11.8.0_1165/workspace/lpc_chip_175x_6x/Debug/liblpc_chip_175x_6x.a(dac_17xx_40xx.o)
 .debug_abbrev  0x00000000000014b0      0x134 /home/dlugano/Documents/MCUXpresso_11.8.0_1165/workspace/lpc_chip_175x_6x/Debug/liblpc_chip_175x_6x.a(iocon_17xx_40xx.o)
 .debug_abbrev  0x00000000000015e4      0x1a9 /home/dlugano/Documents/MCUXpresso_11.8.0_1165/workspace/lpc_chip_175x_6x/Debug/liblpc_chip_175x_6x.a(sysinit_17xx_40xx.o)
 .debug_abbrev  0x000000000000178d      0x382 /home/dlugano/Documents/MCUXpresso_11.8.0_1165/workspace/lpc_chip_175x_6x/Debug/liblpc_chip_175x_6x.a(uart_17xx_40xx.o)
 .debug_abbrev  0x0000000000001b0f       0xed /home/dlugano/Documents/MCUXpresso_11.8.0_1165/workspace/CMSIS_DSPLIB_CM3/lib/libCMSIS_DSPLIB_CM3.a(arm_float_to_q31.o)
 .debug_abbrev  0x0000000000001bfc       0xb1 /home/dlugano/Documents/MCUXpresso_11.8.0_1165/workspace/CMSIS_DSPLIB_CM3/lib/libCMSIS_DSPLIB_CM3.a(arm_biquad_cascade_df1_init_q31.o)
 .debug_abbrev  0x0000000000001cad       0xd6 /home/dlugano/Documents/MCUXpresso_11.8.0_1165/workspace/CMSIS_DSPLIB_CM3/lib/libCMSIS_DSPLIB_CM3.a(arm_biquad_cascade_df1_q31.o)
 .debug_abbrev  0x0000000000001d83       0xb1 /home/dlugano/Documents/MCUXpresso_11.8.0_1165/workspace/CMSIS_DSPLIB_CM3/lib/libCMSIS_DSPLIB_CM3.a(arm_fir_init_q31.o)
 .debug_abbrev  0x0000000000001e34       0xd6 /home/dlugano/Documents/MCUXpresso_11.8.0_1165/workspace/CMSIS_DSPLIB_CM3/lib/libCMSIS_DSPLIB_CM3.a(arm_fir_q31.o)

.debug_aranges  0x0000000000000000      0x750
 .debug_aranges
                0x0000000000000000       0x20 ./src/ADCMSIS.o
 .debug_aranges
                0x0000000000000020       0x30 ./src/adc.o
 .debug_aranges
                0x0000000000000050       0x80 ./src/cr_startup_lpc175x_6x.o
 .debug_aranges
                0x00000000000000d0       0x18 ./src/crp.o
 .debug_aranges
                0x00000000000000e8       0x28 ./src/dac.o
 .debug_aranges
                0x0000000000000110       0x18 ./src/filter.o
 .debug_aranges
                0x0000000000000128       0x20 ./src/sysinit.o
 .debug_aranges
                0x0000000000000148      0x160 /home/dlugano/Documents/MCUXpresso_11.8.0_1165/workspace/lpc_board_nxp_lpcxpresso_1769/Debug/liblpc_board_nxp_lpcxpresso_1769.a(board.o)
 .debug_aranges
                0x00000000000002a8       0x38 /home/dlugano/Documents/MCUXpresso_11.8.0_1165/workspace/lpc_board_nxp_lpcxpresso_1769/Debug/liblpc_board_nxp_lpcxpresso_1769.a(board_sysinit.o)
 .debug_aranges
                0x00000000000002e0       0x88 /home/dlugano/Documents/MCUXpresso_11.8.0_1165/workspace/lpc_chip_175x_6x/Debug/liblpc_chip_175x_6x.a(adc_17xx_40xx.o)
 .debug_aranges
                0x0000000000000368       0x38 /home/dlugano/Documents/MCUXpresso_11.8.0_1165/workspace/lpc_chip_175x_6x/Debug/liblpc_chip_175x_6x.a(chip_17xx_40xx.o)
 .debug_aranges
                0x00000000000003a0      0x120 /home/dlugano/Documents/MCUXpresso_11.8.0_1165/workspace/lpc_chip_175x_6x/Debug/liblpc_chip_175x_6x.a(clock_17xx_40xx.o)
 .debug_aranges
                0x00000000000004c0       0x38 /home/dlugano/Documents/MCUXpresso_11.8.0_1165/workspace/lpc_chip_175x_6x/Debug/liblpc_chip_175x_6x.a(dac_17xx_40xx.o)
 .debug_aranges
                0x00000000000004f8       0x30 /home/dlugano/Documents/MCUXpresso_11.8.0_1165/workspace/lpc_chip_175x_6x/Debug/liblpc_chip_175x_6x.a(iocon_17xx_40xx.o)
 .debug_aranges
                0x0000000000000528       0x60 /home/dlugano/Documents/MCUXpresso_11.8.0_1165/workspace/lpc_chip_175x_6x/Debug/liblpc_chip_175x_6x.a(sysinit_17xx_40xx.o)
 .debug_aranges
                0x0000000000000588      0x128 /home/dlugano/Documents/MCUXpresso_11.8.0_1165/workspace/lpc_chip_175x_6x/Debug/liblpc_chip_175x_6x.a(uart_17xx_40xx.o)
 .debug_aranges
                0x00000000000006b0       0x20 /home/dlugano/Documents/MCUXpresso_11.8.0_1165/workspace/CMSIS_DSPLIB_CM3/lib/libCMSIS_DSPLIB_CM3.a(arm_float_to_q31.o)
 .debug_aranges
                0x00000000000006d0       0x20 /home/dlugano/Documents/MCUXpresso_11.8.0_1165/workspace/CMSIS_DSPLIB_CM3/lib/libCMSIS_DSPLIB_CM3.a(arm_biquad_cascade_df1_init_q31.o)
 .debug_aranges
                0x00000000000006f0       0x20 /home/dlugano/Documents/MCUXpresso_11.8.0_1165/workspace/CMSIS_DSPLIB_CM3/lib/libCMSIS_DSPLIB_CM3.a(arm_biquad_cascade_df1_q31.o)
 .debug_aranges
                0x0000000000000710       0x20 /home/dlugano/Documents/MCUXpresso_11.8.0_1165/workspace/CMSIS_DSPLIB_CM3/lib/libCMSIS_DSPLIB_CM3.a(arm_fir_init_q31.o)
 .debug_aranges
                0x0000000000000730       0x20 /home/dlugano/Documents/MCUXpresso_11.8.0_1165/workspace/CMSIS_DSPLIB_CM3/lib/libCMSIS_DSPLIB_CM3.a(arm_fir_q31.o)

.debug_rnglists
                0x0000000000000000      0x4a5
 .debug_rnglists
                0x0000000000000000       0x14 ./src/ADCMSIS.o
 .debug_rnglists
                0x0000000000000014       0x20 ./src/adc.o
 .debug_rnglists
                0x0000000000000034       0x5b ./src/cr_startup_lpc175x_6x.o
 .debug_rnglists
                0x000000000000008f       0x19 ./src/dac.o
 .debug_rnglists
                0x00000000000000a8       0x13 ./src/sysinit.o
 .debug_rnglists
                0x00000000000000bb      0x106 /home/dlugano/Documents/MCUXpresso_11.8.0_1165/workspace/lpc_board_nxp_lpcxpresso_1769/Debug/liblpc_board_nxp_lpcxpresso_1769.a(board.o)
 .debug_rnglists
                0x00000000000001c1       0x25 /home/dlugano/Documents/MCUXpresso_11.8.0_1165/workspace/lpc_board_nxp_lpcxpresso_1769/Debug/liblpc_board_nxp_lpcxpresso_1769.a(board_sysinit.o)
 .debug_rnglists
                0x00000000000001e6       0x62 /home/dlugano/Documents/MCUXpresso_11.8.0_1165/workspace/lpc_chip_175x_6x/Debug/liblpc_chip_175x_6x.a(adc_17xx_40xx.o)
 .debug_rnglists
                0x0000000000000248       0x25 /home/dlugano/Documents/MCUXpresso_11.8.0_1165/workspace/lpc_chip_175x_6x/Debug/liblpc_chip_175x_6x.a(chip_17xx_40xx.o)
 .debug_rnglists
                0x000000000000026d       0xd4 /home/dlugano/Documents/MCUXpresso_11.8.0_1165/workspace/lpc_chip_175x_6x/Debug/liblpc_chip_175x_6x.a(clock_17xx_40xx.o)
 .debug_rnglists
                0x0000000000000341       0x25 /home/dlugano/Documents/MCUXpresso_11.8.0_1165/workspace/lpc_chip_175x_6x/Debug/liblpc_chip_175x_6x.a(dac_17xx_40xx.o)
 .debug_rnglists
                0x0000000000000366       0x20 /home/dlugano/Documents/MCUXpresso_11.8.0_1165/workspace/lpc_chip_175x_6x/Debug/liblpc_chip_175x_6x.a(iocon_17xx_40xx.o)
 .debug_rnglists
                0x0000000000000386       0x44 /home/dlugano/Documents/MCUXpresso_11.8.0_1165/workspace/lpc_chip_175x_6x/Debug/liblpc_chip_175x_6x.a(sysinit_17xx_40xx.o)
 .debug_rnglists
                0x00000000000003ca       0xdb /home/dlugano/Documents/MCUXpresso_11.8.0_1165/workspace/lpc_chip_175x_6x/Debug/liblpc_chip_175x_6x.a(uart_17xx_40xx.o)

.debug_line     0x0000000000000000     0x61cc
 .debug_line    0x0000000000000000      0x320 ./src/ADCMSIS.o
 .debug_line    0x0000000000000320      0x2f6 ./src/adc.o
 .debug_line    0x0000000000000616      0x162 ./src/cr_startup_lpc175x_6x.o
 .debug_line    0x0000000000000778       0x2d ./src/crp.o
 .debug_line    0x00000000000007a5      0x141 ./src/dac.o
 .debug_line    0x00000000000008e6      0x106 ./src/filter.o
 .debug_line    0x00000000000009ec       0xbf ./src/sysinit.o
 .debug_line    0x0000000000000aab      0xaa6 /home/dlugano/Documents/MCUXpresso_11.8.0_1165/workspace/lpc_board_nxp_lpcxpresso_1769/Debug/liblpc_board_nxp_lpcxpresso_1769.a(board.o)
 .debug_line    0x0000000000001551      0x573 /home/dlugano/Documents/MCUXpresso_11.8.0_1165/workspace/lpc_board_nxp_lpcxpresso_1769/Debug/liblpc_board_nxp_lpcxpresso_1769.a(board_sysinit.o)
 .debug_line    0x0000000000001ac4      0x6d5 /home/dlugano/Documents/MCUXpresso_11.8.0_1165/workspace/lpc_chip_175x_6x/Debug/liblpc_chip_175x_6x.a(adc_17xx_40xx.o)
 .debug_line    0x0000000000002199      0x517 /home/dlugano/Documents/MCUXpresso_11.8.0_1165/workspace/lpc_chip_175x_6x/Debug/liblpc_chip_175x_6x.a(chip_17xx_40xx.o)
 .debug_line    0x00000000000026b0      0x97c /home/dlugano/Documents/MCUXpresso_11.8.0_1165/workspace/lpc_chip_175x_6x/Debug/liblpc_chip_175x_6x.a(clock_17xx_40xx.o)
 .debug_line    0x000000000000302c      0x4e6 /home/dlugano/Documents/MCUXpresso_11.8.0_1165/workspace/lpc_chip_175x_6x/Debug/liblpc_chip_175x_6x.a(dac_17xx_40xx.o)
 .debug_line    0x0000000000003512      0x541 /home/dlugano/Documents/MCUXpresso_11.8.0_1165/workspace/lpc_chip_175x_6x/Debug/liblpc_chip_175x_6x.a(iocon_17xx_40xx.o)
 .debug_line    0x0000000000003a53      0x5f2 /home/dlugano/Documents/MCUXpresso_11.8.0_1165/workspace/lpc_chip_175x_6x/Debug/liblpc_chip_175x_6x.a(sysinit_17xx_40xx.o)
 .debug_line    0x0000000000004045      0xa57 /home/dlugano/Documents/MCUXpresso_11.8.0_1165/workspace/lpc_chip_175x_6x/Debug/liblpc_chip_175x_6x.a(uart_17xx_40xx.o)
 .debug_line    0x0000000000004a9c      0x46b /home/dlugano/Documents/MCUXpresso_11.8.0_1165/workspace/CMSIS_DSPLIB_CM3/lib/libCMSIS_DSPLIB_CM3.a(arm_float_to_q31.o)
 .debug_line    0x0000000000004f07      0x3e2 /home/dlugano/Documents/MCUXpresso_11.8.0_1165/workspace/CMSIS_DSPLIB_CM3/lib/libCMSIS_DSPLIB_CM3.a(arm_biquad_cascade_df1_init_q31.o)
 .debug_line    0x00000000000052e9      0x50a /home/dlugano/Documents/MCUXpresso_11.8.0_1165/workspace/CMSIS_DSPLIB_CM3/lib/libCMSIS_DSPLIB_CM3.a(arm_biquad_cascade_df1_q31.o)
 .debug_line    0x00000000000057f3      0x3cc /home/dlugano/Documents/MCUXpresso_11.8.0_1165/workspace/CMSIS_DSPLIB_CM3/lib/libCMSIS_DSPLIB_CM3.a(arm_fir_init_q31.o)
 .debug_line    0x0000000000005bbf      0x60d /home/dlugano/Documents/MCUXpresso_11.8.0_1165/workspace/CMSIS_DSPLIB_CM3/lib/libCMSIS_DSPLIB_CM3.a(arm_fir_q31.o)

.debug_str      0x0000000000000000    0x13ec0
 .debug_str     0x0000000000000000      0x4ac ./src/ADCMSIS.o
                                        0x568 (size before relaxing)
 .debug_str     0x00000000000004ac      0x42b ./src/adc.o
                                        0x82f (size before relaxing)
 .debug_str     0x00000000000008d7      0x1a7 ./src/cr_startup_lpc175x_6x.o
                                        0x2d3 (size before relaxing)
 .debug_str     0x0000000000000a7e       0x16 ./src/crp.o
                                        0x131 (size before relaxing)
 .debug_str     0x0000000000000a94       0x41 ./src/dac.o
                                        0x204 (size before relaxing)
 .debug_str     0x0000000000000ad5       0x10 ./src/filter.o
                                        0x1d5 (size before relaxing)
 .debug_str     0x0000000000000ae5       0x2c ./src/sysinit.o
                                        0x1e8 (size before relaxing)
 .debug_str     0x0000000000000b11    0x11eea /home/dlugano/Documents/MCUXpresso_11.8.0_1165/workspace/lpc_board_nxp_lpcxpresso_1769/Debug/liblpc_board_nxp_lpcxpresso_1769.a(board.o)
                                      0x12245 (size before relaxing)
 .debug_str     0x00000000000129fb      0x24b /home/dlugano/Documents/MCUXpresso_11.8.0_1165/workspace/lpc_board_nxp_lpcxpresso_1769/Debug/liblpc_board_nxp_lpcxpresso_1769.a(board_sysinit.o)
                                      0x116dd (size before relaxing)
 .debug_str     0x0000000000012c46      0x512 /home/dlugano/Documents/MCUXpresso_11.8.0_1165/workspace/lpc_chip_175x_6x/Debug/liblpc_chip_175x_6x.a(adc_17xx_40xx.o)
                                      0x116cd (size before relaxing)
 .debug_str     0x0000000000013158       0xc6 /home/dlugano/Documents/MCUXpresso_11.8.0_1165/workspace/lpc_chip_175x_6x/Debug/liblpc_chip_175x_6x.a(chip_17xx_40xx.o)
                                      0x11430 (size before relaxing)
 .debug_str     0x000000000001321e      0x546 /home/dlugano/Documents/MCUXpresso_11.8.0_1165/workspace/lpc_chip_175x_6x/Debug/liblpc_chip_175x_6x.a(clock_17xx_40xx.o)
                                      0x11a2b (size before relaxing)
 .debug_str     0x0000000000013764       0x93 /home/dlugano/Documents/MCUXpresso_11.8.0_1165/workspace/lpc_chip_175x_6x/Debug/liblpc_chip_175x_6x.a(dac_17xx_40xx.o)
                                      0x10e68 (size before relaxing)
 .debug_str     0x00000000000137f7       0x4a /home/dlugano/Documents/MCUXpresso_11.8.0_1165/workspace/lpc_chip_175x_6x/Debug/liblpc_chip_175x_6x.a(iocon_17xx_40xx.o)
                                      0x10e91 (size before relaxing)
 .debug_str     0x0000000000013841       0xad /home/dlugano/Documents/MCUXpresso_11.8.0_1165/workspace/lpc_chip_175x_6x/Debug/liblpc_chip_175x_6x.a(sysinit_17xx_40xx.o)
                                      0x110e4 (size before relaxing)
 .debug_str     0x00000000000138ee      0x39d /home/dlugano/Documents/MCUXpresso_11.8.0_1165/workspace/lpc_chip_175x_6x/Debug/liblpc_chip_175x_6x.a(uart_17xx_40xx.o)
                                      0x11990 (size before relaxing)
 .debug_str     0x0000000000013c8b       0xf6 /home/dlugano/Documents/MCUXpresso_11.8.0_1165/workspace/CMSIS_DSPLIB_CM3/lib/libCMSIS_DSPLIB_CM3.a(arm_float_to_q31.o)
                                        0x1af (size before relaxing)
 .debug_str     0x0000000000013d81       0x44 /home/dlugano/Documents/MCUXpresso_11.8.0_1165/workspace/CMSIS_DSPLIB_CM3/lib/libCMSIS_DSPLIB_CM3.a(arm_biquad_cascade_df1_init_q31.o)
                                        0x1db (size before relaxing)
 .debug_str     0x0000000000013dc5       0x6b /home/dlugano/Documents/MCUXpresso_11.8.0_1165/workspace/CMSIS_DSPLIB_CM3/lib/libCMSIS_DSPLIB_CM3.a(arm_biquad_cascade_df1_q31.o)
                                        0x218 (size before relaxing)
 .debug_str     0x0000000000013e30       0x35 /home/dlugano/Documents/MCUXpresso_11.8.0_1165/workspace/CMSIS_DSPLIB_CM3/lib/libCMSIS_DSPLIB_CM3.a(arm_fir_init_q31.o)
                                        0x1ad (size before relaxing)
 .debug_str     0x0000000000013e65       0x5b /home/dlugano/Documents/MCUXpresso_11.8.0_1165/workspace/CMSIS_DSPLIB_CM3/lib/libCMSIS_DSPLIB_CM3.a(arm_fir_q31.o)
                                        0x1ed (size before relaxing)

.comment        0x0000000000000000       0xb5
 .comment       0x0000000000000000       0x45 ./src/ADCMSIS.o
                                         0x46 (size before relaxing)
 .comment       0x0000000000000045       0x46 ./src/adc.o
 .comment       0x0000000000000045       0x46 ./src/cr_startup_lpc175x_6x.o
 .comment       0x0000000000000045       0x46 ./src/crp.o
 .comment       0x0000000000000045       0x46 ./src/dac.o
 .comment       0x0000000000000045       0x46 ./src/filter.o
 .comment       0x0000000000000045       0x46 ./src/sysinit.o
 .comment       0x0000000000000045       0x46 /home/dlugano/Documents/MCUXpresso_11.8.0_1165/workspace/lpc_board_nxp_lpcxpresso_1769/Debug/liblpc_board_nxp_lpcxpresso_1769.a(board.o)
 .comment       0x0000000000000045       0x46 /home/dlugano/Documents/MCUXpresso_11.8.0_1165/workspace/lpc_board_nxp_lpcxpresso_1769/Debug/liblpc_board_nxp_lpcxpresso_1769.a(board_sysinit.o)
 .comment       0x0000000000000045       0x46 /home/dlugano/Documents/MCUXpresso_11.8.0_1165/workspace/lpc_chip_175x_6x/Debug/liblpc_chip_175x_6x.a(adc_17xx_40xx.o)
 .comment       0x0000000000000045       0x46 /home/dlugano/Documents/MCUXpresso_11.8.0_1165/workspace/lpc_chip_175x_6x/Debug/liblpc_chip_175x_6x.a(chip_17xx_40xx.o)
 .comment       0x0000000000000045       0x46 /home/dlugano/Documents/MCUXpresso_11.8.0_1165/workspace/lpc_chip_175x_6x/Debug/liblpc_chip_175x_6x.a(clock_17xx_40xx.o)
 .comment       0x0000000000000045       0x46 /home/dlugano/Documents/MCUXpresso_11.8.0_1165/workspace/lpc_chip_175x_6x/Debug/liblpc_chip_175x_6x.a(dac_17xx_40xx.o)
 .comment       0x0000000000000045       0x46 /home/dlugano/Documents/MCUXpresso_11.8.0_1165/workspace/lpc_chip_175x_6x/Debug/liblpc_chip_175x_6x.a(iocon_17xx_40xx.o)
 .comment       0x0000000000000045       0x46 /home/dlugano/Documents/MCUXpresso_11.8.0_1165/workspace/lpc_chip_175x_6x/Debug/liblpc_chip_175x_6x.a(sysinit_17xx_40xx.o)
 .comment       0x0000000000000045       0x46 /home/dlugano/Documents/MCUXpresso_11.8.0_1165/workspace/lpc_chip_175x_6x/Debug/liblpc_chip_175x_6x.a(uart_17xx_40xx.o)
 .comment       0x0000000000000045       0x70 /home/dlugano/Documents/MCUXpresso_11.8.0_1165/workspace/CMSIS_DSPLIB_CM3/lib/libCMSIS_DSPLIB_CM3.a(arm_float_to_q31.o)
                                         0x71 (size before relaxing)
 .comment       0x00000000000000b5       0x71 /home/dlugano/Documents/MCUXpresso_11.8.0_1165/workspace/CMSIS_DSPLIB_CM3/lib/libCMSIS_DSPLIB_CM3.a(arm_biquad_cascade_df1_init_q31.o)
 .comment       0x00000000000000b5       0x71 /home/dlugano/Documents/MCUXpresso_11.8.0_1165/workspace/CMSIS_DSPLIB_CM3/lib/libCMSIS_DSPLIB_CM3.a(arm_biquad_cascade_df1_q31.o)
 .comment       0x00000000000000b5       0x71 /home/dlugano/Documents/MCUXpresso_11.8.0_1165/workspace/CMSIS_DSPLIB_CM3/lib/libCMSIS_DSPLIB_CM3.a(arm_fir_init_q31.o)
 .comment       0x00000000000000b5       0x71 /home/dlugano/Documents/MCUXpresso_11.8.0_1165/workspace/CMSIS_DSPLIB_CM3/lib/libCMSIS_DSPLIB_CM3.a(arm_fir_q31.o)
 .comment       0x00000000000000b5       0x46 /usr/local/mcuxpressoide-11.8.0_1165/ide/plugins/com.nxp.mcuxpresso.tools.linux_11.8.0.202306131047/tools/bin/../lib/gcc/arm-none-eabi/12.2.1/../../../../arm-none-eabi/lib/thumb/v7-m/nofp/libcr_c.a(memset.o)
 .comment       0x00000000000000b5       0x46 /usr/local/mcuxpressoide-11.8.0_1165/ide/plugins/com.nxp.mcuxpresso.tools.linux_11.8.0.202306131047/tools/bin/../lib/gcc/arm-none-eabi/12.2.1/../../../../arm-none-eabi/lib/thumb/v7-m/nofp/libcr_c.a(__weak__main.o)
 .comment       0x00000000000000b5       0x46 /usr/local/mcuxpressoide-11.8.0_1165/ide/plugins/com.nxp.mcuxpresso.tools.linux_11.8.0.202306131047/tools/bin/../lib/gcc/arm-none-eabi/12.2.1/thumb/v7-m/nofp/libcr_eabihelpers.a(float.o)

.ARM.attributes
                0x0000000000000000       0x2b
 .ARM.attributes
                0x0000000000000000       0x2d ./src/ADCMSIS.o
 .ARM.attributes
                0x000000000000002d       0x2d ./src/adc.o
 .ARM.attributes
                0x000000000000005a       0x2d ./src/cr_startup_lpc175x_6x.o
 .ARM.attributes
                0x0000000000000087       0x2d ./src/crp.o
 .ARM.attributes
                0x00000000000000b4       0x2d ./src/dac.o
 .ARM.attributes
                0x00000000000000e1       0x2d ./src/filter.o
 .ARM.attributes
                0x000000000000010e       0x2d ./src/sysinit.o
 .ARM.attributes
                0x000000000000013b       0x2d /home/dlugano/Documents/MCUXpresso_11.8.0_1165/workspace/lpc_board_nxp_lpcxpresso_1769/Debug/liblpc_board_nxp_lpcxpresso_1769.a(board.o)
 .ARM.attributes
                0x0000000000000168       0x2d /home/dlugano/Documents/MCUXpresso_11.8.0_1165/workspace/lpc_board_nxp_lpcxpresso_1769/Debug/liblpc_board_nxp_lpcxpresso_1769.a(board_sysinit.o)
 .ARM.attributes
                0x0000000000000195       0x2d /home/dlugano/Documents/MCUXpresso_11.8.0_1165/workspace/lpc_chip_175x_6x/Debug/liblpc_chip_175x_6x.a(adc_17xx_40xx.o)
 .ARM.attributes
                0x00000000000001c2       0x2d /home/dlugano/Documents/MCUXpresso_11.8.0_1165/workspace/lpc_chip_175x_6x/Debug/liblpc_chip_175x_6x.a(chip_17xx_40xx.o)
 .ARM.attributes
                0x00000000000001ef       0x2d /home/dlugano/Documents/MCUXpresso_11.8.0_1165/workspace/lpc_chip_175x_6x/Debug/liblpc_chip_175x_6x.a(clock_17xx_40xx.o)
 .ARM.attributes
                0x000000000000021c       0x2d /home/dlugano/Documents/MCUXpresso_11.8.0_1165/workspace/lpc_chip_175x_6x/Debug/liblpc_chip_175x_6x.a(dac_17xx_40xx.o)
 .ARM.attributes
                0x0000000000000249       0x2d /home/dlugano/Documents/MCUXpresso_11.8.0_1165/workspace/lpc_chip_175x_6x/Debug/liblpc_chip_175x_6x.a(iocon_17xx_40xx.o)
 .ARM.attributes
                0x0000000000000276       0x2d /home/dlugano/Documents/MCUXpresso_11.8.0_1165/workspace/lpc_chip_175x_6x/Debug/liblpc_chip_175x_6x.a(sysinit_17xx_40xx.o)
 .ARM.attributes
                0x00000000000002a3       0x2d /home/dlugano/Documents/MCUXpresso_11.8.0_1165/workspace/lpc_chip_175x_6x/Debug/liblpc_chip_175x_6x.a(uart_17xx_40xx.o)
 .ARM.attributes
                0x00000000000002d0       0x33 /home/dlugano/Documents/MCUXpresso_11.8.0_1165/workspace/CMSIS_DSPLIB_CM3/lib/libCMSIS_DSPLIB_CM3.a(arm_float_to_q31.o)
 .ARM.attributes
                0x0000000000000303       0x33 /home/dlugano/Documents/MCUXpresso_11.8.0_1165/workspace/CMSIS_DSPLIB_CM3/lib/libCMSIS_DSPLIB_CM3.a(arm_biquad_cascade_df1_init_q31.o)
 .ARM.attributes
                0x0000000000000336       0x33 /home/dlugano/Documents/MCUXpresso_11.8.0_1165/workspace/CMSIS_DSPLIB_CM3/lib/libCMSIS_DSPLIB_CM3.a(arm_biquad_cascade_df1_q31.o)
 .ARM.attributes
                0x0000000000000369       0x33 /home/dlugano/Documents/MCUXpresso_11.8.0_1165/workspace/CMSIS_DSPLIB_CM3/lib/libCMSIS_DSPLIB_CM3.a(arm_fir_init_q31.o)
 .ARM.attributes
                0x000000000000039c       0x33 /home/dlugano/Documents/MCUXpresso_11.8.0_1165/workspace/CMSIS_DSPLIB_CM3/lib/libCMSIS_DSPLIB_CM3.a(arm_fir_q31.o)
 .ARM.attributes
                0x00000000000003cf       0x2d /usr/local/mcuxpressoide-11.8.0_1165/ide/plugins/com.nxp.mcuxpresso.tools.linux_11.8.0.202306131047/tools/bin/../lib/gcc/arm-none-eabi/12.2.1/../../../../arm-none-eabi/lib/thumb/v7-m/nofp/libcr_c.a(memset.o)
 .ARM.attributes
                0x00000000000003fc       0x2d /usr/local/mcuxpressoide-11.8.0_1165/ide/plugins/com.nxp.mcuxpresso.tools.linux_11.8.0.202306131047/tools/bin/../lib/gcc/arm-none-eabi/12.2.1/../../../../arm-none-eabi/lib/thumb/v7-m/nofp/libcr_c.a(__weak__main.o)
 .ARM.attributes
                0x0000000000000429       0x2d /usr/local/mcuxpressoide-11.8.0_1165/ide/plugins/com.nxp.mcuxpresso.tools.linux_11.8.0.202306131047/tools/bin/../lib/gcc/arm-none-eabi/12.2.1/thumb/v7-m/nofp/libcr_eabihelpers.a(float.o)
 .ARM.attributes
                0x0000000000000456       0x1b /usr/local/mcuxpressoide-11.8.0_1165/ide/plugins/com.nxp.mcuxpresso.tools.linux_11.8.0.202306131047/tools/bin/../lib/gcc/arm-none-eabi/12.2.1/thumb/v7-m/nofp/libcr_eabihelpers.a(memcpy.o)

.debug_frame    0x0000000000000000     0x18bc
 .debug_frame   0x0000000000000000       0x30 ./src/ADCMSIS.o
 .debug_frame   0x0000000000000030       0x78 ./src/adc.o
 .debug_frame   0x00000000000000a8      0x170 ./src/cr_startup_lpc175x_6x.o
 .debug_frame   0x0000000000000218       0x50 ./src/dac.o
 .debug_frame   0x0000000000000268       0x34 ./src/sysinit.o
 .debug_frame   0x000000000000029c      0x5d4 /home/dlugano/Documents/MCUXpresso_11.8.0_1165/workspace/lpc_board_nxp_lpcxpresso_1769/Debug/liblpc_board_nxp_lpcxpresso_1769.a(board.o)
 .debug_frame   0x0000000000000870       0x8c /home/dlugano/Documents/MCUXpresso_11.8.0_1165/workspace/lpc_board_nxp_lpcxpresso_1769/Debug/liblpc_board_nxp_lpcxpresso_1769.a(board_sysinit.o)
 .debug_frame   0x00000000000008fc      0x218 /home/dlugano/Documents/MCUXpresso_11.8.0_1165/workspace/lpc_chip_175x_6x/Debug/liblpc_chip_175x_6x.a(adc_17xx_40xx.o)
 .debug_frame   0x0000000000000b14       0x88 /home/dlugano/Documents/MCUXpresso_11.8.0_1165/workspace/lpc_chip_175x_6x/Debug/liblpc_chip_175x_6x.a(chip_17xx_40xx.o)
 .debug_frame   0x0000000000000b9c      0x490 /home/dlugano/Documents/MCUXpresso_11.8.0_1165/workspace/lpc_chip_175x_6x/Debug/liblpc_chip_175x_6x.a(clock_17xx_40xx.o)
 .debug_frame   0x000000000000102c       0xac /home/dlugano/Documents/MCUXpresso_11.8.0_1165/workspace/lpc_chip_175x_6x/Debug/liblpc_chip_175x_6x.a(dac_17xx_40xx.o)
 .debug_frame   0x00000000000010d8       0x80 /home/dlugano/Documents/MCUXpresso_11.8.0_1165/workspace/lpc_chip_175x_6x/Debug/liblpc_chip_175x_6x.a(iocon_17xx_40xx.o)
 .debug_frame   0x0000000000001158      0x12c /home/dlugano/Documents/MCUXpresso_11.8.0_1165/workspace/lpc_chip_175x_6x/Debug/liblpc_chip_175x_6x.a(sysinit_17xx_40xx.o)
 .debug_frame   0x0000000000001284      0x538 /home/dlugano/Documents/MCUXpresso_11.8.0_1165/workspace/lpc_chip_175x_6x/Debug/liblpc_chip_175x_6x.a(uart_17xx_40xx.o)
 .debug_frame   0x00000000000017bc       0x38 /home/dlugano/Documents/MCUXpresso_11.8.0_1165/workspace/CMSIS_DSPLIB_CM3/lib/libCMSIS_DSPLIB_CM3.a(arm_float_to_q31.o)
 .debug_frame   0x00000000000017f4       0x2c /home/dlugano/Documents/MCUXpresso_11.8.0_1165/workspace/CMSIS_DSPLIB_CM3/lib/libCMSIS_DSPLIB_CM3.a(arm_biquad_cascade_df1_init_q31.o)
 .debug_frame   0x0000000000001820       0x38 /home/dlugano/Documents/MCUXpresso_11.8.0_1165/workspace/CMSIS_DSPLIB_CM3/lib/libCMSIS_DSPLIB_CM3.a(arm_biquad_cascade_df1_q31.o)
 .debug_frame   0x0000000000001858       0x2c /home/dlugano/Documents/MCUXpresso_11.8.0_1165/workspace/CMSIS_DSPLIB_CM3/lib/libCMSIS_DSPLIB_CM3.a(arm_fir_init_q31.o)
 .debug_frame   0x0000000000001884       0x38 /home/dlugano/Documents/MCUXpresso_11.8.0_1165/workspace/CMSIS_DSPLIB_CM3/lib/libCMSIS_DSPLIB_CM3.a(arm_fir_q31.o)

.debug_macro    0x0000000000000000     0x4beb
 .debug_macro   0x0000000000000000      0x289 /home/dlugano/Documents/MCUXpresso_11.8.0_1165/workspace/lpc_board_nxp_lpcxpresso_1769/Debug/liblpc_board_nxp_lpcxpresso_1769.a(board.o)
 .debug_macro   0x0000000000000289      0xab4 /home/dlugano/Documents/MCUXpresso_11.8.0_1165/workspace/lpc_board_nxp_lpcxpresso_1769/Debug/liblpc_board_nxp_lpcxpresso_1769.a(board.o)
 .debug_macro   0x0000000000000d3d       0x10 /home/dlugano/Documents/MCUXpresso_11.8.0_1165/workspace/lpc_board_nxp_lpcxpresso_1769/Debug/liblpc_board_nxp_lpcxpresso_1769.a(board.o)
 .debug_macro   0x0000000000000d4d      0x12e /home/dlugano/Documents/MCUXpresso_11.8.0_1165/workspace/lpc_board_nxp_lpcxpresso_1769/Debug/liblpc_board_nxp_lpcxpresso_1769.a(board.o)
 .debug_macro   0x0000000000000e7b      0x5b3 /home/dlugano/Documents/MCUXpresso_11.8.0_1165/workspace/lpc_board_nxp_lpcxpresso_1769/Debug/liblpc_board_nxp_lpcxpresso_1769.a(board.o)
 .debug_macro   0x000000000000142e       0x22 /home/dlugano/Documents/MCUXpresso_11.8.0_1165/workspace/lpc_board_nxp_lpcxpresso_1769/Debug/liblpc_board_nxp_lpcxpresso_1769.a(board.o)
 .debug_macro   0x0000000000001450       0x7b /home/dlugano/Documents/MCUXpresso_11.8.0_1165/workspace/lpc_board_nxp_lpcxpresso_1769/Debug/liblpc_board_nxp_lpcxpresso_1769.a(board.o)
 .debug_macro   0x00000000000014cb       0x10 /home/dlugano/Documents/MCUXpresso_11.8.0_1165/workspace/lpc_board_nxp_lpcxpresso_1769/Debug/liblpc_board_nxp_lpcxpresso_1769.a(board.o)
 .debug_macro   0x00000000000014db       0x2d /home/dlugano/Documents/MCUXpresso_11.8.0_1165/workspace/lpc_board_nxp_lpcxpresso_1769/Debug/liblpc_board_nxp_lpcxpresso_1769.a(board.o)
 .debug_macro   0x0000000000001508       0x3a /home/dlugano/Documents/MCUXpresso_11.8.0_1165/workspace/lpc_board_nxp_lpcxpresso_1769/Debug/liblpc_board_nxp_lpcxpresso_1769.a(board.o)
 .debug_macro   0x0000000000001542       0x2d /home/dlugano/Documents/MCUXpresso_11.8.0_1165/workspace/lpc_board_nxp_lpcxpresso_1769/Debug/liblpc_board_nxp_lpcxpresso_1769.a(board.o)
 .debug_macro   0x000000000000156f      0xbb1 /home/dlugano/Documents/MCUXpresso_11.8.0_1165/workspace/lpc_board_nxp_lpcxpresso_1769/Debug/liblpc_board_nxp_lpcxpresso_1769.a(board.o)
 .debug_macro   0x0000000000002120      0x22c /home/dlugano/Documents/MCUXpresso_11.8.0_1165/workspace/lpc_board_nxp_lpcxpresso_1769/Debug/liblpc_board_nxp_lpcxpresso_1769.a(board.o)
 .debug_macro   0x000000000000234c       0x42 /home/dlugano/Documents/MCUXpresso_11.8.0_1165/workspace/lpc_board_nxp_lpcxpresso_1769/Debug/liblpc_board_nxp_lpcxpresso_1769.a(board.o)
 .debug_macro   0x000000000000238e       0x52 /home/dlugano/Documents/MCUXpresso_11.8.0_1165/workspace/lpc_board_nxp_lpcxpresso_1769/Debug/liblpc_board_nxp_lpcxpresso_1769.a(board.o)
 .debug_macro   0x00000000000023e0       0x78 /home/dlugano/Documents/MCUXpresso_11.8.0_1165/workspace/lpc_board_nxp_lpcxpresso_1769/Debug/liblpc_board_nxp_lpcxpresso_1769.a(board.o)
 .debug_macro   0x0000000000002458       0x82 /home/dlugano/Documents/MCUXpresso_11.8.0_1165/workspace/lpc_board_nxp_lpcxpresso_1769/Debug/liblpc_board_nxp_lpcxpresso_1769.a(board.o)
 .debug_macro   0x00000000000024da      0x48c /home/dlugano/Documents/MCUXpresso_11.8.0_1165/workspace/lpc_board_nxp_lpcxpresso_1769/Debug/liblpc_board_nxp_lpcxpresso_1769.a(board.o)
 .debug_macro   0x0000000000002966       0x34 /home/dlugano/Documents/MCUXpresso_11.8.0_1165/workspace/lpc_board_nxp_lpcxpresso_1769/Debug/liblpc_board_nxp_lpcxpresso_1769.a(board.o)
 .debug_macro   0x000000000000299a      0x4c5 /home/dlugano/Documents/MCUXpresso_11.8.0_1165/workspace/lpc_board_nxp_lpcxpresso_1769/Debug/liblpc_board_nxp_lpcxpresso_1769.a(board.o)
 .debug_macro   0x0000000000002e5f      0x1b7 /home/dlugano/Documents/MCUXpresso_11.8.0_1165/workspace/lpc_board_nxp_lpcxpresso_1769/Debug/liblpc_board_nxp_lpcxpresso_1769.a(board.o)
 .debug_macro   0x0000000000003016       0x10 /home/dlugano/Documents/MCUXpresso_11.8.0_1165/workspace/lpc_board_nxp_lpcxpresso_1769/Debug/liblpc_board_nxp_lpcxpresso_1769.a(board.o)
 .debug_macro   0x0000000000003026      0x21b /home/dlugano/Documents/MCUXpresso_11.8.0_1165/workspace/lpc_board_nxp_lpcxpresso_1769/Debug/liblpc_board_nxp_lpcxpresso_1769.a(board.o)
 .debug_macro   0x0000000000003241      0x1b9 /home/dlugano/Documents/MCUXpresso_11.8.0_1165/workspace/lpc_board_nxp_lpcxpresso_1769/Debug/liblpc_board_nxp_lpcxpresso_1769.a(board.o)
 .debug_macro   0x00000000000033fa       0x40 /home/dlugano/Documents/MCUXpresso_11.8.0_1165/workspace/lpc_board_nxp_lpcxpresso_1769/Debug/liblpc_board_nxp_lpcxpresso_1769.a(board.o)
 .debug_macro   0x000000000000343a       0x22 /home/dlugano/Documents/MCUXpresso_11.8.0_1165/workspace/lpc_board_nxp_lpcxpresso_1769/Debug/liblpc_board_nxp_lpcxpresso_1769.a(board.o)
 .debug_macro   0x000000000000345c      0x162 /home/dlugano/Documents/MCUXpresso_11.8.0_1165/workspace/lpc_board_nxp_lpcxpresso_1769/Debug/liblpc_board_nxp_lpcxpresso_1769.a(board.o)
 .debug_macro   0x00000000000035be       0x94 /home/dlugano/Documents/MCUXpresso_11.8.0_1165/workspace/lpc_board_nxp_lpcxpresso_1769/Debug/liblpc_board_nxp_lpcxpresso_1769.a(board.o)
 .debug_macro   0x0000000000003652       0xb8 /home/dlugano/Documents/MCUXpresso_11.8.0_1165/workspace/lpc_board_nxp_lpcxpresso_1769/Debug/liblpc_board_nxp_lpcxpresso_1769.a(board.o)
 .debug_macro   0x000000000000370a       0x4c /home/dlugano/Documents/MCUXpresso_11.8.0_1165/workspace/lpc_board_nxp_lpcxpresso_1769/Debug/liblpc_board_nxp_lpcxpresso_1769.a(board.o)
 .debug_macro   0x0000000000003756       0x16 /home/dlugano/Documents/MCUXpresso_11.8.0_1165/workspace/lpc_board_nxp_lpcxpresso_1769/Debug/liblpc_board_nxp_lpcxpresso_1769.a(board.o)
 .debug_macro   0x000000000000376c      0x328 /home/dlugano/Documents/MCUXpresso_11.8.0_1165/workspace/lpc_board_nxp_lpcxpresso_1769/Debug/liblpc_board_nxp_lpcxpresso_1769.a(board.o)
 .debug_macro   0x0000000000003a94       0x49 /home/dlugano/Documents/MCUXpresso_11.8.0_1165/workspace/lpc_board_nxp_lpcxpresso_1769/Debug/liblpc_board_nxp_lpcxpresso_1769.a(board.o)
 .debug_macro   0x0000000000003add       0x16 /home/dlugano/Documents/MCUXpresso_11.8.0_1165/workspace/lpc_board_nxp_lpcxpresso_1769/Debug/liblpc_board_nxp_lpcxpresso_1769.a(board.o)
 .debug_macro   0x0000000000003af3       0xca /home/dlugano/Documents/MCUXpresso_11.8.0_1165/workspace/lpc_board_nxp_lpcxpresso_1769/Debug/liblpc_board_nxp_lpcxpresso_1769.a(board.o)
 .debug_macro   0x0000000000003bbd       0x18 /home/dlugano/Documents/MCUXpresso_11.8.0_1165/workspace/lpc_board_nxp_lpcxpresso_1769/Debug/liblpc_board_nxp_lpcxpresso_1769.a(board.o)
 .debug_macro   0x0000000000003bd5       0x70 /home/dlugano/Documents/MCUXpresso_11.8.0_1165/workspace/lpc_board_nxp_lpcxpresso_1769/Debug/liblpc_board_nxp_lpcxpresso_1769.a(board.o)
 .debug_macro   0x0000000000003c45       0x9a /home/dlugano/Documents/MCUXpresso_11.8.0_1165/workspace/lpc_board_nxp_lpcxpresso_1769/Debug/liblpc_board_nxp_lpcxpresso_1769.a(board.o)
 .debug_macro   0x0000000000003cdf       0x20 /home/dlugano/Documents/MCUXpresso_11.8.0_1165/workspace/lpc_board_nxp_lpcxpresso_1769/Debug/liblpc_board_nxp_lpcxpresso_1769.a(board.o)
 .debug_macro   0x0000000000003cff       0x28 /home/dlugano/Documents/MCUXpresso_11.8.0_1165/workspace/lpc_board_nxp_lpcxpresso_1769/Debug/liblpc_board_nxp_lpcxpresso_1769.a(board.o)
 .debug_macro   0x0000000000003d27       0x12 /home/dlugano/Documents/MCUXpresso_11.8.0_1165/workspace/lpc_board_nxp_lpcxpresso_1769/Debug/liblpc_board_nxp_lpcxpresso_1769.a(board.o)
 .debug_macro   0x0000000000003d39      0x217 /home/dlugano/Documents/MCUXpresso_11.8.0_1165/workspace/lpc_board_nxp_lpcxpresso_1769/Debug/liblpc_board_nxp_lpcxpresso_1769.a(board_sysinit.o)
 .debug_macro   0x0000000000003f50      0x1cd /home/dlugano/Documents/MCUXpresso_11.8.0_1165/workspace/lpc_chip_175x_6x/Debug/liblpc_chip_175x_6x.a(adc_17xx_40xx.o)
 .debug_macro   0x000000000000411d      0x1cd /home/dlugano/Documents/MCUXpresso_11.8.0_1165/workspace/lpc_chip_175x_6x/Debug/liblpc_chip_175x_6x.a(chip_17xx_40xx.o)
 .debug_macro   0x00000000000042ea      0x1cd /home/dlugano/Documents/MCUXpresso_11.8.0_1165/workspace/lpc_chip_175x_6x/Debug/liblpc_chip_175x_6x.a(clock_17xx_40xx.o)
 .debug_macro   0x00000000000044b7      0x1cd /home/dlugano/Documents/MCUXpresso_11.8.0_1165/workspace/lpc_chip_175x_6x/Debug/liblpc_chip_175x_6x.a(dac_17xx_40xx.o)
 .debug_macro   0x0000000000004684      0x1cd /home/dlugano/Documents/MCUXpresso_11.8.0_1165/workspace/lpc_chip_175x_6x/Debug/liblpc_chip_175x_6x.a(iocon_17xx_40xx.o)
 .debug_macro   0x0000000000004851      0x1cd /home/dlugano/Documents/MCUXpresso_11.8.0_1165/workspace/lpc_chip_175x_6x/Debug/liblpc_chip_175x_6x.a(sysinit_17xx_40xx.o)
 .debug_macro   0x0000000000004a1e      0x1cd /home/dlugano/Documents/MCUXpresso_11.8.0_1165/workspace/lpc_chip_175x_6x/Debug/liblpc_chip_175x_6x.a(uart_17xx_40xx.o)

.debug_loc      0x0000000000000000     0x11c6
 .debug_loc     0x0000000000000000      0x21e /home/dlugano/Documents/MCUXpresso_11.8.0_1165/workspace/CMSIS_DSPLIB_CM3/lib/libCMSIS_DSPLIB_CM3.a(arm_float_to_q31.o)
 .debug_loc     0x000000000000021e       0x8e /home/dlugano/Documents/MCUXpresso_11.8.0_1165/workspace/CMSIS_DSPLIB_CM3/lib/libCMSIS_DSPLIB_CM3.a(arm_biquad_cascade_df1_init_q31.o)
 .debug_loc     0x00000000000002ac      0x690 /home/dlugano/Documents/MCUXpresso_11.8.0_1165/workspace/CMSIS_DSPLIB_CM3/lib/libCMSIS_DSPLIB_CM3.a(arm_biquad_cascade_df1_q31.o)
 .debug_loc     0x000000000000093c       0x9a /home/dlugano/Documents/MCUXpresso_11.8.0_1165/workspace/CMSIS_DSPLIB_CM3/lib/libCMSIS_DSPLIB_CM3.a(arm_fir_init_q31.o)
 .debug_loc     0x00000000000009d6      0x7f0 /home/dlugano/Documents/MCUXpresso_11.8.0_1165/workspace/CMSIS_DSPLIB_CM3/lib/libCMSIS_DSPLIB_CM3.a(arm_fir_q31.o)

.debug_ranges   0x0000000000000000       0x90
 .debug_ranges  0x0000000000000000       0x50 /home/dlugano/Documents/MCUXpresso_11.8.0_1165/workspace/CMSIS_DSPLIB_CM3/lib/libCMSIS_DSPLIB_CM3.a(arm_float_to_q31.o)
 .debug_ranges  0x0000000000000050       0x10 /home/dlugano/Documents/MCUXpresso_11.8.0_1165/workspace/CMSIS_DSPLIB_CM3/lib/libCMSIS_DSPLIB_CM3.a(arm_biquad_cascade_df1_init_q31.o)
 .debug_ranges  0x0000000000000060       0x10 /home/dlugano/Documents/MCUXpresso_11.8.0_1165/workspace/CMSIS_DSPLIB_CM3/lib/libCMSIS_DSPLIB_CM3.a(arm_biquad_cascade_df1_q31.o)
 .debug_ranges  0x0000000000000070       0x10 /home/dlugano/Documents/MCUXpresso_11.8.0_1165/workspace/CMSIS_DSPLIB_CM3/lib/libCMSIS_DSPLIB_CM3.a(arm_fir_init_q31.o)
 .debug_ranges  0x0000000000000080       0x10 /home/dlugano/Documents/MCUXpresso_11.8.0_1165/workspace/CMSIS_DSPLIB_CM3/lib/libCMSIS_DSPLIB_CM3.a(arm_fir_q31.o)

.debug_macinfo  0x0000000000000000    0x173a9
 .debug_macinfo
                0x0000000000000000     0x4a55 /home/dlugano/Documents/MCUXpresso_11.8.0_1165/workspace/CMSIS_DSPLIB_CM3/lib/libCMSIS_DSPLIB_CM3.a(arm_float_to_q31.o)
 .debug_macinfo
                0x0000000000004a55     0x4a55 /home/dlugano/Documents/MCUXpresso_11.8.0_1165/workspace/CMSIS_DSPLIB_CM3/lib/libCMSIS_DSPLIB_CM3.a(arm_biquad_cascade_df1_init_q31.o)
 .debug_macinfo
                0x00000000000094aa     0x4a55 /home/dlugano/Documents/MCUXpresso_11.8.0_1165/workspace/CMSIS_DSPLIB_CM3/lib/libCMSIS_DSPLIB_CM3.a(arm_biquad_cascade_df1_q31.o)
 .debug_macinfo
                0x000000000000deff     0x4a55 /home/dlugano/Documents/MCUXpresso_11.8.0_1165/workspace/CMSIS_DSPLIB_CM3/lib/libCMSIS_DSPLIB_CM3.a(arm_fir_init_q31.o)
 .debug_macinfo
                0x0000000000012954     0x4a55 /home/dlugano/Documents/MCUXpresso_11.8.0_1165/workspace/CMSIS_DSPLIB_CM3/lib/libCMSIS_DSPLIB_CM3.a(arm_fir_q31.o)

Cross Reference Table

Symbol                                            File
ADC_IRQHandler                                    ./src/adc.o
BOD_IRQHandler                                    ./src/cr_startup_lpc175x_6x.o
Board_Audio_Init                                  /home/dlugano/Documents/MCUXpresso_11.8.0_1165/workspace/lpc_board_nxp_lpcxpresso_1769/Debug/liblpc_board_nxp_lpcxpresso_1769.a(board.o)
Board_Buttons_Init                                /home/dlugano/Documents/MCUXpresso_11.8.0_1165/workspace/lpc_board_nxp_lpcxpresso_1769/Debug/liblpc_board_nxp_lpcxpresso_1769.a(board.o)
Board_Debug_Init                                  /home/dlugano/Documents/MCUXpresso_11.8.0_1165/workspace/lpc_board_nxp_lpcxpresso_1769/Debug/liblpc_board_nxp_lpcxpresso_1769.a(board.o)
Board_ENET_GetMacADDR                             /home/dlugano/Documents/MCUXpresso_11.8.0_1165/workspace/lpc_board_nxp_lpcxpresso_1769/Debug/liblpc_board_nxp_lpcxpresso_1769.a(board.o)
Board_I2C_Init                                    /home/dlugano/Documents/MCUXpresso_11.8.0_1165/workspace/lpc_board_nxp_lpcxpresso_1769/Debug/liblpc_board_nxp_lpcxpresso_1769.a(board.o)
Board_Init                                        /home/dlugano/Documents/MCUXpresso_11.8.0_1165/workspace/lpc_board_nxp_lpcxpresso_1769/Debug/liblpc_board_nxp_lpcxpresso_1769.a(board.o)
                                                  ./src/ADCMSIS.o
Board_Joystick_Init                               /home/dlugano/Documents/MCUXpresso_11.8.0_1165/workspace/lpc_board_nxp_lpcxpresso_1769/Debug/liblpc_board_nxp_lpcxpresso_1769.a(board.o)
Board_LED_Set                                     /home/dlugano/Documents/MCUXpresso_11.8.0_1165/workspace/lpc_board_nxp_lpcxpresso_1769/Debug/liblpc_board_nxp_lpcxpresso_1769.a(board.o)
                                                  ./src/ADCMSIS.o
Board_LED_Test                                    /home/dlugano/Documents/MCUXpresso_11.8.0_1165/workspace/lpc_board_nxp_lpcxpresso_1769/Debug/liblpc_board_nxp_lpcxpresso_1769.a(board.o)
Board_LED_Toggle                                  /home/dlugano/Documents/MCUXpresso_11.8.0_1165/workspace/lpc_board_nxp_lpcxpresso_1769/Debug/liblpc_board_nxp_lpcxpresso_1769.a(board.o)
Board_SPI_AssertSSEL                              /home/dlugano/Documents/MCUXpresso_11.8.0_1165/workspace/lpc_board_nxp_lpcxpresso_1769/Debug/liblpc_board_nxp_lpcxpresso_1769.a(board.o)
Board_SPI_DeassertSSEL                            /home/dlugano/Documents/MCUXpresso_11.8.0_1165/workspace/lpc_board_nxp_lpcxpresso_1769/Debug/liblpc_board_nxp_lpcxpresso_1769.a(board.o)
Board_SPI_Init                                    /home/dlugano/Documents/MCUXpresso_11.8.0_1165/workspace/lpc_board_nxp_lpcxpresso_1769/Debug/liblpc_board_nxp_lpcxpresso_1769.a(board.o)
Board_SSP_Init                                    /home/dlugano/Documents/MCUXpresso_11.8.0_1165/workspace/lpc_board_nxp_lpcxpresso_1769/Debug/liblpc_board_nxp_lpcxpresso_1769.a(board.o)
Board_SetupClocking                               /home/dlugano/Documents/MCUXpresso_11.8.0_1165/workspace/lpc_board_nxp_lpcxpresso_1769/Debug/liblpc_board_nxp_lpcxpresso_1769.a(board_sysinit.o)
Board_SetupMuxing                                 /home/dlugano/Documents/MCUXpresso_11.8.0_1165/workspace/lpc_board_nxp_lpcxpresso_1769/Debug/liblpc_board_nxp_lpcxpresso_1769.a(board_sysinit.o)
Board_SystemInit                                  /home/dlugano/Documents/MCUXpresso_11.8.0_1165/workspace/lpc_board_nxp_lpcxpresso_1769/Debug/liblpc_board_nxp_lpcxpresso_1769.a(board_sysinit.o)
                                                  ./src/sysinit.o
Board_UARTGetChar                                 /home/dlugano/Documents/MCUXpresso_11.8.0_1165/workspace/lpc_board_nxp_lpcxpresso_1769/Debug/liblpc_board_nxp_lpcxpresso_1769.a(board.o)
Board_UARTPutChar                                 /home/dlugano/Documents/MCUXpresso_11.8.0_1165/workspace/lpc_board_nxp_lpcxpresso_1769/Debug/liblpc_board_nxp_lpcxpresso_1769.a(board.o)
Board_UARTPutSTR                                  /home/dlugano/Documents/MCUXpresso_11.8.0_1165/workspace/lpc_board_nxp_lpcxpresso_1769/Debug/liblpc_board_nxp_lpcxpresso_1769.a(board.o)
Board_UART_Init                                   /home/dlugano/Documents/MCUXpresso_11.8.0_1165/workspace/lpc_board_nxp_lpcxpresso_1769/Debug/liblpc_board_nxp_lpcxpresso_1769.a(board.o)
Board_USBD_Init                                   /home/dlugano/Documents/MCUXpresso_11.8.0_1165/workspace/lpc_board_nxp_lpcxpresso_1769/Debug/liblpc_board_nxp_lpcxpresso_1769.a(board.o)
BusFault_Handler                                  ./src/cr_startup_lpc175x_6x.o
Buttons_GetStatus                                 /home/dlugano/Documents/MCUXpresso_11.8.0_1165/workspace/lpc_board_nxp_lpcxpresso_1769/Debug/liblpc_board_nxp_lpcxpresso_1769.a(board.o)
CANActivity_IRQHandler                            ./src/cr_startup_lpc175x_6x.o
CAN_IRQHandler                                    ./src/cr_startup_lpc175x_6x.o
CRP_WORD                                          ./src/crp.o
Chip_ADC_DeInit                                   /home/dlugano/Documents/MCUXpresso_11.8.0_1165/workspace/lpc_chip_175x_6x/Debug/liblpc_chip_175x_6x.a(adc_17xx_40xx.o)
Chip_ADC_EnableChannel                            /home/dlugano/Documents/MCUXpresso_11.8.0_1165/workspace/lpc_chip_175x_6x/Debug/liblpc_chip_175x_6x.a(adc_17xx_40xx.o)
                                                  ./src/adc.o
Chip_ADC_Init                                     /home/dlugano/Documents/MCUXpresso_11.8.0_1165/workspace/lpc_chip_175x_6x/Debug/liblpc_chip_175x_6x.a(adc_17xx_40xx.o)
                                                  ./src/adc.o
Chip_ADC_Int_SetChannelCmd                        /home/dlugano/Documents/MCUXpresso_11.8.0_1165/workspace/lpc_chip_175x_6x/Debug/liblpc_chip_175x_6x.a(adc_17xx_40xx.o)
                                                  ./src/adc.o
Chip_ADC_ReadByte                                 /home/dlugano/Documents/MCUXpresso_11.8.0_1165/workspace/lpc_chip_175x_6x/Debug/liblpc_chip_175x_6x.a(adc_17xx_40xx.o)
Chip_ADC_ReadStatus                               /home/dlugano/Documents/MCUXpresso_11.8.0_1165/workspace/lpc_chip_175x_6x/Debug/liblpc_chip_175x_6x.a(adc_17xx_40xx.o)
Chip_ADC_ReadValue                                /home/dlugano/Documents/MCUXpresso_11.8.0_1165/workspace/lpc_chip_175x_6x/Debug/liblpc_chip_175x_6x.a(adc_17xx_40xx.o)
                                                  ./src/adc.o
Chip_ADC_SetBurstCmd                              /home/dlugano/Documents/MCUXpresso_11.8.0_1165/workspace/lpc_chip_175x_6x/Debug/liblpc_chip_175x_6x.a(adc_17xx_40xx.o)
                                                  ./src/adc.o
Chip_ADC_SetSampleRate                            /home/dlugano/Documents/MCUXpresso_11.8.0_1165/workspace/lpc_chip_175x_6x/Debug/liblpc_chip_175x_6x.a(adc_17xx_40xx.o)
                                                  ./src/adc.o
Chip_ADC_SetStartMode                             /home/dlugano/Documents/MCUXpresso_11.8.0_1165/workspace/lpc_chip_175x_6x/Debug/liblpc_chip_175x_6x.a(adc_17xx_40xx.o)
Chip_Clock_DisablePLL                             /home/dlugano/Documents/MCUXpresso_11.8.0_1165/workspace/lpc_chip_175x_6x/Debug/liblpc_chip_175x_6x.a(clock_17xx_40xx.o)
                                                  /home/dlugano/Documents/MCUXpresso_11.8.0_1165/workspace/lpc_chip_175x_6x/Debug/liblpc_chip_175x_6x.a(sysinit_17xx_40xx.o)
Chip_Clock_DisablePeriphClock                     /home/dlugano/Documents/MCUXpresso_11.8.0_1165/workspace/lpc_chip_175x_6x/Debug/liblpc_chip_175x_6x.a(clock_17xx_40xx.o)
                                                  /home/dlugano/Documents/MCUXpresso_11.8.0_1165/workspace/lpc_chip_175x_6x/Debug/liblpc_chip_175x_6x.a(uart_17xx_40xx.o)
                                                  /home/dlugano/Documents/MCUXpresso_11.8.0_1165/workspace/lpc_chip_175x_6x/Debug/liblpc_chip_175x_6x.a(i2s_17xx_40xx.o)
                                                  /home/dlugano/Documents/MCUXpresso_11.8.0_1165/workspace/lpc_chip_175x_6x/Debug/liblpc_chip_175x_6x.a(adc_17xx_40xx.o)
Chip_Clock_EnablePLL                              /home/dlugano/Documents/MCUXpresso_11.8.0_1165/workspace/lpc_chip_175x_6x/Debug/liblpc_chip_175x_6x.a(clock_17xx_40xx.o)
                                                  /home/dlugano/Documents/MCUXpresso_11.8.0_1165/workspace/lpc_chip_175x_6x/Debug/liblpc_chip_175x_6x.a(sysinit_17xx_40xx.o)
                                                  /home/dlugano/Documents/MCUXpresso_11.8.0_1165/workspace/lpc_chip_175x_6x/Debug/liblpc_chip_175x_6x.a(chip_17xx_40xx.o)
Chip_Clock_EnablePeriphClock                      /home/dlugano/Documents/MCUXpresso_11.8.0_1165/workspace/lpc_chip_175x_6x/Debug/liblpc_chip_175x_6x.a(clock_17xx_40xx.o)
                                                  /home/dlugano/Documents/MCUXpresso_11.8.0_1165/workspace/lpc_chip_175x_6x/Debug/liblpc_chip_175x_6x.a(uart_17xx_40xx.o)
                                                  /home/dlugano/Documents/MCUXpresso_11.8.0_1165/workspace/lpc_chip_175x_6x/Debug/liblpc_chip_175x_6x.a(i2s_17xx_40xx.o)
                                                  /home/dlugano/Documents/MCUXpresso_11.8.0_1165/workspace/lpc_chip_175x_6x/Debug/liblpc_chip_175x_6x.a(chip_17xx_40xx.o)
                                                  /home/dlugano/Documents/MCUXpresso_11.8.0_1165/workspace/lpc_chip_175x_6x/Debug/liblpc_chip_175x_6x.a(adc_17xx_40xx.o)
                                                  /home/dlugano/Documents/MCUXpresso_11.8.0_1165/workspace/lpc_board_nxp_lpcxpresso_1769/Debug/liblpc_board_nxp_lpcxpresso_1769.a(board.o)
Chip_Clock_GetCPUClockDiv                         /home/dlugano/Documents/MCUXpresso_11.8.0_1165/workspace/lpc_chip_175x_6x/Debug/liblpc_chip_175x_6x.a(clock_17xx_40xx.o)
Chip_Clock_GetCPUClockSource                      /home/dlugano/Documents/MCUXpresso_11.8.0_1165/workspace/lpc_chip_175x_6x/Debug/liblpc_chip_175x_6x.a(clock_17xx_40xx.o)
Chip_Clock_GetMainClockRate                       /home/dlugano/Documents/MCUXpresso_11.8.0_1165/workspace/lpc_chip_175x_6x/Debug/liblpc_chip_175x_6x.a(clock_17xx_40xx.o)
Chip_Clock_GetMainPLLOutClockRate                 /home/dlugano/Documents/MCUXpresso_11.8.0_1165/workspace/lpc_chip_175x_6x/Debug/liblpc_chip_175x_6x.a(clock_17xx_40xx.o)
Chip_Clock_GetPCLKDiv                             /home/dlugano/Documents/MCUXpresso_11.8.0_1165/workspace/lpc_chip_175x_6x/Debug/liblpc_chip_175x_6x.a(clock_17xx_40xx.o)
Chip_Clock_GetPeripheralClockRate                 /home/dlugano/Documents/MCUXpresso_11.8.0_1165/workspace/lpc_chip_175x_6x/Debug/liblpc_chip_175x_6x.a(clock_17xx_40xx.o)
                                                  /home/dlugano/Documents/MCUXpresso_11.8.0_1165/workspace/lpc_chip_175x_6x/Debug/liblpc_chip_175x_6x.a(uart_17xx_40xx.o)
                                                  /home/dlugano/Documents/MCUXpresso_11.8.0_1165/workspace/lpc_chip_175x_6x/Debug/liblpc_chip_175x_6x.a(i2s_17xx_40xx.o)
                                                  /home/dlugano/Documents/MCUXpresso_11.8.0_1165/workspace/lpc_chip_175x_6x/Debug/liblpc_chip_175x_6x.a(adc_17xx_40xx.o)
Chip_Clock_GetSYSCLKRate                          /home/dlugano/Documents/MCUXpresso_11.8.0_1165/workspace/lpc_chip_175x_6x/Debug/liblpc_chip_175x_6x.a(clock_17xx_40xx.o)
Chip_Clock_GetSystemClockRate                     /home/dlugano/Documents/MCUXpresso_11.8.0_1165/workspace/lpc_chip_175x_6x/Debug/liblpc_chip_175x_6x.a(clock_17xx_40xx.o)
                                                  /home/dlugano/Documents/MCUXpresso_11.8.0_1165/workspace/lpc_chip_175x_6x/Debug/liblpc_chip_175x_6x.a(chip_17xx_40xx.o)
Chip_Clock_GetUSBClockDiv                         /home/dlugano/Documents/MCUXpresso_11.8.0_1165/workspace/lpc_chip_175x_6x/Debug/liblpc_chip_175x_6x.a(clock_17xx_40xx.o)
Chip_Clock_GetUSBClockRate                        /home/dlugano/Documents/MCUXpresso_11.8.0_1165/workspace/lpc_chip_175x_6x/Debug/liblpc_chip_175x_6x.a(clock_17xx_40xx.o)
Chip_Clock_GetUSBPLLOutClockRate                  /home/dlugano/Documents/MCUXpresso_11.8.0_1165/workspace/lpc_chip_175x_6x/Debug/liblpc_chip_175x_6x.a(clock_17xx_40xx.o)
Chip_Clock_IsPeripheralClockEnabled               /home/dlugano/Documents/MCUXpresso_11.8.0_1165/workspace/lpc_chip_175x_6x/Debug/liblpc_chip_175x_6x.a(clock_17xx_40xx.o)
Chip_Clock_SetCLKOUTSource                        /home/dlugano/Documents/MCUXpresso_11.8.0_1165/workspace/lpc_chip_175x_6x/Debug/liblpc_chip_175x_6x.a(clock_17xx_40xx.o)
Chip_Clock_SetCPUClockDiv                         /home/dlugano/Documents/MCUXpresso_11.8.0_1165/workspace/lpc_chip_175x_6x/Debug/liblpc_chip_175x_6x.a(clock_17xx_40xx.o)
                                                  /home/dlugano/Documents/MCUXpresso_11.8.0_1165/workspace/lpc_chip_175x_6x/Debug/liblpc_chip_175x_6x.a(sysinit_17xx_40xx.o)
Chip_Clock_SetCPUClockSource                      /home/dlugano/Documents/MCUXpresso_11.8.0_1165/workspace/lpc_chip_175x_6x/Debug/liblpc_chip_175x_6x.a(clock_17xx_40xx.o)
Chip_Clock_SetPCLKDiv                             /home/dlugano/Documents/MCUXpresso_11.8.0_1165/workspace/lpc_chip_175x_6x/Debug/liblpc_chip_175x_6x.a(clock_17xx_40xx.o)
Chip_Clock_SetUSBClockDiv                         /home/dlugano/Documents/MCUXpresso_11.8.0_1165/workspace/lpc_chip_175x_6x/Debug/liblpc_chip_175x_6x.a(clock_17xx_40xx.o)
Chip_Clock_SetupPLL                               /home/dlugano/Documents/MCUXpresso_11.8.0_1165/workspace/lpc_chip_175x_6x/Debug/liblpc_chip_175x_6x.a(clock_17xx_40xx.o)
                                                  /home/dlugano/Documents/MCUXpresso_11.8.0_1165/workspace/lpc_chip_175x_6x/Debug/liblpc_chip_175x_6x.a(sysinit_17xx_40xx.o)
                                                  /home/dlugano/Documents/MCUXpresso_11.8.0_1165/workspace/lpc_chip_175x_6x/Debug/liblpc_chip_175x_6x.a(chip_17xx_40xx.o)
Chip_DAC_DeInit                                   /home/dlugano/Documents/MCUXpresso_11.8.0_1165/workspace/lpc_chip_175x_6x/Debug/liblpc_chip_175x_6x.a(dac_17xx_40xx.o)
Chip_DAC_Init                                     /home/dlugano/Documents/MCUXpresso_11.8.0_1165/workspace/lpc_chip_175x_6x/Debug/liblpc_chip_175x_6x.a(dac_17xx_40xx.o)
                                                  ./src/dac.o
Chip_DAC_SetBias                                  /home/dlugano/Documents/MCUXpresso_11.8.0_1165/workspace/lpc_chip_175x_6x/Debug/liblpc_chip_175x_6x.a(dac_17xx_40xx.o)
Chip_DAC_UpdateValue                              /home/dlugano/Documents/MCUXpresso_11.8.0_1165/workspace/lpc_chip_175x_6x/Debug/liblpc_chip_175x_6x.a(dac_17xx_40xx.o)
                                                  ./src/dac.o
Chip_I2S_DMA_RxCmd                                /home/dlugano/Documents/MCUXpresso_11.8.0_1165/workspace/lpc_chip_175x_6x/Debug/liblpc_chip_175x_6x.a(i2s_17xx_40xx.o)
Chip_I2S_DMA_TxCmd                                /home/dlugano/Documents/MCUXpresso_11.8.0_1165/workspace/lpc_chip_175x_6x/Debug/liblpc_chip_175x_6x.a(i2s_17xx_40xx.o)
Chip_I2S_DeInit                                   /home/dlugano/Documents/MCUXpresso_11.8.0_1165/workspace/lpc_chip_175x_6x/Debug/liblpc_chip_175x_6x.a(i2s_17xx_40xx.o)