../src/board.c:131:6:Board_LED_Set.part.0	0	static
../src/board.c:80:6:Board_UART_Init	0	static
../src/board.c:86:6:Board_Debug_Init	8	static
../src/board.c:101:6:Board_UARTPutChar	0	static
c:\nxp\mcuxpressoide_11.8.0_1165\ide\plugins\com.nxp.mcuxpresso.tools.win32_11.8.0.202306131047\tools\redlib\include\sys\libconfig-arm.h:247:5:__sys_write	16	static
../src/board.c:110:5:Board_UARTGetChar	0	static
c:\nxp\mcuxpressoide_11.8.0_1165\ide\plugins\com.nxp.mcuxpresso.tools.win32_11.8.0.202306131047\tools\redlib\include\sys\libconfig-arm.h:241:5:__sys_readc	8	static
../src/board.c:121:6:Board_UARTPutSTR	8	static
../src/board.c:131:6:Board_LED_Set	0	static
../src/board.c:140:6:Board_LED_Test	0	static
../src/board.c:151:6:Board_LED_Toggle	0	static
../src/board.c:160:6:Board_Init	8	static
../src/board.c:174:6:Board_ENET_GetMacADDR	16	static
../src/board.c:182:6:Board_SSP_Init	16	static
../src/board.c:240:6:Board_SPI_AssertSSEL	0	static
../src/board.c:246:6:Board_SPI_DeassertSSEL	0	static
../src/board.c:215:6:Board_SPI_Init	24	static
../src/board.c:251:6:Board_Audio_Init	16	static
../src/board.c:265:6:Board_I2C_Init	24	static
../src/board.c:290:6:Board_Buttons_Init	0	static
../src/board.c:295:10:Buttons_GetStatus	0	static
../src/board.c:329:6:Board_Joystick_Init	16	static
../src/board.c:341:9:Joystick_GetStatus	16	static
../src/board.c:355:6:Serial_CreateStream	0	static
../src/board.c:358:6:Board_USBD_Init	16	static
